[0.011s] Invoking command in '/home/dong/Documents/LIMO_GAZEBO/ws_limo_humble/src/build/limo_msgs': CMAKE_PREFIX_PATH=/opt/ros/humble /usr/bin/cmake /home/dong/Documents/LIMO_GAZEBO/ws_limo_humble/src/limo_ros2/limo_msgs -DAMENT_CMAKE_SYMLINK_INSTALL=1 -DCMAKE_INSTALL_PREFIX=/home/dong/Documents/LIMO_GAZEBO/ws_limo_humble/src/install/limo_msgs
[0.058s] -- The C compiler identification is GNU 11.4.0
[0.098s] -- The CXX compiler identification is GNU 11.4.0
[0.102s] -- Detecting C compiler ABI info
[0.155s] -- Detecting C compiler ABI info - done
[0.158s] -- Check for working C compiler: /usr/bin/cc - skipped
[0.158s] -- Detecting C compile features
[0.158s] -- Detecting C compile features - done
[0.160s] -- Detecting CXX compiler ABI info
[0.209s] -- Detecting CXX compiler ABI info - done
[0.215s] -- Check for working CXX compiler: /usr/bin/c++ - skipped
[0.215s] -- Detecting CXX compile features
[0.215s] -- Detecting CXX compile features - done
[0.216s] -- Found ament_cmake: 1.3.14 (/opt/ros/humble/share/ament_cmake/cmake)
[0.318s] -- Found Python3: /usr/bin/python3 (found version "3.10.12") found components: Interpreter 
[0.357s] -- Override CMake install command with custom implementation using symlinks instead of copying resources
[0.378s] -- Found std_msgs: 4.9.2 (/opt/ros/humble/share/std_msgs/cmake)
[0.399s] -- Found rosidl_generator_c: 3.1.9 (/opt/ros/humble/share/rosidl_generator_c/cmake)
[0.401s] -- Found rosidl_adapter: 3.1.9 (/opt/ros/humble/share/rosidl_adapter/cmake)
[0.405s] -- Found rosidl_generator_cpp: 3.1.9 (/opt/ros/humble/share/rosidl_generator_cpp/cmake)
[0.413s] -- Using all available rosidl_typesupport_c: rosidl_typesupport_fastrtps_c;rosidl_typesupport_introspection_c
[0.422s] -- Using all available rosidl_typesupport_cpp: rosidl_typesupport_fastrtps_cpp;rosidl_typesupport_introspection_cpp
[0.438s] -- Found rosidl_default_generators: 1.2.1 (/opt/ros/humble/share/rosidl_default_generators/cmake)
[0.616s] -- Found ament_cmake_ros: 0.10.0 (/opt/ros/humble/share/ament_cmake_ros/cmake)
[0.823s] -- Using all available rosidl_typesupport_c: rosidl_typesupport_fastrtps_c;rosidl_typesupport_introspection_c
[0.895s] -- Using all available rosidl_typesupport_cpp: rosidl_typesupport_fastrtps_cpp;rosidl_typesupport_introspection_cpp
[0.910s] -- Found PythonInterp: /usr/bin/python3 (found suitable version "3.10.12", minimum required is "3.6") 
[0.912s] -- Found python_cmake_module: 0.10.0 (/opt/ros/humble/share/python_cmake_module/cmake)
[0.924s] -- Found PythonLibs: /usr/lib/x86_64-linux-gnu/libpython3.10.so (found suitable version "3.10.12", minimum required is "3.5") 
[0.924s] -- Using PYTHON_EXECUTABLE: /usr/bin/python3
[0.924s] -- Using PYTHON_INCLUDE_DIRS: /usr/include/python3.10
[0.924s] -- Using PYTHON_LIBRARIES: /usr/lib/x86_64-linux-gnu/libpython3.10.so
[0.934s] -- Found PythonExtra: .so  
[0.998s] -- Found ament_lint_auto: 0.12.15 (/opt/ros/humble/share/ament_lint_auto/cmake)
[1.009s] -- Added test 'copyright' to check source files copyright and LICENSE
[1.010s] -- Added test 'lint_cmake' to check CMake code style
[1.010s] -- Added test 'xmllint' to check XML markup files
[1.012s] -- Configuring done
[1.027s] -- Generating done
[1.032s] -- Build files have been written to: /home/dong/Documents/LIMO_GAZEBO/ws_limo_humble/src/build/limo_msgs
[1.039s] Invoked command in '/home/dong/Documents/LIMO_GAZEBO/ws_limo_humble/src/build/limo_msgs' returned '0': CMAKE_PREFIX_PATH=/opt/ros/humble /usr/bin/cmake /home/dong/Documents/LIMO_GAZEBO/ws_limo_humble/src/limo_ros2/limo_msgs -DAMENT_CMAKE_SYMLINK_INSTALL=1 -DCMAKE_INSTALL_PREFIX=/home/dong/Documents/LIMO_GAZEBO/ws_limo_humble/src/install/limo_msgs
[1.041s] Invoking command in '/home/dong/Documents/LIMO_GAZEBO/ws_limo_humble/src/build/limo_msgs': CMAKE_PREFIX_PATH=/opt/ros/humble /usr/bin/cmake --build /home/dong/Documents/LIMO_GAZEBO/ws_limo_humble/src/build/limo_msgs -- -j24 -l24
[1.070s] [  3%] [34m[1mGenerating C code for ROS interfaces[0m
[1.076s] [  6%] [34m[1mGenerating C++ code for ROS interfaces[0m
[1.079s] [  9%] [34m[1mGenerating Rust code for ROS interfaces[0m
[1.085s] [  9%] Built target ament_cmake_python_symlink_limo_msgs
[1.202s] running egg_info
[1.204s] creating limo_msgs.egg-info
[1.204s] writing limo_msgs.egg-info/PKG-INFO
[1.204s] writing dependency_links to limo_msgs.egg-info/dependency_links.txt
[1.204s] writing top-level names to limo_msgs.egg-info/top_level.txt
[1.204s] writing manifest file 'limo_msgs.egg-info/SOURCES.txt'
[1.204s] reading manifest file 'limo_msgs.egg-info/SOURCES.txt'
[1.204s] writing manifest file 'limo_msgs.egg-info/SOURCES.txt'
[1.207s] [  9%] Built target limo_msgs__cpp
[1.207s] [  9%] Built target limo_msgs__rs
[1.213s] [ 12%] [32mBuilding C object CMakeFiles/limo_msgs__rosidl_generator_c.dir/rosidl_generator_c/limo_msgs/msg/detail/limo_status__functions.c.o[0m
[1.214s] [ 15%] [34m[1mGenerating C++ introspection for ROS interfaces[0m
[1.214s] [ 18%] [34m[1mGenerating C++ type support for eProsima Fast-RTPS[0m
[1.221s] [ 21%] [34m[1mGenerating C++ type support dispatch for ROS interfaces[0m
[1.221s] [ 21%] Built target ament_cmake_python_build_limo_msgs_egg
[1.242s] [ 25%] [32m[1mLinking C shared library liblimo_msgs__rosidl_generator_c.so[0m
[1.266s] [ 25%] Built target limo_msgs__rosidl_generator_c
[1.272s] [ 28%] [34m[1mGenerating C type support dispatch for ROS interfaces[0m
[1.273s] [ 31%] [34m[1mGenerating C type support for eProsima Fast-RTPS[0m
[1.273s] [ 34%] [34m[1mGenerating C introspection for ROS interfaces[0m
[1.336s] [ 37%] [32mBuilding CXX object CMakeFiles/limo_msgs__rosidl_typesupport_cpp.dir/rosidl_typesupport_cpp/limo_msgs/msg/limo_status__type_support.cpp.o[0m
[1.361s] [ 40%] [32mBuilding CXX object CMakeFiles/limo_msgs__rosidl_typesupport_introspection_cpp.dir/rosidl_typesupport_introspection_cpp/limo_msgs/msg/detail/limo_status__type_support.cpp.o[0m
[1.362s] [ 43%] [32mBuilding CXX object CMakeFiles/limo_msgs__rosidl_typesupport_fastrtps_cpp.dir/rosidl_typesupport_fastrtps_cpp/limo_msgs/msg/detail/dds_fastrtps/limo_status__type_support.cpp.o[0m
[1.406s] [ 46%] [32mBuilding CXX object CMakeFiles/limo_msgs__rosidl_typesupport_c.dir/rosidl_typesupport_c/limo_msgs/msg/limo_status__type_support.cpp.o[0m
[1.426s] [ 50%] [32mBuilding CXX object CMakeFiles/limo_msgs__rosidl_typesupport_fastrtps_c.dir/rosidl_typesupport_fastrtps_c/limo_msgs/msg/detail/limo_status__type_support_c.cpp.o[0m
[1.430s] [ 53%] [32m[1mLinking CXX shared library liblimo_msgs__rosidl_typesupport_c.so[0m
[1.431s] [ 56%] [32mBuilding C object CMakeFiles/limo_msgs__rosidl_typesupport_introspection_c.dir/rosidl_typesupport_introspection_c/limo_msgs/msg/detail/limo_status__type_support.c.o[0m
[1.458s] [ 59%] [32m[1mLinking C shared library liblimo_msgs__rosidl_typesupport_introspection_c.so[0m
[1.464s] [ 59%] Built target limo_msgs__rosidl_typesupport_c
[1.480s] [ 59%] Built target limo_msgs__rosidl_typesupport_introspection_c
[1.484s] [ 62%] [32m[1mLinking CXX shared library liblimo_msgs__rosidl_typesupport_cpp.so[0m
[1.519s] [ 62%] Built target limo_msgs__rosidl_typesupport_cpp
[1.564s] [ 65%] [32m[1mLinking CXX shared library liblimo_msgs__rosidl_typesupport_fastrtps_cpp.so[0m
[1.564s] [ 68%] [32m[1mLinking CXX shared library liblimo_msgs__rosidl_typesupport_introspection_cpp.so[0m
[1.602s] [ 71%] [32m[1mLinking CXX shared library liblimo_msgs__rosidl_typesupport_fastrtps_c.so[0m
[1.616s] [ 71%] Built target limo_msgs__rosidl_typesupport_introspection_cpp
[1.622s] [ 71%] Built target limo_msgs__rosidl_typesupport_fastrtps_cpp
[1.654s] [ 71%] Built target limo_msgs__rosidl_typesupport_fastrtps_c
[1.669s] [ 71%] Built target limo_msgs
[1.682s] [ 75%] [34m[1mGenerating Python code for ROS interfaces[0m
[1.818s] [ 75%] Built target limo_msgs__py
[1.835s] [ 78%] [32mBuilding C object CMakeFiles/limo_msgs__rosidl_generator_py.dir/rosidl_generator_py/limo_msgs/msg/_limo_status_s.c.o[0m
[1.895s] [ 81%] [32m[1mLinking C shared library rosidl_generator_py/limo_msgs/liblimo_msgs__rosidl_generator_py.so[0m
[1.922s] [ 81%] Built target limo_msgs__rosidl_generator_py
[1.939s] [ 84%] [32mBuilding C object CMakeFiles/limo_msgs__rosidl_typesupport_introspection_c__pyext.dir/rosidl_generator_py/limo_msgs/_limo_msgs_s.ep.rosidl_typesupport_introspection_c.c.o[0m
[1.939s] [ 87%] [32mBuilding C object CMakeFiles/limo_msgs__rosidl_typesupport_c__pyext.dir/rosidl_generator_py/limo_msgs/_limo_msgs_s.ep.rosidl_typesupport_c.c.o[0m
[1.939s] [ 90%] [32mBuilding C object CMakeFiles/limo_msgs__rosidl_typesupport_fastrtps_c__pyext.dir/rosidl_generator_py/limo_msgs/_limo_msgs_s.ep.rosidl_typesupport_fastrtps_c.c.o[0m
[1.996s] [ 93%] [32m[1mLinking C shared library rosidl_generator_py/limo_msgs/limo_msgs_s__rosidl_typesupport_fastrtps_c.cpython-310-x86_64-linux-gnu.so[0m
[1.997s] [ 96%] [32m[1mLinking C shared library rosidl_generator_py/limo_msgs/limo_msgs_s__rosidl_typesupport_introspection_c.cpython-310-x86_64-linux-gnu.so[0m
[2.000s] [100%] [32m[1mLinking C shared library rosidl_generator_py/limo_msgs/limo_msgs_s__rosidl_typesupport_c.cpython-310-x86_64-linux-gnu.so[0m
[2.021s] [100%] Built target limo_msgs__rosidl_typesupport_fastrtps_c__pyext
[2.025s] [100%] Built target limo_msgs__rosidl_typesupport_introspection_c__pyext
[2.025s] [100%] Built target limo_msgs__rosidl_typesupport_c__pyext
[2.034s] Invoked command in '/home/dong/Documents/LIMO_GAZEBO/ws_limo_humble/src/build/limo_msgs' returned '0': CMAKE_PREFIX_PATH=/opt/ros/humble /usr/bin/cmake --build /home/dong/Documents/LIMO_GAZEBO/ws_limo_humble/src/build/limo_msgs -- -j24 -l24
[2.035s] Invoking command in '/home/dong/Documents/LIMO_GAZEBO/ws_limo_humble/src/build/limo_msgs': CMAKE_PREFIX_PATH=/opt/ros/humble /usr/bin/cmake --install /home/dong/Documents/LIMO_GAZEBO/ws_limo_humble/src/build/limo_msgs
[2.039s] -- Install configuration: ""
[2.039s] -- Execute custom install script
[2.039s] -- Symlinking: /home/dong/Documents/LIMO_GAZEBO/ws_limo_humble/src/install/limo_msgs/share/ament_index/resource_index/rosidl_interfaces/limo_msgs
[2.044s] -- Symlinking: /home/dong/Documents/LIMO_GAZEBO/ws_limo_humble/src/install/limo_msgs/include/limo_msgs/limo_msgs/msg/detail/limo_status__functions.h
[2.048s] -- Symlinking: /home/dong/Documents/LIMO_GAZEBO/ws_limo_humble/src/install/limo_msgs/include/limo_msgs/limo_msgs/msg/detail/limo_status__struct.h
[2.055s] -- Symlinking: /home/dong/Documents/LIMO_GAZEBO/ws_limo_humble/src/install/limo_msgs/include/limo_msgs/limo_msgs/msg/detail/limo_status__type_support.h
[2.059s] -- Symlinking: /home/dong/Documents/LIMO_GAZEBO/ws_limo_humble/src/install/limo_msgs/include/limo_msgs/limo_msgs/msg/limo_status.h
[2.065s] -- Symlinking: /home/dong/Documents/LIMO_GAZEBO/ws_limo_humble/src/install/limo_msgs/include/limo_msgs/limo_msgs/msg/rosidl_generator_c__visibility_control.h
[2.072s] -- Symlinking: /home/dong/Documents/LIMO_GAZEBO/ws_limo_humble/src/install/limo_msgs/share/limo_msgs/environment/library_path.sh
[2.076s] -- Symlinking: /home/dong/Documents/LIMO_GAZEBO/ws_limo_humble/src/install/limo_msgs/share/limo_msgs/environment/library_path.dsv
[2.080s] -- Symlinking: /home/dong/Documents/LIMO_GAZEBO/ws_limo_humble/src/install/limo_msgs/include/limo_msgs/limo_msgs/msg/detail/limo_status__rosidl_typesupport_fastrtps_c.h
[2.087s] -- Symlinking: /home/dong/Documents/LIMO_GAZEBO/ws_limo_humble/src/install/limo_msgs/include/limo_msgs/limo_msgs/msg/rosidl_typesupport_fastrtps_c__visibility_control.h
[2.091s] -- Symlinking: /home/dong/Documents/LIMO_GAZEBO/ws_limo_humble/src/install/limo_msgs/include/limo_msgs/limo_msgs/msg/detail/limo_status__builder.hpp
[2.096s] -- Symlinking: /home/dong/Documents/LIMO_GAZEBO/ws_limo_humble/src/install/limo_msgs/include/limo_msgs/limo_msgs/msg/detail/limo_status__struct.hpp
[2.101s] -- Symlinking: /home/dong/Documents/LIMO_GAZEBO/ws_limo_humble/src/install/limo_msgs/include/limo_msgs/limo_msgs/msg/detail/limo_status__traits.hpp
[2.105s] -- Symlinking: /home/dong/Documents/LIMO_GAZEBO/ws_limo_humble/src/install/limo_msgs/include/limo_msgs/limo_msgs/msg/detail/limo_status__type_support.hpp
[2.110s] -- Symlinking: /home/dong/Documents/LIMO_GAZEBO/ws_limo_humble/src/install/limo_msgs/include/limo_msgs/limo_msgs/msg/limo_status.hpp
[2.115s] -- Symlinking: /home/dong/Documents/LIMO_GAZEBO/ws_limo_humble/src/install/limo_msgs/include/limo_msgs/limo_msgs/msg/rosidl_generator_cpp__visibility_control.hpp
[2.119s] -- Symlinking: /home/dong/Documents/LIMO_GAZEBO/ws_limo_humble/src/install/limo_msgs/include/limo_msgs/limo_msgs/msg/detail/limo_status__rosidl_typesupport_fastrtps_cpp.hpp
[2.125s] -- Symlinking: /home/dong/Documents/LIMO_GAZEBO/ws_limo_humble/src/install/limo_msgs/include/limo_msgs/limo_msgs/msg/rosidl_typesupport_fastrtps_cpp__visibility_control.h
[2.131s] -- Symlinking: /home/dong/Documents/LIMO_GAZEBO/ws_limo_humble/src/install/limo_msgs/include/limo_msgs/limo_msgs/msg/detail/limo_status__rosidl_typesupport_introspection_c.h
[2.135s] -- Symlinking: /home/dong/Documents/LIMO_GAZEBO/ws_limo_humble/src/install/limo_msgs/include/limo_msgs/limo_msgs/msg/rosidl_typesupport_introspection_c__visibility_control.h
[2.140s] -- Symlinking: /home/dong/Documents/LIMO_GAZEBO/ws_limo_humble/src/install/limo_msgs/include/limo_msgs/limo_msgs/msg/detail/limo_status__rosidl_typesupport_introspection_cpp.hpp
[2.145s] -- Symlinking: /home/dong/Documents/LIMO_GAZEBO/ws_limo_humble/src/install/limo_msgs/share/limo_msgs/environment/pythonpath.sh
[2.150s] -- Symlinking: /home/dong/Documents/LIMO_GAZEBO/ws_limo_humble/src/install/limo_msgs/share/limo_msgs/environment/pythonpath.dsv
[2.154s] -- Symlinking: /home/dong/Documents/LIMO_GAZEBO/ws_limo_humble/src/install/limo_msgs/local/lib/python3.10/dist-packages/limo_msgs-0.0.0-py3.10.egg-info/PKG-INFO
[2.159s] -- Symlinking: /home/dong/Documents/LIMO_GAZEBO/ws_limo_humble/src/install/limo_msgs/local/lib/python3.10/dist-packages/limo_msgs-0.0.0-py3.10.egg-info/SOURCES.txt
[2.163s] -- Symlinking: /home/dong/Documents/LIMO_GAZEBO/ws_limo_humble/src/install/limo_msgs/local/lib/python3.10/dist-packages/limo_msgs-0.0.0-py3.10.egg-info/dependency_links.txt
[2.168s] -- Symlinking: /home/dong/Documents/LIMO_GAZEBO/ws_limo_humble/src/install/limo_msgs/local/lib/python3.10/dist-packages/limo_msgs-0.0.0-py3.10.egg-info/top_level.txt
[2.171s] -- Symlinking: /home/dong/Documents/LIMO_GAZEBO/ws_limo_humble/src/install/limo_msgs/local/lib/python3.10/dist-packages/limo_msgs/__init__.py
[2.176s] -- Symlinking: /home/dong/Documents/LIMO_GAZEBO/ws_limo_humble/src/install/limo_msgs/local/lib/python3.10/dist-packages/limo_msgs/_limo_msgs_s.ep.rosidl_typesupport_c.c
[2.180s] -- Symlinking: /home/dong/Documents/LIMO_GAZEBO/ws_limo_humble/src/install/limo_msgs/local/lib/python3.10/dist-packages/limo_msgs/_limo_msgs_s.ep.rosidl_typesupport_fastrtps_c.c
[2.184s] -- Symlinking: /home/dong/Documents/LIMO_GAZEBO/ws_limo_humble/src/install/limo_msgs/local/lib/python3.10/dist-packages/limo_msgs/_limo_msgs_s.ep.rosidl_typesupport_introspection_c.c
[2.187s] -- Symlinking: /home/dong/Documents/LIMO_GAZEBO/ws_limo_humble/src/install/limo_msgs/local/lib/python3.10/dist-packages/limo_msgs/liblimo_msgs__rosidl_generator_py.so
[2.191s] -- Symlinking: /home/dong/Documents/LIMO_GAZEBO/ws_limo_humble/src/install/limo_msgs/local/lib/python3.10/dist-packages/limo_msgs/limo_msgs_s__rosidl_typesupport_c.cpython-310-x86_64-linux-gnu.so
[2.195s] -- Symlinking: /home/dong/Documents/LIMO_GAZEBO/ws_limo_humble/src/install/limo_msgs/local/lib/python3.10/dist-packages/limo_msgs/limo_msgs_s__rosidl_typesupport_fastrtps_c.cpython-310-x86_64-linux-gnu.so
[2.202s] -- Symlinking: /home/dong/Documents/LIMO_GAZEBO/ws_limo_humble/src/install/limo_msgs/local/lib/python3.10/dist-packages/limo_msgs/limo_msgs_s__rosidl_typesupport_introspection_c.cpython-310-x86_64-linux-gnu.so
[2.210s] -- Symlinking: /home/dong/Documents/LIMO_GAZEBO/ws_limo_humble/src/install/limo_msgs/local/lib/python3.10/dist-packages/limo_msgs/msg/__init__.py
[2.214s] -- Symlinking: /home/dong/Documents/LIMO_GAZEBO/ws_limo_humble/src/install/limo_msgs/local/lib/python3.10/dist-packages/limo_msgs/msg/_limo_status.py
[2.218s] -- Symlinking: /home/dong/Documents/LIMO_GAZEBO/ws_limo_humble/src/install/limo_msgs/local/lib/python3.10/dist-packages/limo_msgs/msg/_limo_status_s.c
[2.223s] -- Up-to-date symlink: /home/dong/Documents/LIMO_GAZEBO/ws_limo_humble/src/install/limo_msgs/local/lib/python3.10/dist-packages/limo_msgs/limo_msgs_s__rosidl_typesupport_fastrtps_c.cpython-310-x86_64-linux-gnu.so
[2.223s] -- Up-to-date symlink: /home/dong/Documents/LIMO_GAZEBO/ws_limo_humble/src/install/limo_msgs/local/lib/python3.10/dist-packages/limo_msgs/limo_msgs_s__rosidl_typesupport_introspection_c.cpython-310-x86_64-linux-gnu.so
[2.223s] -- Up-to-date symlink: /home/dong/Documents/LIMO_GAZEBO/ws_limo_humble/src/install/limo_msgs/local/lib/python3.10/dist-packages/limo_msgs/limo_msgs_s__rosidl_typesupport_c.cpython-310-x86_64-linux-gnu.so
[2.223s] -- Symlinking: /home/dong/Documents/LIMO_GAZEBO/ws_limo_humble/src/install/limo_msgs/share/ament_index/resource_index/rust_packages/limo_msgs
[2.227s] -- Symlinking: /home/dong/Documents/LIMO_GAZEBO/ws_limo_humble/src/install/limo_msgs/share/limo_msgs/rust/Cargo.toml
[2.232s] -- Symlinking: /home/dong/Documents/LIMO_GAZEBO/ws_limo_humble/src/install/limo_msgs/share/limo_msgs/rust/build.rs
[2.237s] -- Symlinking: /home/dong/Documents/LIMO_GAZEBO/ws_limo_humble/src/install/limo_msgs/share/limo_msgs/rust/src/lib.rs
[2.241s] -- Symlinking: /home/dong/Documents/LIMO_GAZEBO/ws_limo_humble/src/install/limo_msgs/share/limo_msgs/rust/src/msg.rs
[2.245s] -- Symlinking: /home/dong/Documents/LIMO_GAZEBO/ws_limo_humble/src/install/limo_msgs/share/limo_msgs/rust/src/msg/rmw.rs
[2.250s] -- Symlinking: /home/dong/Documents/LIMO_GAZEBO/ws_limo_humble/src/install/limo_msgs/share/limo_msgs/msg/LimoStatus.idl
[2.257s] -- Symlinking: /home/dong/Documents/LIMO_GAZEBO/ws_limo_humble/src/install/limo_msgs/share/limo_msgs/msg/LimoStatus.msg
[2.261s] -- Symlinking: /home/dong/Documents/LIMO_GAZEBO/ws_limo_humble/src/install/limo_msgs/share/ament_index/resource_index/package_run_dependencies/limo_msgs
[2.266s] -- Symlinking: /home/dong/Documents/LIMO_GAZEBO/ws_limo_humble/src/install/limo_msgs/share/ament_index/resource_index/parent_prefix_path/limo_msgs
[2.271s] -- Symlinking: /home/dong/Documents/LIMO_GAZEBO/ws_limo_humble/src/install/limo_msgs/share/limo_msgs/environment/ament_prefix_path.sh
[2.275s] -- Symlinking: /home/dong/Documents/LIMO_GAZEBO/ws_limo_humble/src/install/limo_msgs/share/limo_msgs/environment/ament_prefix_path.dsv
[2.279s] -- Symlinking: /home/dong/Documents/LIMO_GAZEBO/ws_limo_humble/src/install/limo_msgs/share/limo_msgs/environment/path.sh
[2.283s] -- Symlinking: /home/dong/Documents/LIMO_GAZEBO/ws_limo_humble/src/install/limo_msgs/share/limo_msgs/environment/path.dsv
[2.287s] -- Symlinking: /home/dong/Documents/LIMO_GAZEBO/ws_limo_humble/src/install/limo_msgs/share/limo_msgs/local_setup.bash
[2.291s] -- Symlinking: /home/dong/Documents/LIMO_GAZEBO/ws_limo_humble/src/install/limo_msgs/share/limo_msgs/local_setup.sh
[2.295s] -- Symlinking: /home/dong/Documents/LIMO_GAZEBO/ws_limo_humble/src/install/limo_msgs/share/limo_msgs/local_setup.zsh
[2.299s] -- Symlinking: /home/dong/Documents/LIMO_GAZEBO/ws_limo_humble/src/install/limo_msgs/share/limo_msgs/local_setup.dsv
[2.305s] -- Symlinking: /home/dong/Documents/LIMO_GAZEBO/ws_limo_humble/src/install/limo_msgs/share/limo_msgs/package.dsv
[2.311s] -- Symlinking: /home/dong/Documents/LIMO_GAZEBO/ws_limo_humble/src/install/limo_msgs/share/ament_index/resource_index/packages/limo_msgs
[2.316s] -- Symlinking: /home/dong/Documents/LIMO_GAZEBO/ws_limo_humble/src/install/limo_msgs/share/limo_msgs/cmake/rosidl_cmake-extras.cmake
[2.321s] -- Symlinking: /home/dong/Documents/LIMO_GAZEBO/ws_limo_humble/src/install/limo_msgs/share/limo_msgs/cmake/ament_cmake_export_dependencies-extras.cmake
[2.326s] -- Symlinking: /home/dong/Documents/LIMO_GAZEBO/ws_limo_humble/src/install/limo_msgs/share/limo_msgs/cmake/ament_cmake_export_include_directories-extras.cmake
[2.330s] -- Symlinking: /home/dong/Documents/LIMO_GAZEBO/ws_limo_humble/src/install/limo_msgs/share/limo_msgs/cmake/ament_cmake_export_libraries-extras.cmake
[2.335s] -- Symlinking: /home/dong/Documents/LIMO_GAZEBO/ws_limo_humble/src/install/limo_msgs/share/limo_msgs/cmake/ament_cmake_export_targets-extras.cmake
[2.339s] -- Symlinking: /home/dong/Documents/LIMO_GAZEBO/ws_limo_humble/src/install/limo_msgs/share/limo_msgs/cmake/rosidl_cmake_export_typesupport_targets-extras.cmake
[2.344s] -- Symlinking: /home/dong/Documents/LIMO_GAZEBO/ws_limo_humble/src/install/limo_msgs/share/limo_msgs/cmake/rosidl_cmake_export_typesupport_libraries-extras.cmake
[2.349s] -- Symlinking: /home/dong/Documents/LIMO_GAZEBO/ws_limo_humble/src/install/limo_msgs/share/limo_msgs/cmake/rosidl_cmake_aggregate_target-extras.cmake
[2.353s] -- Symlinking: /home/dong/Documents/LIMO_GAZEBO/ws_limo_humble/src/install/limo_msgs/share/limo_msgs/cmake/limo_msgsConfig.cmake
[2.357s] -- Symlinking: /home/dong/Documents/LIMO_GAZEBO/ws_limo_humble/src/install/limo_msgs/share/limo_msgs/cmake/limo_msgsConfig-version.cmake
[2.361s] -- Symlinking: /home/dong/Documents/LIMO_GAZEBO/ws_limo_humble/src/install/limo_msgs/share/limo_msgs/package.xml
[2.366s] -- Installing: /home/dong/Documents/LIMO_GAZEBO/ws_limo_humble/src/install/limo_msgs/lib/liblimo_msgs__rosidl_generator_c.so
[2.366s] -- Set runtime path of "/home/dong/Documents/LIMO_GAZEBO/ws_limo_humble/src/install/limo_msgs/lib/liblimo_msgs__rosidl_generator_c.so" to ""
[2.366s] -- Installing: /home/dong/Documents/LIMO_GAZEBO/ws_limo_humble/src/install/limo_msgs/lib/liblimo_msgs__rosidl_typesupport_fastrtps_c.so
[2.366s] -- Set runtime path of "/home/dong/Documents/LIMO_GAZEBO/ws_limo_humble/src/install/limo_msgs/lib/liblimo_msgs__rosidl_typesupport_fastrtps_c.so" to ""
[2.366s] -- Installing: /home/dong/Documents/LIMO_GAZEBO/ws_limo_humble/src/install/limo_msgs/lib/liblimo_msgs__rosidl_typesupport_fastrtps_cpp.so
[2.366s] -- Set runtime path of "/home/dong/Documents/LIMO_GAZEBO/ws_limo_humble/src/install/limo_msgs/lib/liblimo_msgs__rosidl_typesupport_fastrtps_cpp.so" to ""
[2.366s] -- Installing: /home/dong/Documents/LIMO_GAZEBO/ws_limo_humble/src/install/limo_msgs/lib/liblimo_msgs__rosidl_typesupport_introspection_c.so
[2.366s] -- Set runtime path of "/home/dong/Documents/LIMO_GAZEBO/ws_limo_humble/src/install/limo_msgs/lib/liblimo_msgs__rosidl_typesupport_introspection_c.so" to ""
[2.366s] -- Installing: /home/dong/Documents/LIMO_GAZEBO/ws_limo_humble/src/install/limo_msgs/lib/liblimo_msgs__rosidl_typesupport_c.so
[2.366s] -- Set runtime path of "/home/dong/Documents/LIMO_GAZEBO/ws_limo_humble/src/install/limo_msgs/lib/liblimo_msgs__rosidl_typesupport_c.so" to ""
[2.366s] -- Installing: /home/dong/Documents/LIMO_GAZEBO/ws_limo_humble/src/install/limo_msgs/lib/liblimo_msgs__rosidl_typesupport_introspection_cpp.so
[2.367s] -- Set runtime path of "/home/dong/Documents/LIMO_GAZEBO/ws_limo_humble/src/install/limo_msgs/lib/liblimo_msgs__rosidl_typesupport_introspection_cpp.so" to ""
[2.367s] -- Installing: /home/dong/Documents/LIMO_GAZEBO/ws_limo_humble/src/install/limo_msgs/lib/liblimo_msgs__rosidl_typesupport_cpp.so
[2.367s] -- Set runtime path of "/home/dong/Documents/LIMO_GAZEBO/ws_limo_humble/src/install/limo_msgs/lib/liblimo_msgs__rosidl_typesupport_cpp.so" to ""
[2.387s] Listing '/home/dong/Documents/LIMO_GAZEBO/ws_limo_humble/src/install/limo_msgs/local/lib/python3.10/dist-packages/limo_msgs'...
[2.387s] Compiling '/home/dong/Documents/LIMO_GAZEBO/ws_limo_humble/src/install/limo_msgs/local/lib/python3.10/dist-packages/limo_msgs/__init__.py'...
[2.387s] Listing '/home/dong/Documents/LIMO_GAZEBO/ws_limo_humble/src/install/limo_msgs/local/lib/python3.10/dist-packages/limo_msgs/msg'...
[2.387s] Compiling '/home/dong/Documents/LIMO_GAZEBO/ws_limo_humble/src/install/limo_msgs/local/lib/python3.10/dist-packages/limo_msgs/msg/__init__.py'...
[2.387s] Compiling '/home/dong/Documents/LIMO_GAZEBO/ws_limo_humble/src/install/limo_msgs/local/lib/python3.10/dist-packages/limo_msgs/msg/_limo_status.py'...
[2.388s] -- Installing: /home/dong/Documents/LIMO_GAZEBO/ws_limo_humble/src/install/limo_msgs/lib/liblimo_msgs__rosidl_generator_py.so
[2.388s] -- Set runtime path of "/home/dong/Documents/LIMO_GAZEBO/ws_limo_humble/src/install/limo_msgs/lib/liblimo_msgs__rosidl_generator_py.so" to ""
[2.388s] -- Installing: /home/dong/Documents/LIMO_GAZEBO/ws_limo_humble/src/install/limo_msgs/share/limo_msgs/cmake/export_limo_msgs__rosidl_generator_cExport.cmake
[2.389s] -- Installing: /home/dong/Documents/LIMO_GAZEBO/ws_limo_humble/src/install/limo_msgs/share/limo_msgs/cmake/export_limo_msgs__rosidl_generator_cExport-noconfig.cmake
[2.389s] -- Installing: /home/dong/Documents/LIMO_GAZEBO/ws_limo_humble/src/install/limo_msgs/share/limo_msgs/cmake/export_limo_msgs__rosidl_typesupport_fastrtps_cExport.cmake
[2.389s] -- Installing: /home/dong/Documents/LIMO_GAZEBO/ws_limo_humble/src/install/limo_msgs/share/limo_msgs/cmake/export_limo_msgs__rosidl_typesupport_fastrtps_cExport-noconfig.cmake
[2.389s] -- Installing: /home/dong/Documents/LIMO_GAZEBO/ws_limo_humble/src/install/limo_msgs/share/limo_msgs/cmake/export_limo_msgs__rosidl_generator_cppExport.cmake
[2.389s] -- Installing: /home/dong/Documents/LIMO_GAZEBO/ws_limo_humble/src/install/limo_msgs/share/limo_msgs/cmake/export_limo_msgs__rosidl_typesupport_fastrtps_cppExport.cmake
[2.389s] -- Installing: /home/dong/Documents/LIMO_GAZEBO/ws_limo_humble/src/install/limo_msgs/share/limo_msgs/cmake/export_limo_msgs__rosidl_typesupport_fastrtps_cppExport-noconfig.cmake
[2.389s] -- Installing: /home/dong/Documents/LIMO_GAZEBO/ws_limo_humble/src/install/limo_msgs/share/limo_msgs/cmake/limo_msgs__rosidl_typesupport_introspection_cExport.cmake
[2.389s] -- Installing: /home/dong/Documents/LIMO_GAZEBO/ws_limo_humble/src/install/limo_msgs/share/limo_msgs/cmake/limo_msgs__rosidl_typesupport_introspection_cExport-noconfig.cmake
[2.389s] -- Installing: /home/dong/Documents/LIMO_GAZEBO/ws_limo_humble/src/install/limo_msgs/share/limo_msgs/cmake/limo_msgs__rosidl_typesupport_cExport.cmake
[2.389s] -- Installing: /home/dong/Documents/LIMO_GAZEBO/ws_limo_humble/src/install/limo_msgs/share/limo_msgs/cmake/limo_msgs__rosidl_typesupport_cExport-noconfig.cmake
[2.389s] -- Installing: /home/dong/Documents/LIMO_GAZEBO/ws_limo_humble/src/install/limo_msgs/share/limo_msgs/cmake/limo_msgs__rosidl_typesupport_introspection_cppExport.cmake
[2.389s] -- Installing: /home/dong/Documents/LIMO_GAZEBO/ws_limo_humble/src/install/limo_msgs/share/limo_msgs/cmake/limo_msgs__rosidl_typesupport_introspection_cppExport-noconfig.cmake
[2.389s] -- Installing: /home/dong/Documents/LIMO_GAZEBO/ws_limo_humble/src/install/limo_msgs/share/limo_msgs/cmake/limo_msgs__rosidl_typesupport_cppExport.cmake
[2.389s] -- Installing: /home/dong/Documents/LIMO_GAZEBO/ws_limo_humble/src/install/limo_msgs/share/limo_msgs/cmake/limo_msgs__rosidl_typesupport_cppExport-noconfig.cmake
[2.389s] -- Installing: /home/dong/Documents/LIMO_GAZEBO/ws_limo_humble/src/install/limo_msgs/share/limo_msgs/cmake/export_limo_msgs__rosidl_generator_pyExport.cmake
[2.389s] -- Installing: /home/dong/Documents/LIMO_GAZEBO/ws_limo_humble/src/install/limo_msgs/share/limo_msgs/cmake/export_limo_msgs__rosidl_generator_pyExport-noconfig.cmake
[2.391s] Invoked command in '/home/dong/Documents/LIMO_GAZEBO/ws_limo_humble/src/build/limo_msgs' returned '0': CMAKE_PREFIX_PATH=/opt/ros/humble /usr/bin/cmake --install /home/dong/Documents/LIMO_GAZEBO/ws_limo_humble/src/build/limo_msgs
