[0.008s] Invoking command in '/home/dong/Documents/LIMO_GAZEBO/ws_limo_humble/build/limo_msgs': CMAKE_PREFIX_PATH=/opt/ros/humble /usr/bin/cmake /home/dong/Documents/LIMO_GAZEBO/ws_limo_humble/src/limo_ros2/limo_msgs -DAMENT_CMAKE_SYMLINK_INSTALL=1 -DCMAKE_INSTALL_PREFIX=/home/dong/Documents/LIMO_GAZEBO/ws_limo_humble/install/limo_msgs
[0.046s] -- The C compiler identification is GNU 11.4.0
[0.081s] -- The CXX compiler identification is GNU 11.4.0
[0.085s] -- Detecting C compiler ABI info
[0.134s] -- Detecting C compiler ABI info - done
[0.138s] -- Check for working C compiler: /usr/bin/cc - skipped
[0.139s] -- Detecting C compile features
[0.139s] -- Detecting C compile features - done
[0.142s] -- Detecting CXX compiler ABI info
[0.197s] -- Detecting CXX compiler ABI info - done
[0.200s] -- Check for working CXX compiler: /usr/bin/c++ - skipped
[0.201s] -- Detecting CXX compile features
[0.201s] -- Detecting CXX compile features - done
[0.203s] -- Found ament_cmake: 1.3.14 (/opt/ros/humble/share/ament_cmake/cmake)
[0.302s] -- Found Python3: /usr/bin/python3 (found version "3.10.12") found components: Interpreter 
[0.340s] -- Override CMake install command with custom implementation using symlinks instead of copying resources
[0.357s] -- Found std_msgs: 4.9.2 (/opt/ros/humble/share/std_msgs/cmake)
[0.377s] -- Found rosidl_generator_c: 3.1.9 (/opt/ros/humble/share/rosidl_generator_c/cmake)
[0.380s] -- Found rosidl_adapter: 3.1.9 (/opt/ros/humble/share/rosidl_adapter/cmake)
[0.385s] -- Found rosidl_generator_cpp: 3.1.9 (/opt/ros/humble/share/rosidl_generator_cpp/cmake)
[0.391s] -- Using all available rosidl_typesupport_c: rosidl_typesupport_fastrtps_c;rosidl_typesupport_introspection_c
[0.408s] -- Using all available rosidl_typesupport_cpp: rosidl_typesupport_fastrtps_cpp;rosidl_typesupport_introspection_cpp
[0.435s] -- Found rosidl_default_generators: 1.2.1 (/opt/ros/humble/share/rosidl_default_generators/cmake)
[0.599s] -- Found ament_cmake_ros: 0.10.0 (/opt/ros/humble/share/ament_cmake_ros/cmake)
[0.815s] -- Using all available rosidl_typesupport_c: rosidl_typesupport_fastrtps_c;rosidl_typesupport_introspection_c
[0.893s] -- Using all available rosidl_typesupport_cpp: rosidl_typesupport_fastrtps_cpp;rosidl_typesupport_introspection_cpp
[0.904s] -- Found PythonInterp: /usr/bin/python3 (found suitable version "3.10.12", minimum required is "3.6") 
[0.905s] -- Found python_cmake_module: 0.10.0 (/opt/ros/humble/share/python_cmake_module/cmake)
[0.917s] -- Found PythonLibs: /usr/lib/x86_64-linux-gnu/libpython3.10.so (found suitable version "3.10.12", minimum required is "3.5") 
[0.917s] -- Using PYTHON_EXECUTABLE: /usr/bin/python3
[0.917s] -- Using PYTHON_INCLUDE_DIRS: /usr/include/python3.10
[0.917s] -- Using PYTHON_LIBRARIES: /usr/lib/x86_64-linux-gnu/libpython3.10.so
[0.927s] -- Found PythonExtra: .so  
[0.994s] -- Found ament_lint_auto: 0.12.15 (/opt/ros/humble/share/ament_lint_auto/cmake)
[1.008s] -- Added test 'copyright' to check source files copyright and LICENSE
[1.008s] -- Added test 'lint_cmake' to check CMake code style
[1.009s] -- Added test 'xmllint' to check XML markup files
[1.010s] -- Configuring done
[1.024s] -- Generating done
[1.028s] -- Build files have been written to: /home/dong/Documents/LIMO_GAZEBO/ws_limo_humble/build/limo_msgs
[1.034s] Invoked command in '/home/dong/Documents/LIMO_GAZEBO/ws_limo_humble/build/limo_msgs' returned '0': CMAKE_PREFIX_PATH=/opt/ros/humble /usr/bin/cmake /home/dong/Documents/LIMO_GAZEBO/ws_limo_humble/src/limo_ros2/limo_msgs -DAMENT_CMAKE_SYMLINK_INSTALL=1 -DCMAKE_INSTALL_PREFIX=/home/dong/Documents/LIMO_GAZEBO/ws_limo_humble/install/limo_msgs
[1.035s] Invoking command in '/home/dong/Documents/LIMO_GAZEBO/ws_limo_humble/build/limo_msgs': CMAKE_PREFIX_PATH=/opt/ros/humble /usr/bin/cmake --build /home/dong/Documents/LIMO_GAZEBO/ws_limo_humble/build/limo_msgs -- -j24 -l24
[1.068s] [  3%] [34m[1mGenerating C code for ROS interfaces[0m
[1.074s] [  6%] [34m[1mGenerating Rust code for ROS interfaces[0m
[1.075s] [  9%] [34m[1mGenerating C++ code for ROS interfaces[0m
[1.083s] [  9%] Built target ament_cmake_python_symlink_limo_msgs
[1.193s] running egg_info
[1.194s] creating limo_msgs.egg-info
[1.194s] writing limo_msgs.egg-info/PKG-INFO
[1.194s] writing dependency_links to limo_msgs.egg-info/dependency_links.txt
[1.194s] writing top-level names to limo_msgs.egg-info/top_level.txt
[1.194s] writing manifest file 'limo_msgs.egg-info/SOURCES.txt'
[1.195s] reading manifest file 'limo_msgs.egg-info/SOURCES.txt'
[1.195s] writing manifest file 'limo_msgs.egg-info/SOURCES.txt'
[1.198s] [  9%] Built target limo_msgs__rs
[1.208s] [ 12%] [32mBuilding C object CMakeFiles/limo_msgs__rosidl_generator_c.dir/rosidl_generator_c/limo_msgs/msg/detail/limo_status__functions.c.o[0m
[1.209s] [ 12%] Built target limo_msgs__cpp
[1.210s] [ 12%] Built target ament_cmake_python_build_limo_msgs_egg
[1.217s] [ 21%] [34m[1mGenerating C++ type support dispatch for ROS interfaces[0m
[1.217s] [ 15%] [34m[1mGenerating C++ type support for eProsima Fast-RTPS[0m
[1.217s] [ 21%] [34m[1mGenerating C++ introspection for ROS interfaces[0m
[1.241s] [ 25%] [32m[1mLinking C shared library liblimo_msgs__rosidl_generator_c.so[0m
[1.265s] [ 25%] Built target limo_msgs__rosidl_generator_c
[1.274s] [ 28%] [34m[1mGenerating C type support for eProsima Fast-RTPS[0m
[1.274s] [ 31%] [34m[1mGenerating C introspection for ROS interfaces[0m
[1.274s] [ 34%] [34m[1mGenerating C type support dispatch for ROS interfaces[0m
[1.330s] [ 37%] [32mBuilding CXX object CMakeFiles/limo_msgs__rosidl_typesupport_cpp.dir/rosidl_typesupport_cpp/limo_msgs/msg/limo_status__type_support.cpp.o[0m
[1.349s] [ 40%] [32mBuilding CXX object CMakeFiles/limo_msgs__rosidl_typesupport_fastrtps_cpp.dir/rosidl_typesupport_fastrtps_cpp/limo_msgs/msg/detail/dds_fastrtps/limo_status__type_support.cpp.o[0m
[1.352s] [ 43%] [32mBuilding CXX object CMakeFiles/limo_msgs__rosidl_typesupport_introspection_cpp.dir/rosidl_typesupport_introspection_cpp/limo_msgs/msg/detail/limo_status__type_support.cpp.o[0m
[1.408s] [ 46%] [32mBuilding CXX object CMakeFiles/limo_msgs__rosidl_typesupport_c.dir/rosidl_typesupport_c/limo_msgs/msg/limo_status__type_support.cpp.o[0m
[1.409s] [ 50%] [32mBuilding C object CMakeFiles/limo_msgs__rosidl_typesupport_introspection_c.dir/rosidl_typesupport_introspection_c/limo_msgs/msg/detail/limo_status__type_support.c.o[0m
[1.425s] [ 53%] [32mBuilding CXX object CMakeFiles/limo_msgs__rosidl_typesupport_fastrtps_c.dir/rosidl_typesupport_fastrtps_c/limo_msgs/msg/detail/limo_status__type_support_c.cpp.o[0m
[1.429s] [ 56%] [32m[1mLinking CXX shared library liblimo_msgs__rosidl_typesupport_c.so[0m
[1.436s] [ 59%] [32m[1mLinking C shared library liblimo_msgs__rosidl_typesupport_introspection_c.so[0m
[1.459s] [ 59%] Built target limo_msgs__rosidl_typesupport_introspection_c
[1.460s] [ 59%] Built target limo_msgs__rosidl_typesupport_c
[1.470s] [ 62%] [32m[1mLinking CXX shared library liblimo_msgs__rosidl_typesupport_cpp.so[0m
[1.494s] [ 62%] Built target limo_msgs__rosidl_typesupport_cpp
[1.541s] [ 65%] [32m[1mLinking CXX shared library liblimo_msgs__rosidl_typesupport_introspection_cpp.so[0m
[1.553s] [ 68%] [32m[1mLinking CXX shared library liblimo_msgs__rosidl_typesupport_fastrtps_cpp.so[0m
[1.585s] [ 71%] [32m[1mLinking CXX shared library liblimo_msgs__rosidl_typesupport_fastrtps_c.so[0m
[1.590s] [ 71%] Built target limo_msgs__rosidl_typesupport_introspection_cpp
[1.601s] [ 71%] Built target limo_msgs__rosidl_typesupport_fastrtps_cpp
[1.637s] [ 71%] Built target limo_msgs__rosidl_typesupport_fastrtps_c
[1.651s] [ 71%] Built target limo_msgs
[1.665s] [ 75%] [34m[1mGenerating Python code for ROS interfaces[0m
[1.796s] [ 75%] Built target limo_msgs__py
[1.811s] [ 78%] [32mBuilding C object CMakeFiles/limo_msgs__rosidl_generator_py.dir/rosidl_generator_py/limo_msgs/msg/_limo_status_s.c.o[0m
[1.865s] [ 81%] [32m[1mLinking C shared library rosidl_generator_py/limo_msgs/liblimo_msgs__rosidl_generator_py.so[0m
[1.892s] [ 81%] Built target limo_msgs__rosidl_generator_py
[1.909s] [ 84%] [32mBuilding C object CMakeFiles/limo_msgs__rosidl_typesupport_introspection_c__pyext.dir/rosidl_generator_py/limo_msgs/_limo_msgs_s.ep.rosidl_typesupport_introspection_c.c.o[0m
[1.912s] [ 87%] [32mBuilding C object CMakeFiles/limo_msgs__rosidl_typesupport_fastrtps_c__pyext.dir/rosidl_generator_py/limo_msgs/_limo_msgs_s.ep.rosidl_typesupport_fastrtps_c.c.o[0m
[1.912s] [ 90%] [32mBuilding C object CMakeFiles/limo_msgs__rosidl_typesupport_c__pyext.dir/rosidl_generator_py/limo_msgs/_limo_msgs_s.ep.rosidl_typesupport_c.c.o[0m
[1.962s] [ 93%] [32m[1mLinking C shared library rosidl_generator_py/limo_msgs/limo_msgs_s__rosidl_typesupport_introspection_c.cpython-310-x86_64-linux-gnu.so[0m
[1.968s] [ 96%] [32m[1mLinking C shared library rosidl_generator_py/limo_msgs/limo_msgs_s__rosidl_typesupport_fastrtps_c.cpython-310-x86_64-linux-gnu.so[0m
[1.973s] [100%] [32m[1mLinking C shared library rosidl_generator_py/limo_msgs/limo_msgs_s__rosidl_typesupport_c.cpython-310-x86_64-linux-gnu.so[0m
[1.990s] [100%] Built target limo_msgs__rosidl_typesupport_introspection_c__pyext
[1.993s] [100%] Built target limo_msgs__rosidl_typesupport_fastrtps_c__pyext
[1.999s] [100%] Built target limo_msgs__rosidl_typesupport_c__pyext
[2.009s] Invoked command in '/home/dong/Documents/LIMO_GAZEBO/ws_limo_humble/build/limo_msgs' returned '0': CMAKE_PREFIX_PATH=/opt/ros/humble /usr/bin/cmake --build /home/dong/Documents/LIMO_GAZEBO/ws_limo_humble/build/limo_msgs -- -j24 -l24
[2.012s] Invoking command in '/home/dong/Documents/LIMO_GAZEBO/ws_limo_humble/build/limo_msgs': CMAKE_PREFIX_PATH=/opt/ros/humble /usr/bin/cmake --install /home/dong/Documents/LIMO_GAZEBO/ws_limo_humble/build/limo_msgs
[2.017s] -- Install configuration: ""
[2.018s] -- Execute custom install script
[2.018s] -- Symlinking: /home/dong/Documents/LIMO_GAZEBO/ws_limo_humble/install/limo_msgs/share/ament_index/resource_index/rosidl_interfaces/limo_msgs
[2.023s] -- Symlinking: /home/dong/Documents/LIMO_GAZEBO/ws_limo_humble/install/limo_msgs/include/limo_msgs/limo_msgs/msg/detail/limo_status__functions.h
[2.027s] -- Symlinking: /home/dong/Documents/LIMO_GAZEBO/ws_limo_humble/install/limo_msgs/include/limo_msgs/limo_msgs/msg/detail/limo_status__struct.h
[2.032s] -- Symlinking: /home/dong/Documents/LIMO_GAZEBO/ws_limo_humble/install/limo_msgs/include/limo_msgs/limo_msgs/msg/detail/limo_status__type_support.h
[2.036s] -- Symlinking: /home/dong/Documents/LIMO_GAZEBO/ws_limo_humble/install/limo_msgs/include/limo_msgs/limo_msgs/msg/limo_status.h
[2.040s] -- Symlinking: /home/dong/Documents/LIMO_GAZEBO/ws_limo_humble/install/limo_msgs/include/limo_msgs/limo_msgs/msg/rosidl_generator_c__visibility_control.h
[2.044s] -- Symlinking: /home/dong/Documents/LIMO_GAZEBO/ws_limo_humble/install/limo_msgs/share/limo_msgs/environment/library_path.sh
[2.048s] -- Symlinking: /home/dong/Documents/LIMO_GAZEBO/ws_limo_humble/install/limo_msgs/share/limo_msgs/environment/library_path.dsv
[2.053s] -- Symlinking: /home/dong/Documents/LIMO_GAZEBO/ws_limo_humble/install/limo_msgs/include/limo_msgs/limo_msgs/msg/detail/limo_status__rosidl_typesupport_fastrtps_c.h
[2.060s] -- Symlinking: /home/dong/Documents/LIMO_GAZEBO/ws_limo_humble/install/limo_msgs/include/limo_msgs/limo_msgs/msg/rosidl_typesupport_fastrtps_c__visibility_control.h
[2.064s] -- Symlinking: /home/dong/Documents/LIMO_GAZEBO/ws_limo_humble/install/limo_msgs/include/limo_msgs/limo_msgs/msg/detail/limo_status__builder.hpp
[2.068s] -- Symlinking: /home/dong/Documents/LIMO_GAZEBO/ws_limo_humble/install/limo_msgs/include/limo_msgs/limo_msgs/msg/detail/limo_status__struct.hpp
[2.074s] -- Symlinking: /home/dong/Documents/LIMO_GAZEBO/ws_limo_humble/install/limo_msgs/include/limo_msgs/limo_msgs/msg/detail/limo_status__traits.hpp
[2.079s] -- Symlinking: /home/dong/Documents/LIMO_GAZEBO/ws_limo_humble/install/limo_msgs/include/limo_msgs/limo_msgs/msg/detail/limo_status__type_support.hpp
[2.085s] -- Symlinking: /home/dong/Documents/LIMO_GAZEBO/ws_limo_humble/install/limo_msgs/include/limo_msgs/limo_msgs/msg/limo_status.hpp
[2.089s] -- Symlinking: /home/dong/Documents/LIMO_GAZEBO/ws_limo_humble/install/limo_msgs/include/limo_msgs/limo_msgs/msg/rosidl_generator_cpp__visibility_control.hpp
[2.094s] -- Symlinking: /home/dong/Documents/LIMO_GAZEBO/ws_limo_humble/install/limo_msgs/include/limo_msgs/limo_msgs/msg/detail/limo_status__rosidl_typesupport_fastrtps_cpp.hpp
[2.101s] -- Symlinking: /home/dong/Documents/LIMO_GAZEBO/ws_limo_humble/install/limo_msgs/include/limo_msgs/limo_msgs/msg/rosidl_typesupport_fastrtps_cpp__visibility_control.h
[2.105s] -- Symlinking: /home/dong/Documents/LIMO_GAZEBO/ws_limo_humble/install/limo_msgs/include/limo_msgs/limo_msgs/msg/detail/limo_status__rosidl_typesupport_introspection_c.h
[2.109s] -- Symlinking: /home/dong/Documents/LIMO_GAZEBO/ws_limo_humble/install/limo_msgs/include/limo_msgs/limo_msgs/msg/rosidl_typesupport_introspection_c__visibility_control.h
[2.115s] -- Symlinking: /home/dong/Documents/LIMO_GAZEBO/ws_limo_humble/install/limo_msgs/include/limo_msgs/limo_msgs/msg/detail/limo_status__rosidl_typesupport_introspection_cpp.hpp
[2.122s] -- Symlinking: /home/dong/Documents/LIMO_GAZEBO/ws_limo_humble/install/limo_msgs/share/limo_msgs/environment/pythonpath.sh
[2.126s] -- Symlinking: /home/dong/Documents/LIMO_GAZEBO/ws_limo_humble/install/limo_msgs/share/limo_msgs/environment/pythonpath.dsv
[2.131s] -- Symlinking: /home/dong/Documents/LIMO_GAZEBO/ws_limo_humble/install/limo_msgs/local/lib/python3.10/dist-packages/limo_msgs-0.0.0-py3.10.egg-info/PKG-INFO
[2.138s] -- Symlinking: /home/dong/Documents/LIMO_GAZEBO/ws_limo_humble/install/limo_msgs/local/lib/python3.10/dist-packages/limo_msgs-0.0.0-py3.10.egg-info/SOURCES.txt
[2.146s] -- Symlinking: /home/dong/Documents/LIMO_GAZEBO/ws_limo_humble/install/limo_msgs/local/lib/python3.10/dist-packages/limo_msgs-0.0.0-py3.10.egg-info/dependency_links.txt
[2.151s] -- Symlinking: /home/dong/Documents/LIMO_GAZEBO/ws_limo_humble/install/limo_msgs/local/lib/python3.10/dist-packages/limo_msgs-0.0.0-py3.10.egg-info/top_level.txt
[2.155s] -- Symlinking: /home/dong/Documents/LIMO_GAZEBO/ws_limo_humble/install/limo_msgs/local/lib/python3.10/dist-packages/limo_msgs/__init__.py
[2.159s] -- Symlinking: /home/dong/Documents/LIMO_GAZEBO/ws_limo_humble/install/limo_msgs/local/lib/python3.10/dist-packages/limo_msgs/_limo_msgs_s.ep.rosidl_typesupport_c.c
[2.165s] -- Symlinking: /home/dong/Documents/LIMO_GAZEBO/ws_limo_humble/install/limo_msgs/local/lib/python3.10/dist-packages/limo_msgs/_limo_msgs_s.ep.rosidl_typesupport_fastrtps_c.c
[2.170s] -- Symlinking: /home/dong/Documents/LIMO_GAZEBO/ws_limo_humble/install/limo_msgs/local/lib/python3.10/dist-packages/limo_msgs/_limo_msgs_s.ep.rosidl_typesupport_introspection_c.c
[2.177s] -- Symlinking: /home/dong/Documents/LIMO_GAZEBO/ws_limo_humble/install/limo_msgs/local/lib/python3.10/dist-packages/limo_msgs/liblimo_msgs__rosidl_generator_py.so
[2.184s] -- Symlinking: /home/dong/Documents/LIMO_GAZEBO/ws_limo_humble/install/limo_msgs/local/lib/python3.10/dist-packages/limo_msgs/limo_msgs_s__rosidl_typesupport_c.cpython-310-x86_64-linux-gnu.so
[2.187s] -- Symlinking: /home/dong/Documents/LIMO_GAZEBO/ws_limo_humble/install/limo_msgs/local/lib/python3.10/dist-packages/limo_msgs/limo_msgs_s__rosidl_typesupport_fastrtps_c.cpython-310-x86_64-linux-gnu.so
[2.195s] -- Symlinking: /home/dong/Documents/LIMO_GAZEBO/ws_limo_humble/install/limo_msgs/local/lib/python3.10/dist-packages/limo_msgs/limo_msgs_s__rosidl_typesupport_introspection_c.cpython-310-x86_64-linux-gnu.so
[2.201s] -- Symlinking: /home/dong/Documents/LIMO_GAZEBO/ws_limo_humble/install/limo_msgs/local/lib/python3.10/dist-packages/limo_msgs/msg/__init__.py
[2.206s] -- Symlinking: /home/dong/Documents/LIMO_GAZEBO/ws_limo_humble/install/limo_msgs/local/lib/python3.10/dist-packages/limo_msgs/msg/_limo_status.py
[2.212s] -- Symlinking: /home/dong/Documents/LIMO_GAZEBO/ws_limo_humble/install/limo_msgs/local/lib/python3.10/dist-packages/limo_msgs/msg/_limo_status_s.c
[2.217s] -- Up-to-date symlink: /home/dong/Documents/LIMO_GAZEBO/ws_limo_humble/install/limo_msgs/local/lib/python3.10/dist-packages/limo_msgs/limo_msgs_s__rosidl_typesupport_fastrtps_c.cpython-310-x86_64-linux-gnu.so
[2.217s] -- Up-to-date symlink: /home/dong/Documents/LIMO_GAZEBO/ws_limo_humble/install/limo_msgs/local/lib/python3.10/dist-packages/limo_msgs/limo_msgs_s__rosidl_typesupport_introspection_c.cpython-310-x86_64-linux-gnu.so
[2.218s] -- Up-to-date symlink: /home/dong/Documents/LIMO_GAZEBO/ws_limo_humble/install/limo_msgs/local/lib/python3.10/dist-packages/limo_msgs/limo_msgs_s__rosidl_typesupport_c.cpython-310-x86_64-linux-gnu.so
[2.218s] -- Symlinking: /home/dong/Documents/LIMO_GAZEBO/ws_limo_humble/install/limo_msgs/share/ament_index/resource_index/rust_packages/limo_msgs
[2.223s] -- Symlinking: /home/dong/Documents/LIMO_GAZEBO/ws_limo_humble/install/limo_msgs/share/limo_msgs/rust/Cargo.toml
[2.227s] -- Symlinking: /home/dong/Documents/LIMO_GAZEBO/ws_limo_humble/install/limo_msgs/share/limo_msgs/rust/build.rs
[2.231s] -- Symlinking: /home/dong/Documents/LIMO_GAZEBO/ws_limo_humble/install/limo_msgs/share/limo_msgs/rust/src/lib.rs
[2.235s] -- Symlinking: /home/dong/Documents/LIMO_GAZEBO/ws_limo_humble/install/limo_msgs/share/limo_msgs/rust/src/msg.rs
[2.241s] -- Symlinking: /home/dong/Documents/LIMO_GAZEBO/ws_limo_humble/install/limo_msgs/share/limo_msgs/rust/src/msg/rmw.rs
[2.248s] -- Symlinking: /home/dong/Documents/LIMO_GAZEBO/ws_limo_humble/install/limo_msgs/share/limo_msgs/msg/LimoStatus.idl
[2.252s] -- Symlinking: /home/dong/Documents/LIMO_GAZEBO/ws_limo_humble/install/limo_msgs/share/limo_msgs/msg/LimoStatus.msg
[2.256s] -- Symlinking: /home/dong/Documents/LIMO_GAZEBO/ws_limo_humble/install/limo_msgs/share/ament_index/resource_index/package_run_dependencies/limo_msgs
[2.261s] -- Symlinking: /home/dong/Documents/LIMO_GAZEBO/ws_limo_humble/install/limo_msgs/share/ament_index/resource_index/parent_prefix_path/limo_msgs
[2.268s] -- Symlinking: /home/dong/Documents/LIMO_GAZEBO/ws_limo_humble/install/limo_msgs/share/limo_msgs/environment/ament_prefix_path.sh
[2.274s] -- Symlinking: /home/dong/Documents/LIMO_GAZEBO/ws_limo_humble/install/limo_msgs/share/limo_msgs/environment/ament_prefix_path.dsv
[2.280s] -- Symlinking: /home/dong/Documents/LIMO_GAZEBO/ws_limo_humble/install/limo_msgs/share/limo_msgs/environment/path.sh
[2.285s] -- Symlinking: /home/dong/Documents/LIMO_GAZEBO/ws_limo_humble/install/limo_msgs/share/limo_msgs/environment/path.dsv
[2.293s] -- Symlinking: /home/dong/Documents/LIMO_GAZEBO/ws_limo_humble/install/limo_msgs/share/limo_msgs/local_setup.bash
[2.299s] -- Symlinking: /home/dong/Documents/LIMO_GAZEBO/ws_limo_humble/install/limo_msgs/share/limo_msgs/local_setup.sh
[2.306s] -- Symlinking: /home/dong/Documents/LIMO_GAZEBO/ws_limo_humble/install/limo_msgs/share/limo_msgs/local_setup.zsh
[2.311s] -- Symlinking: /home/dong/Documents/LIMO_GAZEBO/ws_limo_humble/install/limo_msgs/share/limo_msgs/local_setup.dsv
[2.319s] -- Symlinking: /home/dong/Documents/LIMO_GAZEBO/ws_limo_humble/install/limo_msgs/share/limo_msgs/package.dsv
[2.324s] -- Symlinking: /home/dong/Documents/LIMO_GAZEBO/ws_limo_humble/install/limo_msgs/share/ament_index/resource_index/packages/limo_msgs
[2.328s] -- Symlinking: /home/dong/Documents/LIMO_GAZEBO/ws_limo_humble/install/limo_msgs/share/limo_msgs/cmake/rosidl_cmake-extras.cmake
[2.332s] -- Symlinking: /home/dong/Documents/LIMO_GAZEBO/ws_limo_humble/install/limo_msgs/share/limo_msgs/cmake/ament_cmake_export_dependencies-extras.cmake
[2.339s] -- Symlinking: /home/dong/Documents/LIMO_GAZEBO/ws_limo_humble/install/limo_msgs/share/limo_msgs/cmake/ament_cmake_export_include_directories-extras.cmake
[2.347s] -- Symlinking: /home/dong/Documents/LIMO_GAZEBO/ws_limo_humble/install/limo_msgs/share/limo_msgs/cmake/ament_cmake_export_libraries-extras.cmake
[2.351s] -- Symlinking: /home/dong/Documents/LIMO_GAZEBO/ws_limo_humble/install/limo_msgs/share/limo_msgs/cmake/ament_cmake_export_targets-extras.cmake
[2.355s] -- Symlinking: /home/dong/Documents/LIMO_GAZEBO/ws_limo_humble/install/limo_msgs/share/limo_msgs/cmake/rosidl_cmake_export_typesupport_targets-extras.cmake
[2.360s] -- Symlinking: /home/dong/Documents/LIMO_GAZEBO/ws_limo_humble/install/limo_msgs/share/limo_msgs/cmake/rosidl_cmake_export_typesupport_libraries-extras.cmake
[2.365s] -- Symlinking: /home/dong/Documents/LIMO_GAZEBO/ws_limo_humble/install/limo_msgs/share/limo_msgs/cmake/rosidl_cmake_aggregate_target-extras.cmake
[2.371s] -- Symlinking: /home/dong/Documents/LIMO_GAZEBO/ws_limo_humble/install/limo_msgs/share/limo_msgs/cmake/limo_msgsConfig.cmake
[2.376s] -- Symlinking: /home/dong/Documents/LIMO_GAZEBO/ws_limo_humble/install/limo_msgs/share/limo_msgs/cmake/limo_msgsConfig-version.cmake
[2.382s] -- Symlinking: /home/dong/Documents/LIMO_GAZEBO/ws_limo_humble/install/limo_msgs/share/limo_msgs/package.xml
[2.386s] -- Installing: /home/dong/Documents/LIMO_GAZEBO/ws_limo_humble/install/limo_msgs/lib/liblimo_msgs__rosidl_generator_c.so
[2.386s] -- Set runtime path of "/home/dong/Documents/LIMO_GAZEBO/ws_limo_humble/install/limo_msgs/lib/liblimo_msgs__rosidl_generator_c.so" to ""
[2.386s] -- Installing: /home/dong/Documents/LIMO_GAZEBO/ws_limo_humble/install/limo_msgs/lib/liblimo_msgs__rosidl_typesupport_fastrtps_c.so
[2.386s] -- Set runtime path of "/home/dong/Documents/LIMO_GAZEBO/ws_limo_humble/install/limo_msgs/lib/liblimo_msgs__rosidl_typesupport_fastrtps_c.so" to ""
[2.386s] -- Installing: /home/dong/Documents/LIMO_GAZEBO/ws_limo_humble/install/limo_msgs/lib/liblimo_msgs__rosidl_typesupport_fastrtps_cpp.so
[2.387s] -- Set runtime path of "/home/dong/Documents/LIMO_GAZEBO/ws_limo_humble/install/limo_msgs/lib/liblimo_msgs__rosidl_typesupport_fastrtps_cpp.so" to ""
[2.387s] -- Installing: /home/dong/Documents/LIMO_GAZEBO/ws_limo_humble/install/limo_msgs/lib/liblimo_msgs__rosidl_typesupport_introspection_c.so
[2.387s] -- Set runtime path of "/home/dong/Documents/LIMO_GAZEBO/ws_limo_humble/install/limo_msgs/lib/liblimo_msgs__rosidl_typesupport_introspection_c.so" to ""
[2.387s] -- Installing: /home/dong/Documents/LIMO_GAZEBO/ws_limo_humble/install/limo_msgs/lib/liblimo_msgs__rosidl_typesupport_c.so
[2.387s] -- Set runtime path of "/home/dong/Documents/LIMO_GAZEBO/ws_limo_humble/install/limo_msgs/lib/liblimo_msgs__rosidl_typesupport_c.so" to ""
[2.387s] -- Installing: /home/dong/Documents/LIMO_GAZEBO/ws_limo_humble/install/limo_msgs/lib/liblimo_msgs__rosidl_typesupport_introspection_cpp.so
[2.387s] -- Set runtime path of "/home/dong/Documents/LIMO_GAZEBO/ws_limo_humble/install/limo_msgs/lib/liblimo_msgs__rosidl_typesupport_introspection_cpp.so" to ""
[2.387s] -- Installing: /home/dong/Documents/LIMO_GAZEBO/ws_limo_humble/install/limo_msgs/lib/liblimo_msgs__rosidl_typesupport_cpp.so
[2.387s] -- Set runtime path of "/home/dong/Documents/LIMO_GAZEBO/ws_limo_humble/install/limo_msgs/lib/liblimo_msgs__rosidl_typesupport_cpp.so" to ""
[2.403s] Listing '/home/dong/Documents/LIMO_GAZEBO/ws_limo_humble/install/limo_msgs/local/lib/python3.10/dist-packages/limo_msgs'...
[2.403s] Compiling '/home/dong/Documents/LIMO_GAZEBO/ws_limo_humble/install/limo_msgs/local/lib/python3.10/dist-packages/limo_msgs/__init__.py'...
[2.403s] Listing '/home/dong/Documents/LIMO_GAZEBO/ws_limo_humble/install/limo_msgs/local/lib/python3.10/dist-packages/limo_msgs/msg'...
[2.403s] Compiling '/home/dong/Documents/LIMO_GAZEBO/ws_limo_humble/install/limo_msgs/local/lib/python3.10/dist-packages/limo_msgs/msg/__init__.py'...
[2.403s] Compiling '/home/dong/Documents/LIMO_GAZEBO/ws_limo_humble/install/limo_msgs/local/lib/python3.10/dist-packages/limo_msgs/msg/_limo_status.py'...
[2.404s] -- Installing: /home/dong/Documents/LIMO_GAZEBO/ws_limo_humble/install/limo_msgs/lib/liblimo_msgs__rosidl_generator_py.so
[2.404s] -- Set runtime path of "/home/dong/Documents/LIMO_GAZEBO/ws_limo_humble/install/limo_msgs/lib/liblimo_msgs__rosidl_generator_py.so" to ""
[2.405s] -- Installing: /home/dong/Documents/LIMO_GAZEBO/ws_limo_humble/install/limo_msgs/share/limo_msgs/cmake/export_limo_msgs__rosidl_generator_cExport.cmake
[2.405s] -- Installing: /home/dong/Documents/LIMO_GAZEBO/ws_limo_humble/install/limo_msgs/share/limo_msgs/cmake/export_limo_msgs__rosidl_generator_cExport-noconfig.cmake
[2.405s] -- Installing: /home/dong/Documents/LIMO_GAZEBO/ws_limo_humble/install/limo_msgs/share/limo_msgs/cmake/export_limo_msgs__rosidl_typesupport_fastrtps_cExport.cmake
[2.405s] -- Installing: /home/dong/Documents/LIMO_GAZEBO/ws_limo_humble/install/limo_msgs/share/limo_msgs/cmake/export_limo_msgs__rosidl_typesupport_fastrtps_cExport-noconfig.cmake
[2.405s] -- Installing: /home/dong/Documents/LIMO_GAZEBO/ws_limo_humble/install/limo_msgs/share/limo_msgs/cmake/export_limo_msgs__rosidl_generator_cppExport.cmake
[2.405s] -- Installing: /home/dong/Documents/LIMO_GAZEBO/ws_limo_humble/install/limo_msgs/share/limo_msgs/cmake/export_limo_msgs__rosidl_typesupport_fastrtps_cppExport.cmake
[2.405s] -- Installing: /home/dong/Documents/LIMO_GAZEBO/ws_limo_humble/install/limo_msgs/share/limo_msgs/cmake/export_limo_msgs__rosidl_typesupport_fastrtps_cppExport-noconfig.cmake
[2.405s] -- Installing: /home/dong/Documents/LIMO_GAZEBO/ws_limo_humble/install/limo_msgs/share/limo_msgs/cmake/limo_msgs__rosidl_typesupport_introspection_cExport.cmake
[2.405s] -- Installing: /home/dong/Documents/LIMO_GAZEBO/ws_limo_humble/install/limo_msgs/share/limo_msgs/cmake/limo_msgs__rosidl_typesupport_introspection_cExport-noconfig.cmake
[2.405s] -- Installing: /home/dong/Documents/LIMO_GAZEBO/ws_limo_humble/install/limo_msgs/share/limo_msgs/cmake/limo_msgs__rosidl_typesupport_cExport.cmake
[2.405s] -- Installing: /home/dong/Documents/LIMO_GAZEBO/ws_limo_humble/install/limo_msgs/share/limo_msgs/cmake/limo_msgs__rosidl_typesupport_cExport-noconfig.cmake
[2.405s] -- Installing: /home/dong/Documents/LIMO_GAZEBO/ws_limo_humble/install/limo_msgs/share/limo_msgs/cmake/limo_msgs__rosidl_typesupport_introspection_cppExport.cmake
[2.405s] -- Installing: /home/dong/Documents/LIMO_GAZEBO/ws_limo_humble/install/limo_msgs/share/limo_msgs/cmake/limo_msgs__rosidl_typesupport_introspection_cppExport-noconfig.cmake
[2.405s] -- Installing: /home/dong/Documents/LIMO_GAZEBO/ws_limo_humble/install/limo_msgs/share/limo_msgs/cmake/limo_msgs__rosidl_typesupport_cppExport.cmake
[2.405s] -- Installing: /home/dong/Documents/LIMO_GAZEBO/ws_limo_humble/install/limo_msgs/share/limo_msgs/cmake/limo_msgs__rosidl_typesupport_cppExport-noconfig.cmake
[2.405s] -- Installing: /home/dong/Documents/LIMO_GAZEBO/ws_limo_humble/install/limo_msgs/share/limo_msgs/cmake/export_limo_msgs__rosidl_generator_pyExport.cmake
[2.405s] -- Installing: /home/dong/Documents/LIMO_GAZEBO/ws_limo_humble/install/limo_msgs/share/limo_msgs/cmake/export_limo_msgs__rosidl_generator_pyExport-noconfig.cmake
[2.407s] Invoked command in '/home/dong/Documents/LIMO_GAZEBO/ws_limo_humble/build/limo_msgs' returned '0': CMAKE_PREFIX_PATH=/opt/ros/humble /usr/bin/cmake --install /home/dong/Documents/LIMO_GAZEBO/ws_limo_humble/build/limo_msgs
