[0.013s] Invoking command in '/home/dong/Documents/LIMO_GAZEBO/ws_limo_humble/build/limo_car': CMAKE_PREFIX_PATH=/opt/ros/humble /usr/bin/cmake --build /home/dong/Documents/LIMO_GAZEBO/ws_limo_humble/build/limo_car -- -j24 -l24
[0.097s] Invoked command in '/home/dong/Documents/LIMO_GAZEBO/ws_limo_humble/build/limo_car' returned '0': CMAKE_PREFIX_PATH=/opt/ros/humble /usr/bin/cmake --build /home/dong/Documents/LIMO_GAZEBO/ws_limo_humble/build/limo_car -- -j24 -l24
[0.098s] Invoking command in '/home/dong/Documents/LIMO_GAZEBO/ws_limo_humble/build/limo_car': CMAKE_PREFIX_PATH=/opt/ros/humble /usr/bin/cmake --install /home/dong/Documents/LIMO_GAZEBO/ws_limo_humble/build/limo_car
[0.111s] -- Install configuration: ""
[0.111s] -- Execute custom install script
[0.114s] -- Up-to-date symlink: /home/dong/Documents/LIMO_GAZEBO/ws_limo_humble/install/limo_car/share/limo_car/launch/__pycache__/ackermann_diagnostics.launch.cpython-310.pyc
[0.114s] -- Symlinking: /home/dong/Documents/LIMO_GAZEBO/ws_limo_humble/install/limo_car/share/limo_car/launch/__pycache__/roboracer_sim.launch.cpython-310.pyc
[0.122s] -- Up-to-date symlink: /home/dong/Documents/LIMO_GAZEBO/ws_limo_humble/install/limo_car/share/limo_car/launch/ackermann.launch.py
[0.122s] -- Up-to-date symlink: /home/dong/Documents/LIMO_GAZEBO/ws_limo_humble/install/limo_car/share/limo_car/launch/ackermann_gazebo.launch.py
[0.122s] -- Up-to-date symlink: /home/dong/Documents/LIMO_GAZEBO/ws_limo_humble/install/limo_car/share/limo_car/launch/display_ackermann.launch.py
[0.122s] -- Up-to-date symlink: /home/dong/Documents/LIMO_GAZEBO/ws_limo_humble/install/limo_car/share/limo_car/launch/four_diff.launch.py
[0.123s] -- Up-to-date symlink: /home/dong/Documents/LIMO_GAZEBO/ws_limo_humble/install/limo_car/share/limo_car/launch/roboracer_4diff_sim.launch.py
[0.123s] -- Up-to-date symlink: /home/dong/Documents/LIMO_GAZEBO/ws_limo_humble/install/limo_car/share/limo_car/launch/roboracer_sim.launch.py
[0.124s] -- Up-to-date symlink: /home/dong/Documents/LIMO_GAZEBO/ws_limo_humble/install/limo_car/share/limo_car/gazebo/ackermann.xacro
[0.124s] -- Up-to-date symlink: /home/dong/Documents/LIMO_GAZEBO/ws_limo_humble/install/limo_car/share/limo_car/gazebo/ackermann_with_sensor.xacro
[0.124s] -- Up-to-date symlink: /home/dong/Documents/LIMO_GAZEBO/ws_limo_humble/install/limo_car/share/limo_car/gazebo/four_diff.xacro
[0.125s] -- Up-to-date symlink: /home/dong/Documents/LIMO_GAZEBO/ws_limo_humble/install/limo_car/share/limo_car/gazebo/four_diff_with_sensor.xacro
[0.125s] -- Up-to-date symlink: /home/dong/Documents/LIMO_GAZEBO/ws_limo_humble/install/limo_car/share/limo_car/gazebo/sensor.xacro
[0.126s] -- Up-to-date symlink: /home/dong/Documents/LIMO_GAZEBO/ws_limo_humble/install/limo_car/share/limo_car/meshes/limo_base.dae
[0.126s] -- Up-to-date symlink: /home/dong/Documents/LIMO_GAZEBO/ws_limo_humble/install/limo_car/share/limo_car/meshes/limo_base.stl
[0.126s] -- Up-to-date symlink: /home/dong/Documents/LIMO_GAZEBO/ws_limo_humble/install/limo_car/share/limo_car/meshes/limo_wheel.dae
[0.126s] -- Up-to-date symlink: /home/dong/Documents/LIMO_GAZEBO/ws_limo_humble/install/limo_car/share/limo_car/meshes/limo_wheel.stl
[0.127s] -- Up-to-date symlink: /home/dong/Documents/LIMO_GAZEBO/ws_limo_humble/install/limo_car/share/limo_car/rviz/gazebo.rviz
[0.127s] -- Up-to-date symlink: /home/dong/Documents/LIMO_GAZEBO/ws_limo_humble/install/limo_car/share/limo_car/rviz/urdf.rviz
[0.127s] -- Up-to-date symlink: /home/dong/Documents/LIMO_GAZEBO/ws_limo_humble/install/limo_car/share/limo_car/urdf/limo_ackerman_base.xacro
[0.127s] -- Up-to-date symlink: /home/dong/Documents/LIMO_GAZEBO/ws_limo_humble/install/limo_car/share/limo_car/urdf/limo_anteil.xacro
[0.128s] -- Up-to-date symlink: /home/dong/Documents/LIMO_GAZEBO/ws_limo_humble/install/limo_car/share/limo_car/urdf/limo_steering_hinge.xacro
[0.128s] -- Up-to-date symlink: /home/dong/Documents/LIMO_GAZEBO/ws_limo_humble/install/limo_car/share/limo_car/worlds/roboracer/ifac_roboracer.world
[0.129s] -- Up-to-date symlink: /home/dong/Documents/LIMO_GAZEBO/ws_limo_humble/install/limo_car/share/limo_car/worlds/roboracer/ifac_roboracer_heightmap.png
[0.130s] -- Up-to-date symlink: /home/dong/Documents/LIMO_GAZEBO/ws_limo_humble/install/limo_car/lib/limo_car/ackermann_twist_adapter.py
[0.130s] -- Up-to-date symlink: /home/dong/Documents/LIMO_GAZEBO/ws_limo_humble/install/limo_car/share/ament_index/resource_index/package_run_dependencies/limo_car
[0.131s] -- Up-to-date symlink: /home/dong/Documents/LIMO_GAZEBO/ws_limo_humble/install/limo_car/share/ament_index/resource_index/parent_prefix_path/limo_car
[0.131s] -- Up-to-date symlink: /home/dong/Documents/LIMO_GAZEBO/ws_limo_humble/install/limo_car/share/limo_car/environment/ament_prefix_path.sh
[0.131s] -- Up-to-date symlink: /home/dong/Documents/LIMO_GAZEBO/ws_limo_humble/install/limo_car/share/limo_car/environment/ament_prefix_path.dsv
[0.131s] -- Up-to-date symlink: /home/dong/Documents/LIMO_GAZEBO/ws_limo_humble/install/limo_car/share/limo_car/environment/path.sh
[0.131s] -- Up-to-date symlink: /home/dong/Documents/LIMO_GAZEBO/ws_limo_humble/install/limo_car/share/limo_car/environment/path.dsv
[0.131s] -- Up-to-date symlink: /home/dong/Documents/LIMO_GAZEBO/ws_limo_humble/install/limo_car/share/limo_car/local_setup.bash
[0.132s] -- Up-to-date symlink: /home/dong/Documents/LIMO_GAZEBO/ws_limo_humble/install/limo_car/share/limo_car/local_setup.sh
[0.132s] -- Up-to-date symlink: /home/dong/Documents/LIMO_GAZEBO/ws_limo_humble/install/limo_car/share/limo_car/local_setup.zsh
[0.133s] -- Up-to-date symlink: /home/dong/Documents/LIMO_GAZEBO/ws_limo_humble/install/limo_car/share/limo_car/local_setup.dsv
[0.133s] -- Symlinking: /home/dong/Documents/LIMO_GAZEBO/ws_limo_humble/install/limo_car/share/limo_car/package.dsv
[0.141s] -- Up-to-date symlink: /home/dong/Documents/LIMO_GAZEBO/ws_limo_humble/install/limo_car/share/ament_index/resource_index/packages/limo_car
[0.141s] -- Up-to-date symlink: /home/dong/Documents/LIMO_GAZEBO/ws_limo_humble/install/limo_car/share/limo_car/cmake/limo_carConfig.cmake
[0.141s] -- Up-to-date symlink: /home/dong/Documents/LIMO_GAZEBO/ws_limo_humble/install/limo_car/share/limo_car/cmake/limo_carConfig-version.cmake
[0.142s] -- Up-to-date symlink: /home/dong/Documents/LIMO_GAZEBO/ws_limo_humble/install/limo_car/share/limo_car/package.xml
[0.163s] Invoked command in '/home/dong/Documents/LIMO_GAZEBO/ws_limo_humble/build/limo_car' returned '0': CMAKE_PREFIX_PATH=/opt/ros/humble /usr/bin/cmake --install /home/dong/Documents/LIMO_GAZEBO/ws_limo_humble/build/limo_car
