[0.014s] Invoking command in '/home/dong/Documents/LIMO_GAZEBO/ws_limo_humble/src/build/limo_description': CMAKE_PREFIX_PATH=/opt/ros/humble /usr/bin/cmake /home/dong/Documents/LIMO_GAZEBO/ws_limo_humble/src/limo_ros2/limo_description -DAMENT_CMAKE_SYMLINK_INSTALL=1 -DCMAKE_INSTALL_PREFIX=/home/dong/Documents/LIMO_GAZEBO/ws_limo_humble/src/install/limo_description
[0.051s] -- The C compiler identification is GNU 11.4.0
[0.088s] -- The CXX compiler identification is GNU 11.4.0
[0.093s] -- Detecting C compiler ABI info
[0.143s] -- Detecting C compiler ABI info - done
[0.149s] -- Check for working C compiler: /usr/bin/cc - skipped
[0.149s] -- Detecting C compile features
[0.149s] -- Detecting C compile features - done
[0.149s] -- Detecting CXX compiler ABI info
[0.206s] -- Detecting CXX compiler ABI info - done
[0.207s] -- Check for working CXX compiler: /usr/bin/c++ - skipped
[0.207s] -- Detecting CXX compile features
[0.208s] -- Detecting CXX compile features - done
[0.209s] -- Found ament_cmake: 1.3.14 (/opt/ros/humble/share/ament_cmake/cmake)
[0.312s] -- Found Python3: /usr/bin/python3 (found version "3.10.12") found components: Interpreter 
[0.357s] -- Override CMake install command with custom implementation using symlinks instead of copying resources
[0.375s] -- Found ament_lint_auto: 0.12.15 (/opt/ros/humble/share/ament_lint_auto/cmake)
[0.422s] -- Added test 'copyright' to check source files copyright and LICENSE
[0.423s] -- Added test 'flake8' to check Python code syntax and style conventions
[0.423s] -- Added test 'lint_cmake' to check CMake code style
[0.423s] -- Added test 'pep257' to check Python code against some of the docstring style conventions in PEP 257
[0.424s] -- Added test 'xmllint' to check XML markup files
[0.425s] -- Configuring done
[0.426s] -- Generating done
[0.427s] -- Build files have been written to: /home/dong/Documents/LIMO_GAZEBO/ws_limo_humble/src/build/limo_description
[0.430s] Invoked command in '/home/dong/Documents/LIMO_GAZEBO/ws_limo_humble/src/build/limo_description' returned '0': CMAKE_PREFIX_PATH=/opt/ros/humble /usr/bin/cmake /home/dong/Documents/LIMO_GAZEBO/ws_limo_humble/src/limo_ros2/limo_description -DAMENT_CMAKE_SYMLINK_INSTALL=1 -DCMAKE_INSTALL_PREFIX=/home/dong/Documents/LIMO_GAZEBO/ws_limo_humble/src/install/limo_description
[0.430s] Invoking command in '/home/dong/Documents/LIMO_GAZEBO/ws_limo_humble/src/build/limo_description': CMAKE_PREFIX_PATH=/opt/ros/humble /usr/bin/cmake --build /home/dong/Documents/LIMO_GAZEBO/ws_limo_humble/src/build/limo_description -- -j24 -l24
[0.459s] Invoked command in '/home/dong/Documents/LIMO_GAZEBO/ws_limo_humble/src/build/limo_description' returned '0': CMAKE_PREFIX_PATH=/opt/ros/humble /usr/bin/cmake --build /home/dong/Documents/LIMO_GAZEBO/ws_limo_humble/src/build/limo_description -- -j24 -l24
[0.460s] Invoking command in '/home/dong/Documents/LIMO_GAZEBO/ws_limo_humble/src/build/limo_description': CMAKE_PREFIX_PATH=/opt/ros/humble /usr/bin/cmake --install /home/dong/Documents/LIMO_GAZEBO/ws_limo_humble/src/build/limo_description
[0.465s] -- Install configuration: ""
[0.465s] -- Execute custom install script
[0.465s] -- Symlinking: /home/dong/Documents/LIMO_GAZEBO/ws_limo_humble/src/install/limo_description/share/limo_description/launch/display_models_diff.launch.py
[0.471s] -- Symlinking: /home/dong/Documents/LIMO_GAZEBO/ws_limo_humble/src/install/limo_description/share/limo_description/launch/gazebo_models_diff.launch.py
[0.475s] -- Symlinking: /home/dong/Documents/LIMO_GAZEBO/ws_limo_humble/src/install/limo_description/share/limo_description/meshes/limo_base.dae
[0.481s] -- Symlinking: /home/dong/Documents/LIMO_GAZEBO/ws_limo_humble/src/install/limo_description/share/limo_description/meshes/limo_base.stl
[0.488s] -- Symlinking: /home/dong/Documents/LIMO_GAZEBO/ws_limo_humble/src/install/limo_description/share/limo_description/meshes/limo_wheel.dae
[0.492s] -- Symlinking: /home/dong/Documents/LIMO_GAZEBO/ws_limo_humble/src/install/limo_description/share/limo_description/meshes/limo_wheel.stl
[0.497s] -- Symlinking: /home/dong/Documents/LIMO_GAZEBO/ws_limo_humble/src/install/limo_description/share/limo_description/rviz/model_display.rviz
[0.502s] -- Symlinking: /home/dong/Documents/LIMO_GAZEBO/ws_limo_humble/src/install/limo_description/share/limo_description/rviz/urdf.rviz
[0.510s] -- Symlinking: /home/dong/Documents/LIMO_GAZEBO/ws_limo_humble/src/install/limo_description/share/limo_description/urdf/limo_ackerman.gazebo
[0.515s] -- Symlinking: /home/dong/Documents/LIMO_GAZEBO/ws_limo_humble/src/install/limo_description/share/limo_description/urdf/limo_ackerman.xacro
[0.519s] -- Symlinking: /home/dong/Documents/LIMO_GAZEBO/ws_limo_humble/src/install/limo_description/share/limo_description/urdf/limo_four_diff.gazebo
[0.524s] -- Symlinking: /home/dong/Documents/LIMO_GAZEBO/ws_limo_humble/src/install/limo_description/share/limo_description/urdf/limo_four_diff.xacro
[0.530s] -- Symlinking: /home/dong/Documents/LIMO_GAZEBO/ws_limo_humble/src/install/limo_description/share/limo_description/urdf/limo_four_diff_2.gazebo
[0.534s] -- Symlinking: /home/dong/Documents/LIMO_GAZEBO/ws_limo_humble/src/install/limo_description/share/limo_description/urdf/limo_gazebo.gazebo
[0.541s] -- Symlinking: /home/dong/Documents/LIMO_GAZEBO/ws_limo_humble/src/install/limo_description/share/limo_description/urdf/limo_steering_hinge.xacro
[0.546s] -- Symlinking: /home/dong/Documents/LIMO_GAZEBO/ws_limo_humble/src/install/limo_description/share/limo_description/urdf/limo_xacro.xacro
[0.551s] -- Symlinking: /home/dong/Documents/LIMO_GAZEBO/ws_limo_humble/src/install/limo_description/share/ament_index/resource_index/package_run_dependencies/limo_description
[0.559s] -- Symlinking: /home/dong/Documents/LIMO_GAZEBO/ws_limo_humble/src/install/limo_description/share/ament_index/resource_index/parent_prefix_path/limo_description
[0.564s] -- Symlinking: /home/dong/Documents/LIMO_GAZEBO/ws_limo_humble/src/install/limo_description/share/limo_description/environment/ament_prefix_path.sh
[0.569s] -- Symlinking: /home/dong/Documents/LIMO_GAZEBO/ws_limo_humble/src/install/limo_description/share/limo_description/environment/ament_prefix_path.dsv
[0.575s] -- Symlinking: /home/dong/Documents/LIMO_GAZEBO/ws_limo_humble/src/install/limo_description/share/limo_description/environment/path.sh
[0.580s] -- Symlinking: /home/dong/Documents/LIMO_GAZEBO/ws_limo_humble/src/install/limo_description/share/limo_description/environment/path.dsv
[0.586s] -- Symlinking: /home/dong/Documents/LIMO_GAZEBO/ws_limo_humble/src/install/limo_description/share/limo_description/local_setup.bash
[0.590s] -- Symlinking: /home/dong/Documents/LIMO_GAZEBO/ws_limo_humble/src/install/limo_description/share/limo_description/local_setup.sh
[0.599s] -- Symlinking: /home/dong/Documents/LIMO_GAZEBO/ws_limo_humble/src/install/limo_description/share/limo_description/local_setup.zsh
[0.604s] -- Symlinking: /home/dong/Documents/LIMO_GAZEBO/ws_limo_humble/src/install/limo_description/share/limo_description/local_setup.dsv
[0.609s] -- Symlinking: /home/dong/Documents/LIMO_GAZEBO/ws_limo_humble/src/install/limo_description/share/limo_description/package.dsv
[0.614s] -- Symlinking: /home/dong/Documents/LIMO_GAZEBO/ws_limo_humble/src/install/limo_description/share/ament_index/resource_index/packages/limo_description
[0.620s] -- Symlinking: /home/dong/Documents/LIMO_GAZEBO/ws_limo_humble/src/install/limo_description/share/limo_description/cmake/limo_descriptionConfig.cmake
[0.625s] -- Symlinking: /home/dong/Documents/LIMO_GAZEBO/ws_limo_humble/src/install/limo_description/share/limo_description/cmake/limo_descriptionConfig-version.cmake
[0.634s] -- Symlinking: /home/dong/Documents/LIMO_GAZEBO/ws_limo_humble/src/install/limo_description/share/limo_description/package.xml
[0.640s] Invoked command in '/home/dong/Documents/LIMO_GAZEBO/ws_limo_humble/src/build/limo_description' returned '0': CMAKE_PREFIX_PATH=/opt/ros/humble /usr/bin/cmake --install /home/dong/Documents/LIMO_GAZEBO/ws_limo_humble/src/build/limo_description
