[0.053s] DEBUG:colcon:Command line arguments: ['/usr/bin/colcon', 'build', '--symlink-install']
[0.053s] DEBUG:colcon:Parsed command line arguments: Namespace(log_base=None, log_level=None, verb_name='build', build_base='build', install_base='install', merge_install=False, symlink_install=True, test_result_base=None, continue_on_error=False, executor='parallel', parallel_workers=24, event_handlers=None, ignore_user_meta=False, metas=['./colcon.meta'], base_paths=['.'], packages_ignore=None, packages_ignore_regex=None, paths=None, packages_up_to=None, packages_up_to_regex=None, packages_above=None, packages_above_and_dependencies=None, packages_above_depth=None, packages_select_by_dep=None, packages_skip_by_dep=None, packages_skip_up_to=None, packages_select_build_failed=False, packages_skip_build_finished=False, packages_select_test_failures=False, packages_skip_test_passed=False, packages_select=None, packages_skip=None, packages_select_regex=None, packages_skip_regex=None, packages_start=None, packages_end=None, cmake_args=None, cmake_target=None, cmake_target_skip_unavailable=False, cmake_clean_cache=False, cmake_clean_first=False, cmake_force_configure=False, ament_cmake_args=None, catkin_cmake_args=None, catkin_skip_building_tests=False, mixin_files=None, mixin=None, verb_parser=<colcon_mixin.mixin.mixin_argument.MixinArgumentDecorator object at 0x788decb976a0>, verb_extension=<colcon_core.verb.build.BuildVerb object at 0x788decc87370>, main=<bound method BuildVerb.main of <colcon_core.verb.build.BuildVerb object at 0x788decc87370>>, mixin_verb=('build',))
[0.113s] Level 1:colcon.colcon_core.package_discovery:discover_packages(colcon_meta) check parameters
[0.113s] INFO:colcon.colcon_metadata.package_discovery.colcon_meta:Using configuration from '/root/.colcon/metadata/default/Gazebo.meta'
[0.113s] INFO:colcon.colcon_metadata.package_discovery.colcon_meta:Using configuration from '/root/.colcon/metadata/default/fastdds.meta'
[0.113s] INFO:colcon.colcon_metadata.package_discovery.colcon_meta:Using configuration from '/root/.colcon/metadata/default/fastrtps.meta'
[0.113s] Level 1:colcon.colcon_core.package_discovery:discover_packages(recursive) check parameters
[0.114s] Level 1:colcon.colcon_core.package_discovery:discover_packages(ignore) check parameters
[0.114s] Level 1:colcon.colcon_core.package_discovery:discover_packages(path) check parameters
[0.114s] Level 1:colcon.colcon_core.package_discovery:discover_packages(colcon_meta) discover
[0.114s] Level 1:colcon.colcon_core.package_discovery:discover_packages(recursive) discover
[0.114s] INFO:colcon.colcon_core.package_discovery:Crawling recursively for packages in '/home/dong/Documents/LIMO_GAZEBO/ws_limo_humble/src'
[0.114s] Level 1:colcon.colcon_core.package_identification:_identify(.) by extensions ['ignore', 'ignore_ament_install']
[0.114s] Level 1:colcon.colcon_core.package_identification:_identify(.) by extension 'ignore'
[0.114s] Level 1:colcon.colcon_core.package_identification:_identify(.) by extension 'ignore_ament_install'
[0.114s] Level 1:colcon.colcon_core.package_identification:_identify(.) by extensions ['colcon_pkg']
[0.114s] Level 1:colcon.colcon_core.package_identification:_identify(.) by extension 'colcon_pkg'
[0.114s] Level 1:colcon.colcon_core.package_identification:_identify(.) by extensions ['colcon_meta']
[0.114s] Level 1:colcon.colcon_core.package_identification:_identify(.) by extension 'colcon_meta'
[0.114s] Level 1:colcon.colcon_core.package_identification:_identify(.) by extensions ['ros']
[0.114s] Level 1:colcon.colcon_core.package_identification:_identify(.) by extension 'ros'
[0.119s] Level 1:colcon.colcon_core.package_identification:_identify(.) by extensions ['cmake', 'python']
[0.119s] Level 1:colcon.colcon_core.package_identification:_identify(.) by extension 'cmake'
[0.120s] Level 1:colcon.colcon_core.package_identification:_identify(.) by extension 'python'
[0.120s] Level 1:colcon.colcon_core.package_identification:_identify(.) by extensions ['python_setup_py']
[0.120s] Level 1:colcon.colcon_core.package_identification:_identify(.) by extension 'python_setup_py'
[0.120s] Level 1:colcon.colcon_core.package_identification:_identify(build) by extensions ['ignore', 'ignore_ament_install']
[0.120s] Level 1:colcon.colcon_core.package_identification:_identify(build) by extension 'ignore'
[0.120s] Level 1:colcon.colcon_core.package_identification:_identify(build) ignored
[0.120s] Level 1:colcon.colcon_core.package_identification:_identify(install) by extensions ['ignore', 'ignore_ament_install']
[0.120s] Level 1:colcon.colcon_core.package_identification:_identify(install) by extension 'ignore'
[0.120s] Level 1:colcon.colcon_core.package_identification:_identify(install) ignored
[0.120s] Level 1:colcon.colcon_core.package_identification:_identify(limo_ros2) by extensions ['ignore', 'ignore_ament_install']
[0.120s] Level 1:colcon.colcon_core.package_identification:_identify(limo_ros2) by extension 'ignore'
[0.120s] Level 1:colcon.colcon_core.package_identification:_identify(limo_ros2) by extension 'ignore_ament_install'
[0.120s] Level 1:colcon.colcon_core.package_identification:_identify(limo_ros2) by extensions ['colcon_pkg']
[0.120s] Level 1:colcon.colcon_core.package_identification:_identify(limo_ros2) by extension 'colcon_pkg'
[0.120s] Level 1:colcon.colcon_core.package_identification:_identify(limo_ros2) by extensions ['colcon_meta']
[0.120s] Level 1:colcon.colcon_core.package_identification:_identify(limo_ros2) by extension 'colcon_meta'
[0.120s] Level 1:colcon.colcon_core.package_identification:_identify(limo_ros2) by extensions ['ros']
[0.120s] Level 1:colcon.colcon_core.package_identification:_identify(limo_ros2) by extension 'ros'
[0.120s] Level 1:colcon.colcon_core.package_identification:_identify(limo_ros2) by extensions ['cmake', 'python']
[0.120s] Level 1:colcon.colcon_core.package_identification:_identify(limo_ros2) by extension 'cmake'
[0.120s] Level 1:colcon.colcon_core.package_identification:_identify(limo_ros2) by extension 'python'
[0.120s] Level 1:colcon.colcon_core.package_identification:_identify(limo_ros2) by extensions ['python_setup_py']
[0.120s] Level 1:colcon.colcon_core.package_identification:_identify(limo_ros2) by extension 'python_setup_py'
[0.120s] Level 1:colcon.colcon_core.package_identification:_identify(limo_ros2/limo_base) by extensions ['ignore', 'ignore_ament_install']
[0.120s] Level 1:colcon.colcon_core.package_identification:_identify(limo_ros2/limo_base) by extension 'ignore'
[0.120s] Level 1:colcon.colcon_core.package_identification:_identify(limo_ros2/limo_base) by extension 'ignore_ament_install'
[0.120s] Level 1:colcon.colcon_core.package_identification:_identify(limo_ros2/limo_base) by extensions ['colcon_pkg']
[0.120s] Level 1:colcon.colcon_core.package_identification:_identify(limo_ros2/limo_base) by extension 'colcon_pkg'
[0.120s] Level 1:colcon.colcon_core.package_identification:_identify(limo_ros2/limo_base) by extensions ['colcon_meta']
[0.120s] Level 1:colcon.colcon_core.package_identification:_identify(limo_ros2/limo_base) by extension 'colcon_meta'
[0.120s] Level 1:colcon.colcon_core.package_identification:_identify(limo_ros2/limo_base) by extensions ['ros']
[0.120s] Level 1:colcon.colcon_core.package_identification:_identify(limo_ros2/limo_base) by extension 'ros'
[0.122s] DEBUG:colcon.colcon_core.package_identification:Package 'limo_ros2/limo_base' with type 'ros.ament_cmake' and name 'limo_base'
[0.122s] Level 1:colcon.colcon_core.package_identification:_identify(limo_ros2/limo_car) by extensions ['ignore', 'ignore_ament_install']
[0.122s] Level 1:colcon.colcon_core.package_identification:_identify(limo_ros2/limo_car) by extension 'ignore'
[0.122s] Level 1:colcon.colcon_core.package_identification:_identify(limo_ros2/limo_car) by extension 'ignore_ament_install'
[0.122s] Level 1:colcon.colcon_core.package_identification:_identify(limo_ros2/limo_car) by extensions ['colcon_pkg']
[0.122s] Level 1:colcon.colcon_core.package_identification:_identify(limo_ros2/limo_car) by extension 'colcon_pkg'
[0.122s] Level 1:colcon.colcon_core.package_identification:_identify(limo_ros2/limo_car) by extensions ['colcon_meta']
[0.122s] Level 1:colcon.colcon_core.package_identification:_identify(limo_ros2/limo_car) by extension 'colcon_meta'
[0.122s] Level 1:colcon.colcon_core.package_identification:_identify(limo_ros2/limo_car) by extensions ['ros']
[0.122s] Level 1:colcon.colcon_core.package_identification:_identify(limo_ros2/limo_car) by extension 'ros'
[0.122s] DEBUG:colcon.colcon_core.package_identification:Package 'limo_ros2/limo_car' with type 'ros.ament_cmake' and name 'limo_car'
[0.122s] Level 1:colcon.colcon_core.package_identification:_identify(limo_ros2/limo_description) by extensions ['ignore', 'ignore_ament_install']
[0.122s] Level 1:colcon.colcon_core.package_identification:_identify(limo_ros2/limo_description) by extension 'ignore'
[0.122s] Level 1:colcon.colcon_core.package_identification:_identify(limo_ros2/limo_description) by extension 'ignore_ament_install'
[0.123s] Level 1:colcon.colcon_core.package_identification:_identify(limo_ros2/limo_description) by extensions ['colcon_pkg']
[0.123s] Level 1:colcon.colcon_core.package_identification:_identify(limo_ros2/limo_description) by extension 'colcon_pkg'
[0.123s] Level 1:colcon.colcon_core.package_identification:_identify(limo_ros2/limo_description) by extensions ['colcon_meta']
[0.123s] Level 1:colcon.colcon_core.package_identification:_identify(limo_ros2/limo_description) by extension 'colcon_meta'
[0.123s] Level 1:colcon.colcon_core.package_identification:_identify(limo_ros2/limo_description) by extensions ['ros']
[0.123s] Level 1:colcon.colcon_core.package_identification:_identify(limo_ros2/limo_description) by extension 'ros'
[0.123s] DEBUG:colcon.colcon_core.package_identification:Package 'limo_ros2/limo_description' with type 'ros.ament_cmake' and name 'limo_description'
[0.123s] Level 1:colcon.colcon_core.package_identification:_identify(limo_ros2/limo_msgs) by extensions ['ignore', 'ignore_ament_install']
[0.123s] Level 1:colcon.colcon_core.package_identification:_identify(limo_ros2/limo_msgs) by extension 'ignore'
[0.123s] Level 1:colcon.colcon_core.package_identification:_identify(limo_ros2/limo_msgs) by extension 'ignore_ament_install'
[0.123s] Level 1:colcon.colcon_core.package_identification:_identify(limo_ros2/limo_msgs) by extensions ['colcon_pkg']
[0.123s] Level 1:colcon.colcon_core.package_identification:_identify(limo_ros2/limo_msgs) by extension 'colcon_pkg'
[0.123s] Level 1:colcon.colcon_core.package_identification:_identify(limo_ros2/limo_msgs) by extensions ['colcon_meta']
[0.123s] Level 1:colcon.colcon_core.package_identification:_identify(limo_ros2/limo_msgs) by extension 'colcon_meta'
[0.123s] Level 1:colcon.colcon_core.package_identification:_identify(limo_ros2/limo_msgs) by extensions ['ros']
[0.123s] Level 1:colcon.colcon_core.package_identification:_identify(limo_ros2/limo_msgs) by extension 'ros'
[0.123s] DEBUG:colcon.colcon_core.package_identification:Package 'limo_ros2/limo_msgs' with type 'ros.ament_cmake' and name 'limo_msgs'
[0.123s] Level 1:colcon.colcon_core.package_identification:_identify(log) by extensions ['ignore', 'ignore_ament_install']
[0.123s] Level 1:colcon.colcon_core.package_identification:_identify(log) by extension 'ignore'
[0.123s] Level 1:colcon.colcon_core.package_identification:_identify(log) ignored
[0.123s] Level 1:colcon.colcon_core.package_discovery:discover_packages(recursive) using defaults
[0.123s] Level 1:colcon.colcon_core.package_discovery:discover_packages(ignore) discover
[0.123s] Level 1:colcon.colcon_core.package_discovery:discover_packages(ignore) using defaults
[0.123s] Level 1:colcon.colcon_core.package_discovery:discover_packages(path) discover
[0.123s] Level 1:colcon.colcon_core.package_discovery:discover_packages(path) using defaults
[0.134s] Level 5:colcon.colcon_core.verb:set package 'limo_car' build argument 'cmake_args' from command line to 'None'
[0.134s] Level 5:colcon.colcon_core.verb:set package 'limo_car' build argument 'cmake_target' from command line to 'None'
[0.134s] Level 5:colcon.colcon_core.verb:set package 'limo_car' build argument 'cmake_target_skip_unavailable' from command line to 'False'
[0.134s] Level 5:colcon.colcon_core.verb:set package 'limo_car' build argument 'cmake_clean_cache' from command line to 'False'
[0.134s] Level 5:colcon.colcon_core.verb:set package 'limo_car' build argument 'cmake_clean_first' from command line to 'False'
[0.134s] Level 5:colcon.colcon_core.verb:set package 'limo_car' build argument 'cmake_force_configure' from command line to 'False'
[0.134s] Level 5:colcon.colcon_core.verb:set package 'limo_car' build argument 'ament_cmake_args' from command line to 'None'
[0.134s] Level 5:colcon.colcon_core.verb:set package 'limo_car' build argument 'catkin_cmake_args' from command line to 'None'
[0.134s] Level 5:colcon.colcon_core.verb:set package 'limo_car' build argument 'catkin_skip_building_tests' from command line to 'False'
[0.134s] DEBUG:colcon.colcon_core.verb:Building package 'limo_car' with the following arguments: {'ament_cmake_args': None, 'build_base': '/home/dong/Documents/LIMO_GAZEBO/ws_limo_humble/src/build/limo_car', 'catkin_cmake_args': None, 'catkin_skip_building_tests': False, 'cmake_args': None, 'cmake_clean_cache': False, 'cmake_clean_first': False, 'cmake_force_configure': False, 'cmake_target': None, 'cmake_target_skip_unavailable': False, 'install_base': '/home/dong/Documents/LIMO_GAZEBO/ws_limo_humble/src/install/limo_car', 'merge_install': False, 'path': '/home/dong/Documents/LIMO_GAZEBO/ws_limo_humble/src/limo_ros2/limo_car', 'symlink_install': True, 'test_result_base': None}
[0.134s] Level 5:colcon.colcon_core.verb:set package 'limo_description' build argument 'cmake_args' from command line to 'None'
[0.134s] Level 5:colcon.colcon_core.verb:set package 'limo_description' build argument 'cmake_target' from command line to 'None'
[0.134s] Level 5:colcon.colcon_core.verb:set package 'limo_description' build argument 'cmake_target_skip_unavailable' from command line to 'False'
[0.134s] Level 5:colcon.colcon_core.verb:set package 'limo_description' build argument 'cmake_clean_cache' from command line to 'False'
[0.134s] Level 5:colcon.colcon_core.verb:set package 'limo_description' build argument 'cmake_clean_first' from command line to 'False'
[0.134s] Level 5:colcon.colcon_core.verb:set package 'limo_description' build argument 'cmake_force_configure' from command line to 'False'
[0.134s] Level 5:colcon.colcon_core.verb:set package 'limo_description' build argument 'ament_cmake_args' from command line to 'None'
[0.134s] Level 5:colcon.colcon_core.verb:set package 'limo_description' build argument 'catkin_cmake_args' from command line to 'None'
[0.134s] Level 5:colcon.colcon_core.verb:set package 'limo_description' build argument 'catkin_skip_building_tests' from command line to 'False'
[0.134s] DEBUG:colcon.colcon_core.verb:Building package 'limo_description' with the following arguments: {'ament_cmake_args': None, 'build_base': '/home/dong/Documents/LIMO_GAZEBO/ws_limo_humble/src/build/limo_description', 'catkin_cmake_args': None, 'catkin_skip_building_tests': False, 'cmake_args': None, 'cmake_clean_cache': False, 'cmake_clean_first': False, 'cmake_force_configure': False, 'cmake_target': None, 'cmake_target_skip_unavailable': False, 'install_base': '/home/dong/Documents/LIMO_GAZEBO/ws_limo_humble/src/install/limo_description', 'merge_install': False, 'path': '/home/dong/Documents/LIMO_GAZEBO/ws_limo_humble/src/limo_ros2/limo_description', 'symlink_install': True, 'test_result_base': None}
[0.134s] Level 5:colcon.colcon_core.verb:set package 'limo_msgs' build argument 'cmake_args' from command line to 'None'
[0.134s] Level 5:colcon.colcon_core.verb:set package 'limo_msgs' build argument 'cmake_target' from command line to 'None'
[0.134s] Level 5:colcon.colcon_core.verb:set package 'limo_msgs' build argument 'cmake_target_skip_unavailable' from command line to 'False'
[0.134s] Level 5:colcon.colcon_core.verb:set package 'limo_msgs' build argument 'cmake_clean_cache' from command line to 'False'
[0.134s] Level 5:colcon.colcon_core.verb:set package 'limo_msgs' build argument 'cmake_clean_first' from command line to 'False'
[0.134s] Level 5:colcon.colcon_core.verb:set package 'limo_msgs' build argument 'cmake_force_configure' from command line to 'False'
[0.134s] Level 5:colcon.colcon_core.verb:set package 'limo_msgs' build argument 'ament_cmake_args' from command line to 'None'
[0.134s] Level 5:colcon.colcon_core.verb:set package 'limo_msgs' build argument 'catkin_cmake_args' from command line to 'None'
[0.134s] Level 5:colcon.colcon_core.verb:set package 'limo_msgs' build argument 'catkin_skip_building_tests' from command line to 'False'
[0.134s] DEBUG:colcon.colcon_core.verb:Building package 'limo_msgs' with the following arguments: {'ament_cmake_args': None, 'build_base': '/home/dong/Documents/LIMO_GAZEBO/ws_limo_humble/src/build/limo_msgs', 'catkin_cmake_args': None, 'catkin_skip_building_tests': False, 'cmake_args': None, 'cmake_clean_cache': False, 'cmake_clean_first': False, 'cmake_force_configure': False, 'cmake_target': None, 'cmake_target_skip_unavailable': False, 'install_base': '/home/dong/Documents/LIMO_GAZEBO/ws_limo_humble/src/install/limo_msgs', 'merge_install': False, 'path': '/home/dong/Documents/LIMO_GAZEBO/ws_limo_humble/src/limo_ros2/limo_msgs', 'symlink_install': True, 'test_result_base': None}
[0.134s] Level 5:colcon.colcon_core.verb:set package 'limo_base' build argument 'cmake_args' from command line to 'None'
[0.134s] Level 5:colcon.colcon_core.verb:set package 'limo_base' build argument 'cmake_target' from command line to 'None'
[0.134s] Level 5:colcon.colcon_core.verb:set package 'limo_base' build argument 'cmake_target_skip_unavailable' from command line to 'False'
[0.134s] Level 5:colcon.colcon_core.verb:set package 'limo_base' build argument 'cmake_clean_cache' from command line to 'False'
[0.134s] Level 5:colcon.colcon_core.verb:set package 'limo_base' build argument 'cmake_clean_first' from command line to 'False'
[0.134s] Level 5:colcon.colcon_core.verb:set package 'limo_base' build argument 'cmake_force_configure' from command line to 'False'
[0.134s] Level 5:colcon.colcon_core.verb:set package 'limo_base' build argument 'ament_cmake_args' from command line to 'None'
[0.134s] Level 5:colcon.colcon_core.verb:set package 'limo_base' build argument 'catkin_cmake_args' from command line to 'None'
[0.134s] Level 5:colcon.colcon_core.verb:set package 'limo_base' build argument 'catkin_skip_building_tests' from command line to 'False'
[0.134s] DEBUG:colcon.colcon_core.verb:Building package 'limo_base' with the following arguments: {'ament_cmake_args': None, 'build_base': '/home/dong/Documents/LIMO_GAZEBO/ws_limo_humble/src/build/limo_base', 'catkin_cmake_args': None, 'catkin_skip_building_tests': False, 'cmake_args': None, 'cmake_clean_cache': False, 'cmake_clean_first': False, 'cmake_force_configure': False, 'cmake_target': None, 'cmake_target_skip_unavailable': False, 'install_base': '/home/dong/Documents/LIMO_GAZEBO/ws_limo_humble/src/install/limo_base', 'merge_install': False, 'path': '/home/dong/Documents/LIMO_GAZEBO/ws_limo_humble/src/limo_ros2/limo_base', 'symlink_install': True, 'test_result_base': None}
[0.134s] INFO:colcon.colcon_core.executor:Executing jobs using 'parallel' executor
[0.135s] DEBUG:colcon.colcon_parallel_executor.executor.parallel:run_until_complete
[0.135s] INFO:colcon.colcon_ros.task.ament_cmake.build:Building ROS package in '/home/dong/Documents/LIMO_GAZEBO/ws_limo_humble/src/limo_ros2/limo_msgs' with build type 'ament_cmake'
[0.135s] INFO:colcon.colcon_cmake.task.cmake.build:Building CMake package in '/home/dong/Documents/LIMO_GAZEBO/ws_limo_humble/src/limo_ros2/limo_msgs'
[0.136s] INFO:colcon.colcon_core.plugin_system:Skipping extension 'colcon_core.shell.bat': Not used on non-Windows systems
[0.136s] INFO:colcon.colcon_core.shell:Skip shell extension 'powershell' for command environment: Not usable outside of PowerShell
[0.136s] DEBUG:colcon.colcon_core.shell:Skip shell extension 'dsv' for command environment
[0.139s] INFO:colcon.colcon_ros.task.ament_cmake.build:Building ROS package in '/home/dong/Documents/LIMO_GAZEBO/ws_limo_humble/src/limo_ros2/limo_car' with build type 'ament_cmake'
[0.139s] INFO:colcon.colcon_cmake.task.cmake.build:Building CMake package in '/home/dong/Documents/LIMO_GAZEBO/ws_limo_humble/src/limo_ros2/limo_car'
[0.139s] INFO:colcon.colcon_core.shell:Skip shell extension 'powershell' for command environment: Not usable outside of PowerShell
[0.139s] DEBUG:colcon.colcon_core.shell:Skip shell extension 'dsv' for command environment
[0.140s] INFO:colcon.colcon_ros.task.ament_cmake.build:Building ROS package in '/home/dong/Documents/LIMO_GAZEBO/ws_limo_humble/src/limo_ros2/limo_description' with build type 'ament_cmake'
[0.141s] INFO:colcon.colcon_cmake.task.cmake.build:Building CMake package in '/home/dong/Documents/LIMO_GAZEBO/ws_limo_humble/src/limo_ros2/limo_description'
[0.141s] INFO:colcon.colcon_core.shell:Skip shell extension 'powershell' for command environment: Not usable outside of PowerShell
[0.141s] DEBUG:colcon.colcon_core.shell:Skip shell extension 'dsv' for command environment
[0.146s] DEBUG:colcon.colcon_core.event_handler.log_command:Invoking command in '/home/dong/Documents/LIMO_GAZEBO/ws_limo_humble/src/build/limo_msgs': CMAKE_PREFIX_PATH=/opt/ros/humble /usr/bin/cmake --build /home/dong/Documents/LIMO_GAZEBO/ws_limo_humble/src/build/limo_msgs -- -j24 -l24
[0.146s] DEBUG:colcon.colcon_core.event_handler.log_command:Invoking command in '/home/dong/Documents/LIMO_GAZEBO/ws_limo_humble/src/build/limo_car': CMAKE_PREFIX_PATH=/opt/ros/humble /usr/bin/cmake --build /home/dong/Documents/LIMO_GAZEBO/ws_limo_humble/src/build/limo_car -- -j24 -l24
[0.150s] DEBUG:colcon.colcon_core.event_handler.log_command:Invoking command in '/home/dong/Documents/LIMO_GAZEBO/ws_limo_humble/src/build/limo_description': CMAKE_PREFIX_PATH=/opt/ros/humble /usr/bin/cmake --build /home/dong/Documents/LIMO_GAZEBO/ws_limo_humble/src/build/limo_description -- -j24 -l24
[0.176s] DEBUG:colcon.colcon_core.event_handler.log_command:Invoked command in '/home/dong/Documents/LIMO_GAZEBO/ws_limo_humble/src/build/limo_description' returned '0': CMAKE_PREFIX_PATH=/opt/ros/humble /usr/bin/cmake --build /home/dong/Documents/LIMO_GAZEBO/ws_limo_humble/src/build/limo_description -- -j24 -l24
[0.182s] DEBUG:colcon.colcon_core.event_handler.log_command:Invoking command in '/home/dong/Documents/LIMO_GAZEBO/ws_limo_humble/src/build/limo_description': CMAKE_PREFIX_PATH=/opt/ros/humble /usr/bin/cmake --install /home/dong/Documents/LIMO_GAZEBO/ws_limo_humble/src/build/limo_description
[0.183s] DEBUG:colcon.colcon_core.event_handler.log_command:Invoked command in '/home/dong/Documents/LIMO_GAZEBO/ws_limo_humble/src/build/limo_car' returned '0': CMAKE_PREFIX_PATH=/opt/ros/humble /usr/bin/cmake --build /home/dong/Documents/LIMO_GAZEBO/ws_limo_humble/src/build/limo_car -- -j24 -l24
[0.186s] DEBUG:colcon.colcon_core.event_handler.log_command:Invoking command in '/home/dong/Documents/LIMO_GAZEBO/ws_limo_humble/src/build/limo_car': CMAKE_PREFIX_PATH=/opt/ros/humble /usr/bin/cmake --install /home/dong/Documents/LIMO_GAZEBO/ws_limo_humble/src/build/limo_car
[0.199s] Level 1:colcon.colcon_core.environment:create_environment_scripts_only(limo_description)
[0.200s] DEBUG:colcon.colcon_core.event_handler.log_command:Invoked command in '/home/dong/Documents/LIMO_GAZEBO/ws_limo_humble/src/build/limo_description' returned '0': CMAKE_PREFIX_PATH=/opt/ros/humble /usr/bin/cmake --install /home/dong/Documents/LIMO_GAZEBO/ws_limo_humble/src/build/limo_description
[0.205s] Level 1:colcon.colcon_core.environment:checking '/home/dong/Documents/LIMO_GAZEBO/ws_limo_humble/src/install/limo_description' for CMake module files
[0.206s] Level 1:colcon.colcon_core.environment:checking '/home/dong/Documents/LIMO_GAZEBO/ws_limo_humble/src/install/limo_description' for CMake config files
[0.206s] Level 1:colcon.colcon_core.shell:create_environment_hook('limo_description', 'cmake_prefix_path')
[0.206s] INFO:colcon.colcon_core.shell:Creating environment hook '/home/dong/Documents/LIMO_GAZEBO/ws_limo_humble/src/install/limo_description/share/limo_description/hook/cmake_prefix_path.ps1'
[0.207s] INFO:colcon.colcon_core.shell:Creating environment descriptor '/home/dong/Documents/LIMO_GAZEBO/ws_limo_humble/src/install/limo_description/share/limo_description/hook/cmake_prefix_path.dsv'
[0.207s] INFO:colcon.colcon_core.shell:Creating environment hook '/home/dong/Documents/LIMO_GAZEBO/ws_limo_humble/src/install/limo_description/share/limo_description/hook/cmake_prefix_path.sh'
[0.208s] Level 1:colcon.colcon_core.environment:checking '/home/dong/Documents/LIMO_GAZEBO/ws_limo_humble/src/install/limo_description/bin'
[0.208s] Level 1:colcon.colcon_core.environment:checking '/home/dong/Documents/LIMO_GAZEBO/ws_limo_humble/src/install/limo_description/lib/pkgconfig/limo_description.pc'
[0.210s] Level 1:colcon.colcon_core.environment:checking '/home/dong/Documents/LIMO_GAZEBO/ws_limo_humble/src/install/limo_description/lib/python3.10/site-packages'
[0.211s] Level 1:colcon.colcon_core.environment:checking '/home/dong/Documents/LIMO_GAZEBO/ws_limo_humble/src/install/limo_description/bin'
[0.211s] INFO:colcon.colcon_core.shell:Creating package script '/home/dong/Documents/LIMO_GAZEBO/ws_limo_humble/src/install/limo_description/share/limo_description/package.ps1'
[0.212s] INFO:colcon.colcon_core.shell:Creating package descriptor '/home/dong/Documents/LIMO_GAZEBO/ws_limo_humble/src/install/limo_description/share/limo_description/package.dsv'
[0.212s] INFO:colcon.colcon_core.shell:Creating package script '/home/dong/Documents/LIMO_GAZEBO/ws_limo_humble/src/install/limo_description/share/limo_description/package.sh'
[0.213s] INFO:colcon.colcon_core.shell:Creating package script '/home/dong/Documents/LIMO_GAZEBO/ws_limo_humble/src/install/limo_description/share/limo_description/package.bash'
[0.221s] INFO:colcon.colcon_core.shell:Creating package script '/home/dong/Documents/LIMO_GAZEBO/ws_limo_humble/src/install/limo_description/share/limo_description/package.zsh'
[0.221s] Level 1:colcon.colcon_core.environment:create_file_with_runtime_dependencies(/home/dong/Documents/LIMO_GAZEBO/ws_limo_humble/src/install/limo_description/share/colcon-core/packages/limo_description)
[0.222s] Level 1:colcon.colcon_core.environment:create_environment_scripts_only(limo_description)
[0.222s] Level 1:colcon.colcon_core.environment:checking '/home/dong/Documents/LIMO_GAZEBO/ws_limo_humble/src/install/limo_description' for CMake module files
[0.222s] Level 1:colcon.colcon_core.environment:checking '/home/dong/Documents/LIMO_GAZEBO/ws_limo_humble/src/install/limo_description' for CMake config files
[0.222s] Level 1:colcon.colcon_core.shell:create_environment_hook('limo_description', 'cmake_prefix_path')
[0.222s] INFO:colcon.colcon_core.shell:Creating environment hook '/home/dong/Documents/LIMO_GAZEBO/ws_limo_humble/src/install/limo_description/share/limo_description/hook/cmake_prefix_path.ps1'
[0.222s] INFO:colcon.colcon_core.shell:Creating environment descriptor '/home/dong/Documents/LIMO_GAZEBO/ws_limo_humble/src/install/limo_description/share/limo_description/hook/cmake_prefix_path.dsv'
[0.223s] INFO:colcon.colcon_core.shell:Creating environment hook '/home/dong/Documents/LIMO_GAZEBO/ws_limo_humble/src/install/limo_description/share/limo_description/hook/cmake_prefix_path.sh'
[0.223s] Level 1:colcon.colcon_core.environment:checking '/home/dong/Documents/LIMO_GAZEBO/ws_limo_humble/src/install/limo_description/bin'
[0.223s] Level 1:colcon.colcon_core.environment:checking '/home/dong/Documents/LIMO_GAZEBO/ws_limo_humble/src/install/limo_description/lib/pkgconfig/limo_description.pc'
[0.223s] Level 1:colcon.colcon_core.environment:checking '/home/dong/Documents/LIMO_GAZEBO/ws_limo_humble/src/install/limo_description/lib/python3.10/site-packages'
[0.223s] Level 1:colcon.colcon_core.environment:checking '/home/dong/Documents/LIMO_GAZEBO/ws_limo_humble/src/install/limo_description/bin'
[0.223s] INFO:colcon.colcon_core.shell:Creating package script '/home/dong/Documents/LIMO_GAZEBO/ws_limo_humble/src/install/limo_description/share/limo_description/package.ps1'
[0.224s] INFO:colcon.colcon_core.shell:Creating package descriptor '/home/dong/Documents/LIMO_GAZEBO/ws_limo_humble/src/install/limo_description/share/limo_description/package.dsv'
[0.224s] INFO:colcon.colcon_core.shell:Creating package script '/home/dong/Documents/LIMO_GAZEBO/ws_limo_humble/src/install/limo_description/share/limo_description/package.sh'
[0.224s] INFO:colcon.colcon_core.shell:Creating package script '/home/dong/Documents/LIMO_GAZEBO/ws_limo_humble/src/install/limo_description/share/limo_description/package.bash'
[0.224s] INFO:colcon.colcon_core.shell:Creating package script '/home/dong/Documents/LIMO_GAZEBO/ws_limo_humble/src/install/limo_description/share/limo_description/package.zsh'
[0.224s] Level 1:colcon.colcon_core.environment:create_file_with_runtime_dependencies(/home/dong/Documents/LIMO_GAZEBO/ws_limo_humble/src/install/limo_description/share/colcon-core/packages/limo_description)
[0.225s] Level 1:colcon.colcon_core.environment:create_environment_scripts_only(limo_car)
[0.225s] Level 1:colcon.colcon_core.environment:checking '/home/dong/Documents/LIMO_GAZEBO/ws_limo_humble/src/install/limo_car' for CMake module files
[0.225s] Level 1:colcon.colcon_core.environment:checking '/home/dong/Documents/LIMO_GAZEBO/ws_limo_humble/src/install/limo_car' for CMake config files
[0.226s] Level 1:colcon.colcon_core.shell:create_environment_hook('limo_car', 'cmake_prefix_path')
[0.226s] INFO:colcon.colcon_core.shell:Creating environment hook '/home/dong/Documents/LIMO_GAZEBO/ws_limo_humble/src/install/limo_car/share/limo_car/hook/cmake_prefix_path.ps1'
[0.226s] INFO:colcon.colcon_core.shell:Creating environment descriptor '/home/dong/Documents/LIMO_GAZEBO/ws_limo_humble/src/install/limo_car/share/limo_car/hook/cmake_prefix_path.dsv'
[0.226s] INFO:colcon.colcon_core.shell:Creating environment hook '/home/dong/Documents/LIMO_GAZEBO/ws_limo_humble/src/install/limo_car/share/limo_car/hook/cmake_prefix_path.sh'
[0.226s] Level 1:colcon.colcon_core.environment:checking '/home/dong/Documents/LIMO_GAZEBO/ws_limo_humble/src/install/limo_car/lib'
[0.227s] Level 1:colcon.colcon_core.environment:checking '/home/dong/Documents/LIMO_GAZEBO/ws_limo_humble/src/install/limo_car/bin'
[0.227s] Level 1:colcon.colcon_core.environment:checking '/home/dong/Documents/LIMO_GAZEBO/ws_limo_humble/src/install/limo_car/lib/pkgconfig/limo_car.pc'
[0.227s] Level 1:colcon.colcon_core.environment:checking '/home/dong/Documents/LIMO_GAZEBO/ws_limo_humble/src/install/limo_car/lib/python3.10/site-packages'
[0.227s] Level 1:colcon.colcon_core.environment:checking '/home/dong/Documents/LIMO_GAZEBO/ws_limo_humble/src/install/limo_car/bin'
[0.227s] INFO:colcon.colcon_core.shell:Creating package script '/home/dong/Documents/LIMO_GAZEBO/ws_limo_humble/src/install/limo_car/share/limo_car/package.ps1'
[0.228s] INFO:colcon.colcon_core.shell:Creating package descriptor '/home/dong/Documents/LIMO_GAZEBO/ws_limo_humble/src/install/limo_car/share/limo_car/package.dsv'
[0.228s] DEBUG:colcon.colcon_core.event_handler.log_command:Invoked command in '/home/dong/Documents/LIMO_GAZEBO/ws_limo_humble/src/build/limo_car' returned '0': CMAKE_PREFIX_PATH=/opt/ros/humble /usr/bin/cmake --install /home/dong/Documents/LIMO_GAZEBO/ws_limo_humble/src/build/limo_car
[0.228s] INFO:colcon.colcon_core.shell:Creating package script '/home/dong/Documents/LIMO_GAZEBO/ws_limo_humble/src/install/limo_car/share/limo_car/package.sh'
[0.228s] INFO:colcon.colcon_core.shell:Creating package script '/home/dong/Documents/LIMO_GAZEBO/ws_limo_humble/src/install/limo_car/share/limo_car/package.bash'
[0.228s] INFO:colcon.colcon_core.shell:Creating package script '/home/dong/Documents/LIMO_GAZEBO/ws_limo_humble/src/install/limo_car/share/limo_car/package.zsh'
[0.228s] Level 1:colcon.colcon_core.environment:create_file_with_runtime_dependencies(/home/dong/Documents/LIMO_GAZEBO/ws_limo_humble/src/install/limo_car/share/colcon-core/packages/limo_car)
[0.229s] Level 1:colcon.colcon_core.environment:create_environment_scripts_only(limo_car)
[0.229s] Level 1:colcon.colcon_core.environment:checking '/home/dong/Documents/LIMO_GAZEBO/ws_limo_humble/src/install/limo_car' for CMake module files
[0.229s] Level 1:colcon.colcon_core.environment:checking '/home/dong/Documents/LIMO_GAZEBO/ws_limo_humble/src/install/limo_car' for CMake config files
[0.229s] Level 1:colcon.colcon_core.shell:create_environment_hook('limo_car', 'cmake_prefix_path')
[0.229s] INFO:colcon.colcon_core.shell:Creating environment hook '/home/dong/Documents/LIMO_GAZEBO/ws_limo_humble/src/install/limo_car/share/limo_car/hook/cmake_prefix_path.ps1'
[0.230s] INFO:colcon.colcon_core.shell:Creating environment descriptor '/home/dong/Documents/LIMO_GAZEBO/ws_limo_humble/src/install/limo_car/share/limo_car/hook/cmake_prefix_path.dsv'
[0.230s] INFO:colcon.colcon_core.shell:Creating environment hook '/home/dong/Documents/LIMO_GAZEBO/ws_limo_humble/src/install/limo_car/share/limo_car/hook/cmake_prefix_path.sh'
[0.230s] Level 1:colcon.colcon_core.environment:checking '/home/dong/Documents/LIMO_GAZEBO/ws_limo_humble/src/install/limo_car/lib'
[0.230s] Level 1:colcon.colcon_core.environment:checking '/home/dong/Documents/LIMO_GAZEBO/ws_limo_humble/src/install/limo_car/bin'
[0.230s] Level 1:colcon.colcon_core.environment:checking '/home/dong/Documents/LIMO_GAZEBO/ws_limo_humble/src/install/limo_car/lib/pkgconfig/limo_car.pc'
[0.230s] Level 1:colcon.colcon_core.environment:checking '/home/dong/Documents/LIMO_GAZEBO/ws_limo_humble/src/install/limo_car/lib/python3.10/site-packages'
[0.230s] Level 1:colcon.colcon_core.environment:checking '/home/dong/Documents/LIMO_GAZEBO/ws_limo_humble/src/install/limo_car/bin'
[0.230s] INFO:colcon.colcon_core.shell:Creating package script '/home/dong/Documents/LIMO_GAZEBO/ws_limo_humble/src/install/limo_car/share/limo_car/package.ps1'
[0.231s] INFO:colcon.colcon_core.shell:Creating package descriptor '/home/dong/Documents/LIMO_GAZEBO/ws_limo_humble/src/install/limo_car/share/limo_car/package.dsv'
[0.231s] INFO:colcon.colcon_core.shell:Creating package script '/home/dong/Documents/LIMO_GAZEBO/ws_limo_humble/src/install/limo_car/share/limo_car/package.sh'
[0.231s] INFO:colcon.colcon_core.shell:Creating package script '/home/dong/Documents/LIMO_GAZEBO/ws_limo_humble/src/install/limo_car/share/limo_car/package.bash'
[0.231s] INFO:colcon.colcon_core.shell:Creating package script '/home/dong/Documents/LIMO_GAZEBO/ws_limo_humble/src/install/limo_car/share/limo_car/package.zsh'
[0.231s] Level 1:colcon.colcon_core.environment:create_file_with_runtime_dependencies(/home/dong/Documents/LIMO_GAZEBO/ws_limo_humble/src/install/limo_car/share/colcon-core/packages/limo_car)
[0.332s] DEBUG:colcon.colcon_core.event_handler.log_command:Invoked command in '/home/dong/Documents/LIMO_GAZEBO/ws_limo_humble/src/build/limo_msgs' returned '0': CMAKE_PREFIX_PATH=/opt/ros/humble /usr/bin/cmake --build /home/dong/Documents/LIMO_GAZEBO/ws_limo_humble/src/build/limo_msgs -- -j24 -l24
[0.335s] DEBUG:colcon.colcon_core.event_handler.log_command:Invoking command in '/home/dong/Documents/LIMO_GAZEBO/ws_limo_humble/src/build/limo_msgs': CMAKE_PREFIX_PATH=/opt/ros/humble /usr/bin/cmake --install /home/dong/Documents/LIMO_GAZEBO/ws_limo_humble/src/build/limo_msgs
[0.378s] Level 1:colcon.colcon_core.environment:create_environment_scripts_only(limo_msgs)
[0.379s] Level 1:colcon.colcon_core.environment:checking '/home/dong/Documents/LIMO_GAZEBO/ws_limo_humble/src/install/limo_msgs' for CMake module files
[0.379s] DEBUG:colcon.colcon_core.event_handler.log_command:Invoked command in '/home/dong/Documents/LIMO_GAZEBO/ws_limo_humble/src/build/limo_msgs' returned '0': CMAKE_PREFIX_PATH=/opt/ros/humble /usr/bin/cmake --install /home/dong/Documents/LIMO_GAZEBO/ws_limo_humble/src/build/limo_msgs
[0.379s] Level 1:colcon.colcon_core.environment:checking '/home/dong/Documents/LIMO_GAZEBO/ws_limo_humble/src/install/limo_msgs' for CMake config files
[0.380s] Level 1:colcon.colcon_core.shell:create_environment_hook('limo_msgs', 'cmake_prefix_path')
[0.380s] INFO:colcon.colcon_core.shell:Creating environment hook '/home/dong/Documents/LIMO_GAZEBO/ws_limo_humble/src/install/limo_msgs/share/limo_msgs/hook/cmake_prefix_path.ps1'
[0.381s] INFO:colcon.colcon_core.shell:Creating environment descriptor '/home/dong/Documents/LIMO_GAZEBO/ws_limo_humble/src/install/limo_msgs/share/limo_msgs/hook/cmake_prefix_path.dsv'
[0.381s] INFO:colcon.colcon_core.shell:Creating environment hook '/home/dong/Documents/LIMO_GAZEBO/ws_limo_humble/src/install/limo_msgs/share/limo_msgs/hook/cmake_prefix_path.sh'
[0.381s] Level 1:colcon.colcon_core.environment:checking '/home/dong/Documents/LIMO_GAZEBO/ws_limo_humble/src/install/limo_msgs/lib'
[0.381s] Level 1:colcon.colcon_core.shell:create_environment_hook('limo_msgs', 'ld_library_path_lib')
[0.382s] INFO:colcon.colcon_core.shell:Creating environment hook '/home/dong/Documents/LIMO_GAZEBO/ws_limo_humble/src/install/limo_msgs/share/limo_msgs/hook/ld_library_path_lib.ps1'
[0.382s] INFO:colcon.colcon_core.shell:Creating environment descriptor '/home/dong/Documents/LIMO_GAZEBO/ws_limo_humble/src/install/limo_msgs/share/limo_msgs/hook/ld_library_path_lib.dsv'
[0.382s] INFO:colcon.colcon_core.shell:Creating environment hook '/home/dong/Documents/LIMO_GAZEBO/ws_limo_humble/src/install/limo_msgs/share/limo_msgs/hook/ld_library_path_lib.sh'
[0.382s] Level 1:colcon.colcon_core.environment:checking '/home/dong/Documents/LIMO_GAZEBO/ws_limo_humble/src/install/limo_msgs/bin'
[0.382s] Level 1:colcon.colcon_core.environment:checking '/home/dong/Documents/LIMO_GAZEBO/ws_limo_humble/src/install/limo_msgs/lib/pkgconfig/limo_msgs.pc'
[0.382s] Level 1:colcon.colcon_core.environment:checking '/home/dong/Documents/LIMO_GAZEBO/ws_limo_humble/src/install/limo_msgs/lib/python3.10/site-packages'
[0.382s] Level 1:colcon.colcon_core.environment:checking '/home/dong/Documents/LIMO_GAZEBO/ws_limo_humble/src/install/limo_msgs/bin'
[0.383s] INFO:colcon.colcon_core.shell:Creating package script '/home/dong/Documents/LIMO_GAZEBO/ws_limo_humble/src/install/limo_msgs/share/limo_msgs/package.ps1'
[0.383s] INFO:colcon.colcon_core.shell:Creating package descriptor '/home/dong/Documents/LIMO_GAZEBO/ws_limo_humble/src/install/limo_msgs/share/limo_msgs/package.dsv'
[0.383s] INFO:colcon.colcon_core.shell:Creating package script '/home/dong/Documents/LIMO_GAZEBO/ws_limo_humble/src/install/limo_msgs/share/limo_msgs/package.sh'
[0.383s] INFO:colcon.colcon_core.shell:Creating package script '/home/dong/Documents/LIMO_GAZEBO/ws_limo_humble/src/install/limo_msgs/share/limo_msgs/package.bash'
[0.383s] INFO:colcon.colcon_core.shell:Creating package script '/home/dong/Documents/LIMO_GAZEBO/ws_limo_humble/src/install/limo_msgs/share/limo_msgs/package.zsh'
[0.383s] Level 1:colcon.colcon_core.environment:create_file_with_runtime_dependencies(/home/dong/Documents/LIMO_GAZEBO/ws_limo_humble/src/install/limo_msgs/share/colcon-core/packages/limo_msgs)
[0.384s] Level 1:colcon.colcon_core.environment:create_environment_scripts_only(limo_msgs)
[0.384s] Level 1:colcon.colcon_core.environment:checking '/home/dong/Documents/LIMO_GAZEBO/ws_limo_humble/src/install/limo_msgs' for CMake module files
[0.384s] Level 1:colcon.colcon_core.environment:checking '/home/dong/Documents/LIMO_GAZEBO/ws_limo_humble/src/install/limo_msgs' for CMake config files
[0.384s] Level 1:colcon.colcon_core.shell:create_environment_hook('limo_msgs', 'cmake_prefix_path')
[0.384s] INFO:colcon.colcon_core.shell:Creating environment hook '/home/dong/Documents/LIMO_GAZEBO/ws_limo_humble/src/install/limo_msgs/share/limo_msgs/hook/cmake_prefix_path.ps1'
[0.385s] INFO:colcon.colcon_core.shell:Creating environment descriptor '/home/dong/Documents/LIMO_GAZEBO/ws_limo_humble/src/install/limo_msgs/share/limo_msgs/hook/cmake_prefix_path.dsv'
[0.385s] INFO:colcon.colcon_core.shell:Creating environment hook '/home/dong/Documents/LIMO_GAZEBO/ws_limo_humble/src/install/limo_msgs/share/limo_msgs/hook/cmake_prefix_path.sh'
[0.385s] Level 1:colcon.colcon_core.environment:checking '/home/dong/Documents/LIMO_GAZEBO/ws_limo_humble/src/install/limo_msgs/lib'
[0.385s] Level 1:colcon.colcon_core.shell:create_environment_hook('limo_msgs', 'ld_library_path_lib')
[0.385s] INFO:colcon.colcon_core.shell:Creating environment hook '/home/dong/Documents/LIMO_GAZEBO/ws_limo_humble/src/install/limo_msgs/share/limo_msgs/hook/ld_library_path_lib.ps1'
[0.385s] INFO:colcon.colcon_core.shell:Creating environment descriptor '/home/dong/Documents/LIMO_GAZEBO/ws_limo_humble/src/install/limo_msgs/share/limo_msgs/hook/ld_library_path_lib.dsv'
[0.385s] INFO:colcon.colcon_core.shell:Creating environment hook '/home/dong/Documents/LIMO_GAZEBO/ws_limo_humble/src/install/limo_msgs/share/limo_msgs/hook/ld_library_path_lib.sh'
[0.385s] Level 1:colcon.colcon_core.environment:checking '/home/dong/Documents/LIMO_GAZEBO/ws_limo_humble/src/install/limo_msgs/bin'
[0.385s] Level 1:colcon.colcon_core.environment:checking '/home/dong/Documents/LIMO_GAZEBO/ws_limo_humble/src/install/limo_msgs/lib/pkgconfig/limo_msgs.pc'
[0.386s] Level 1:colcon.colcon_core.environment:checking '/home/dong/Documents/LIMO_GAZEBO/ws_limo_humble/src/install/limo_msgs/lib/python3.10/site-packages'
[0.386s] Level 1:colcon.colcon_core.environment:checking '/home/dong/Documents/LIMO_GAZEBO/ws_limo_humble/src/install/limo_msgs/bin'
[0.386s] INFO:colcon.colcon_core.shell:Creating package script '/home/dong/Documents/LIMO_GAZEBO/ws_limo_humble/src/install/limo_msgs/share/limo_msgs/package.ps1'
[0.386s] INFO:colcon.colcon_core.shell:Creating package descriptor '/home/dong/Documents/LIMO_GAZEBO/ws_limo_humble/src/install/limo_msgs/share/limo_msgs/package.dsv'
[0.386s] INFO:colcon.colcon_core.shell:Creating package script '/home/dong/Documents/LIMO_GAZEBO/ws_limo_humble/src/install/limo_msgs/share/limo_msgs/package.sh'
[0.387s] INFO:colcon.colcon_core.shell:Creating package script '/home/dong/Documents/LIMO_GAZEBO/ws_limo_humble/src/install/limo_msgs/share/limo_msgs/package.bash'
[0.387s] INFO:colcon.colcon_core.shell:Creating package script '/home/dong/Documents/LIMO_GAZEBO/ws_limo_humble/src/install/limo_msgs/share/limo_msgs/package.zsh'
[0.387s] Level 1:colcon.colcon_core.environment:create_file_with_runtime_dependencies(/home/dong/Documents/LIMO_GAZEBO/ws_limo_humble/src/install/limo_msgs/share/colcon-core/packages/limo_msgs)
[0.387s] INFO:colcon.colcon_ros.task.ament_cmake.build:Building ROS package in '/home/dong/Documents/LIMO_GAZEBO/ws_limo_humble/src/limo_ros2/limo_base' with build type 'ament_cmake'
[0.387s] INFO:colcon.colcon_cmake.task.cmake.build:Building CMake package in '/home/dong/Documents/LIMO_GAZEBO/ws_limo_humble/src/limo_ros2/limo_base'
[0.387s] INFO:colcon.colcon_core.shell:Skip shell extension 'powershell' for command environment: Not usable outside of PowerShell
[0.387s] DEBUG:colcon.colcon_core.shell:Skip shell extension 'dsv' for command environment
[0.394s] DEBUG:colcon.colcon_core.event_handler.log_command:Invoking command in '/home/dong/Documents/LIMO_GAZEBO/ws_limo_humble/src/build/limo_base': AMENT_PREFIX_PATH=/home/dong/Documents/LIMO_GAZEBO/ws_limo_humble/src/install/limo_msgs:${AMENT_PREFIX_PATH} CMAKE_PREFIX_PATH=/home/dong/Documents/LIMO_GAZEBO/ws_limo_humble/src/install/limo_msgs:/opt/ros/humble LD_LIBRARY_PATH=/home/dong/Documents/LIMO_GAZEBO/ws_limo_humble/src/install/limo_msgs/lib:${LD_LIBRARY_PATH} PYTHONPATH=/home/dong/Documents/LIMO_GAZEBO/ws_limo_humble/src/install/limo_msgs/local/lib/python3.10/dist-packages:${PYTHONPATH} /usr/bin/cmake --build /home/dong/Documents/LIMO_GAZEBO/ws_limo_humble/src/build/limo_base -- -j24 -l24
[0.444s] DEBUG:colcon.colcon_core.event_handler.log_command:Invoked command in '/home/dong/Documents/LIMO_GAZEBO/ws_limo_humble/src/build/limo_base' returned '0': AMENT_PREFIX_PATH=/home/dong/Documents/LIMO_GAZEBO/ws_limo_humble/src/install/limo_msgs:${AMENT_PREFIX_PATH} CMAKE_PREFIX_PATH=/home/dong/Documents/LIMO_GAZEBO/ws_limo_humble/src/install/limo_msgs:/opt/ros/humble LD_LIBRARY_PATH=/home/dong/Documents/LIMO_GAZEBO/ws_limo_humble/src/install/limo_msgs/lib:${LD_LIBRARY_PATH} PYTHONPATH=/home/dong/Documents/LIMO_GAZEBO/ws_limo_humble/src/install/limo_msgs/local/lib/python3.10/dist-packages:${PYTHONPATH} /usr/bin/cmake --build /home/dong/Documents/LIMO_GAZEBO/ws_limo_humble/src/build/limo_base -- -j24 -l24
[0.444s] DEBUG:colcon.colcon_core.event_handler.log_command:Invoking command in '/home/dong/Documents/LIMO_GAZEBO/ws_limo_humble/src/build/limo_base': AMENT_PREFIX_PATH=/home/dong/Documents/LIMO_GAZEBO/ws_limo_humble/src/install/limo_msgs:${AMENT_PREFIX_PATH} CMAKE_PREFIX_PATH=/home/dong/Documents/LIMO_GAZEBO/ws_limo_humble/src/install/limo_msgs:/opt/ros/humble LD_LIBRARY_PATH=/home/dong/Documents/LIMO_GAZEBO/ws_limo_humble/src/install/limo_msgs/lib:${LD_LIBRARY_PATH} PYTHONPATH=/home/dong/Documents/LIMO_GAZEBO/ws_limo_humble/src/install/limo_msgs/local/lib/python3.10/dist-packages:${PYTHONPATH} /usr/bin/cmake --install /home/dong/Documents/LIMO_GAZEBO/ws_limo_humble/src/build/limo_base
[0.462s] Level 1:colcon.colcon_core.environment:create_environment_scripts_only(limo_base)
[0.463s] Level 1:colcon.colcon_core.environment:checking '/home/dong/Documents/LIMO_GAZEBO/ws_limo_humble/src/install/limo_base' for CMake module files
[0.463s] DEBUG:colcon.colcon_core.event_handler.log_command:Invoked command in '/home/dong/Documents/LIMO_GAZEBO/ws_limo_humble/src/build/limo_base' returned '0': AMENT_PREFIX_PATH=/home/dong/Documents/LIMO_GAZEBO/ws_limo_humble/src/install/limo_msgs:${AMENT_PREFIX_PATH} CMAKE_PREFIX_PATH=/home/dong/Documents/LIMO_GAZEBO/ws_limo_humble/src/install/limo_msgs:/opt/ros/humble LD_LIBRARY_PATH=/home/dong/Documents/LIMO_GAZEBO/ws_limo_humble/src/install/limo_msgs/lib:${LD_LIBRARY_PATH} PYTHONPATH=/home/dong/Documents/LIMO_GAZEBO/ws_limo_humble/src/install/limo_msgs/local/lib/python3.10/dist-packages:${PYTHONPATH} /usr/bin/cmake --install /home/dong/Documents/LIMO_GAZEBO/ws_limo_humble/src/build/limo_base
[0.463s] Level 1:colcon.colcon_core.environment:checking '/home/dong/Documents/LIMO_GAZEBO/ws_limo_humble/src/install/limo_base' for CMake config files
[0.463s] Level 1:colcon.colcon_core.shell:create_environment_hook('limo_base', 'cmake_prefix_path')
[0.464s] INFO:colcon.colcon_core.shell:Creating environment hook '/home/dong/Documents/LIMO_GAZEBO/ws_limo_humble/src/install/limo_base/share/limo_base/hook/cmake_prefix_path.ps1'
[0.464s] INFO:colcon.colcon_core.shell:Creating environment descriptor '/home/dong/Documents/LIMO_GAZEBO/ws_limo_humble/src/install/limo_base/share/limo_base/hook/cmake_prefix_path.dsv'
[0.464s] INFO:colcon.colcon_core.shell:Creating environment hook '/home/dong/Documents/LIMO_GAZEBO/ws_limo_humble/src/install/limo_base/share/limo_base/hook/cmake_prefix_path.sh'
[0.464s] Level 1:colcon.colcon_core.environment:checking '/home/dong/Documents/LIMO_GAZEBO/ws_limo_humble/src/install/limo_base/lib'
[0.464s] Level 1:colcon.colcon_core.environment:checking '/home/dong/Documents/LIMO_GAZEBO/ws_limo_humble/src/install/limo_base/bin'
[0.464s] Level 1:colcon.colcon_core.environment:checking '/home/dong/Documents/LIMO_GAZEBO/ws_limo_humble/src/install/limo_base/lib/pkgconfig/limo_base.pc'
[0.464s] Level 1:colcon.colcon_core.environment:checking '/home/dong/Documents/LIMO_GAZEBO/ws_limo_humble/src/install/limo_base/lib/python3.10/site-packages'
[0.465s] Level 1:colcon.colcon_core.environment:checking '/home/dong/Documents/LIMO_GAZEBO/ws_limo_humble/src/install/limo_base/bin'
[0.465s] INFO:colcon.colcon_core.shell:Creating package script '/home/dong/Documents/LIMO_GAZEBO/ws_limo_humble/src/install/limo_base/share/limo_base/package.ps1'
[0.465s] INFO:colcon.colcon_core.shell:Creating package descriptor '/home/dong/Documents/LIMO_GAZEBO/ws_limo_humble/src/install/limo_base/share/limo_base/package.dsv'
[0.465s] INFO:colcon.colcon_core.shell:Creating package script '/home/dong/Documents/LIMO_GAZEBO/ws_limo_humble/src/install/limo_base/share/limo_base/package.sh'
[0.465s] INFO:colcon.colcon_core.shell:Creating package script '/home/dong/Documents/LIMO_GAZEBO/ws_limo_humble/src/install/limo_base/share/limo_base/package.bash'
[0.465s] INFO:colcon.colcon_core.shell:Creating package script '/home/dong/Documents/LIMO_GAZEBO/ws_limo_humble/src/install/limo_base/share/limo_base/package.zsh'
[0.466s] Level 1:colcon.colcon_core.environment:create_file_with_runtime_dependencies(/home/dong/Documents/LIMO_GAZEBO/ws_limo_humble/src/install/limo_base/share/colcon-core/packages/limo_base)
[0.466s] Level 1:colcon.colcon_core.environment:create_environment_scripts_only(limo_base)
[0.466s] Level 1:colcon.colcon_core.environment:checking '/home/dong/Documents/LIMO_GAZEBO/ws_limo_humble/src/install/limo_base' for CMake module files
[0.466s] Level 1:colcon.colcon_core.environment:checking '/home/dong/Documents/LIMO_GAZEBO/ws_limo_humble/src/install/limo_base' for CMake config files
[0.466s] Level 1:colcon.colcon_core.shell:create_environment_hook('limo_base', 'cmake_prefix_path')
[0.466s] INFO:colcon.colcon_core.shell:Creating environment hook '/home/dong/Documents/LIMO_GAZEBO/ws_limo_humble/src/install/limo_base/share/limo_base/hook/cmake_prefix_path.ps1'
[0.467s] INFO:colcon.colcon_core.shell:Creating environment descriptor '/home/dong/Documents/LIMO_GAZEBO/ws_limo_humble/src/install/limo_base/share/limo_base/hook/cmake_prefix_path.dsv'
[0.467s] INFO:colcon.colcon_core.shell:Creating environment hook '/home/dong/Documents/LIMO_GAZEBO/ws_limo_humble/src/install/limo_base/share/limo_base/hook/cmake_prefix_path.sh'
[0.467s] Level 1:colcon.colcon_core.environment:checking '/home/dong/Documents/LIMO_GAZEBO/ws_limo_humble/src/install/limo_base/lib'
[0.467s] Level 1:colcon.colcon_core.environment:checking '/home/dong/Documents/LIMO_GAZEBO/ws_limo_humble/src/install/limo_base/bin'
[0.467s] Level 1:colcon.colcon_core.environment:checking '/home/dong/Documents/LIMO_GAZEBO/ws_limo_humble/src/install/limo_base/lib/pkgconfig/limo_base.pc'
[0.467s] Level 1:colcon.colcon_core.environment:checking '/home/dong/Documents/LIMO_GAZEBO/ws_limo_humble/src/install/limo_base/lib/python3.10/site-packages'
[0.467s] Level 1:colcon.colcon_core.environment:checking '/home/dong/Documents/LIMO_GAZEBO/ws_limo_humble/src/install/limo_base/bin'
[0.467s] INFO:colcon.colcon_core.shell:Creating package script '/home/dong/Documents/LIMO_GAZEBO/ws_limo_humble/src/install/limo_base/share/limo_base/package.ps1'
[0.468s] INFO:colcon.colcon_core.shell:Creating package descriptor '/home/dong/Documents/LIMO_GAZEBO/ws_limo_humble/src/install/limo_base/share/limo_base/package.dsv'
[0.468s] INFO:colcon.colcon_core.shell:Creating package script '/home/dong/Documents/LIMO_GAZEBO/ws_limo_humble/src/install/limo_base/share/limo_base/package.sh'
[0.468s] INFO:colcon.colcon_core.shell:Creating package script '/home/dong/Documents/LIMO_GAZEBO/ws_limo_humble/src/install/limo_base/share/limo_base/package.bash'
[0.468s] INFO:colcon.colcon_core.shell:Creating package script '/home/dong/Documents/LIMO_GAZEBO/ws_limo_humble/src/install/limo_base/share/limo_base/package.zsh'
[0.468s] Level 1:colcon.colcon_core.environment:create_file_with_runtime_dependencies(/home/dong/Documents/LIMO_GAZEBO/ws_limo_humble/src/install/limo_base/share/colcon-core/packages/limo_base)
[0.468s] DEBUG:colcon.colcon_parallel_executor.executor.parallel:closing loop
[0.469s] DEBUG:colcon.colcon_parallel_executor.executor.parallel:loop closed
[0.469s] DEBUG:colcon.colcon_parallel_executor.executor.parallel:run_until_complete finished with '0'
[0.469s] DEBUG:colcon.colcon_core.event_reactor:joining thread
[0.472s] INFO:colcon.colcon_core.plugin_system:Skipping extension 'colcon_notification.desktop_notification.notify_send': Could not find 'notify-send'
[0.472s] INFO:colcon.colcon_core.plugin_system:Skipping extension 'colcon_notification.desktop_notification.terminal_notifier': Not used on non-Darwin systems
[0.472s] INFO:colcon.colcon_core.plugin_system:Skipping extension 'colcon_notification.desktop_notification.win32': Not used on non-Windows systems
[0.472s] INFO:colcon.colcon_notification.desktop_notification:Sending desktop notification using 'notify2'
[0.474s] DEBUG:colcon.colcon_notification.desktop_notification.notify2:Failed to initialize notify2: org.freedesktop.DBus.Error.Spawn.ExecFailed: /usr/bin/dbus-launch terminated abnormally without any error message
[0.474s] DEBUG:colcon.colcon_core.event_reactor:joined thread
[0.474s] INFO:colcon.colcon_core.shell:Creating prefix script '/home/dong/Documents/LIMO_GAZEBO/ws_limo_humble/src/install/local_setup.ps1'
[0.475s] INFO:colcon.colcon_core.shell:Creating prefix util module '/home/dong/Documents/LIMO_GAZEBO/ws_limo_humble/src/install/_local_setup_util_ps1.py'
[0.476s] INFO:colcon.colcon_core.shell:Creating prefix chain script '/home/dong/Documents/LIMO_GAZEBO/ws_limo_humble/src/install/setup.ps1'
[0.476s] INFO:colcon.colcon_core.shell:Creating prefix script '/home/dong/Documents/LIMO_GAZEBO/ws_limo_humble/src/install/local_setup.sh'
[0.477s] INFO:colcon.colcon_core.shell:Creating prefix util module '/home/dong/Documents/LIMO_GAZEBO/ws_limo_humble/src/install/_local_setup_util_sh.py'
[0.477s] INFO:colcon.colcon_core.shell:Creating prefix chain script '/home/dong/Documents/LIMO_GAZEBO/ws_limo_humble/src/install/setup.sh'
[0.477s] INFO:colcon.colcon_core.shell:Creating prefix script '/home/dong/Documents/LIMO_GAZEBO/ws_limo_humble/src/install/local_setup.bash'
[0.477s] INFO:colcon.colcon_core.shell:Creating prefix chain script '/home/dong/Documents/LIMO_GAZEBO/ws_limo_humble/src/install/setup.bash'
[0.478s] INFO:colcon.colcon_core.shell:Creating prefix script '/home/dong/Documents/LIMO_GAZEBO/ws_limo_humble/src/install/local_setup.zsh'
[0.478s] INFO:colcon.colcon_core.shell:Creating prefix chain script '/home/dong/Documents/LIMO_GAZEBO/ws_limo_humble/src/install/setup.zsh'
