[0.011s] Invoking command in '/home/dong/Documents/LIMO_GAZEBO/ws_limo_humble/build/limo_msgs': CMAKE_PREFIX_PATH=/opt/ros/humble /usr/bin/cmake --build /home/dong/Documents/LIMO_GAZEBO/ws_limo_humble/build/limo_msgs -- -j24 -l24
[0.081s] [  3%] Built target limo_msgs__rs
[0.081s] [  6%] Built target limo_msgs__cpp
[0.091s] [  9%] Built target ament_cmake_python_symlink_limo_msgs
[0.091s] [ 15%] Built target limo_msgs__rosidl_generator_c
[0.103s] [ 25%] Built target limo_msgs__rosidl_typesupport_cpp
[0.104s] [ 34%] Built target limo_msgs__rosidl_typesupport_introspection_cpp
[0.104s] [ 43%] Built target limo_msgs__rosidl_typesupport_fastrtps_cpp
[0.108s] [ 53%] Built target limo_msgs__rosidl_typesupport_c
[0.111s] [ 62%] Built target limo_msgs__rosidl_typesupport_introspection_c
[0.111s] [ 71%] Built target limo_msgs__rosidl_typesupport_fastrtps_c
[0.123s] [ 71%] Built target limo_msgs
[0.140s] [ 75%] Built target limo_msgs__py
[0.155s] [ 81%] Built target limo_msgs__rosidl_generator_py
[0.176s] [ 87%] Built target limo_msgs__rosidl_typesupport_fastrtps_c__pyext
[0.176s] [ 93%] Built target limo_msgs__rosidl_typesupport_introspection_c__pyext
[0.178s] [100%] Built target limo_msgs__rosidl_typesupport_c__pyext
[0.213s] running egg_info
[0.213s] writing limo_msgs.egg-info/PKG-INFO
[0.213s] writing dependency_links to limo_msgs.egg-info/dependency_links.txt
[0.213s] writing top-level names to limo_msgs.egg-info/top_level.txt
[0.214s] reading manifest file 'limo_msgs.egg-info/SOURCES.txt'
[0.215s] writing manifest file 'limo_msgs.egg-info/SOURCES.txt'
[0.233s] [100%] Built target ament_cmake_python_build_limo_msgs_egg
[0.240s] Invoked command in '/home/dong/Documents/LIMO_GAZEBO/ws_limo_humble/build/limo_msgs' returned '0': CMAKE_PREFIX_PATH=/opt/ros/humble /usr/bin/cmake --build /home/dong/Documents/LIMO_GAZEBO/ws_limo_humble/build/limo_msgs -- -j24 -l24
[0.241s] Invoking command in '/home/dong/Documents/LIMO_GAZEBO/ws_limo_humble/build/limo_msgs': CMAKE_PREFIX_PATH=/opt/ros/humble /usr/bin/cmake --install /home/dong/Documents/LIMO_GAZEBO/ws_limo_humble/build/limo_msgs
[0.250s] -- Install configuration: ""
[0.250s] -- Execute custom install script
[0.251s] -- Up-to-date symlink: /home/dong/Documents/LIMO_GAZEBO/ws_limo_humble/install/limo_msgs/share/ament_index/resource_index/rosidl_interfaces/limo_msgs
[0.251s] -- Up-to-date symlink: /home/dong/Documents/LIMO_GAZEBO/ws_limo_humble/install/limo_msgs/include/limo_msgs/limo_msgs/msg/detail/limo_status__functions.h
[0.251s] -- Up-to-date symlink: /home/dong/Documents/LIMO_GAZEBO/ws_limo_humble/install/limo_msgs/include/limo_msgs/limo_msgs/msg/detail/limo_status__struct.h
[0.251s] -- Up-to-date symlink: /home/dong/Documents/LIMO_GAZEBO/ws_limo_humble/install/limo_msgs/include/limo_msgs/limo_msgs/msg/detail/limo_status__type_support.h
[0.251s] -- Up-to-date symlink: /home/dong/Documents/LIMO_GAZEBO/ws_limo_humble/install/limo_msgs/include/limo_msgs/limo_msgs/msg/limo_status.h
[0.251s] -- Up-to-date symlink: /home/dong/Documents/LIMO_GAZEBO/ws_limo_humble/install/limo_msgs/include/limo_msgs/limo_msgs/msg/rosidl_generator_c__visibility_control.h
[0.251s] -- Up-to-date symlink: /home/dong/Documents/LIMO_GAZEBO/ws_limo_humble/install/limo_msgs/share/limo_msgs/environment/library_path.sh
[0.251s] -- Up-to-date symlink: /home/dong/Documents/LIMO_GAZEBO/ws_limo_humble/install/limo_msgs/share/limo_msgs/environment/library_path.dsv
[0.251s] -- Up-to-date symlink: /home/dong/Documents/LIMO_GAZEBO/ws_limo_humble/install/limo_msgs/include/limo_msgs/limo_msgs/msg/detail/limo_status__rosidl_typesupport_fastrtps_c.h
[0.252s] -- Up-to-date symlink: /home/dong/Documents/LIMO_GAZEBO/ws_limo_humble/install/limo_msgs/include/limo_msgs/limo_msgs/msg/rosidl_typesupport_fastrtps_c__visibility_control.h
[0.252s] -- Up-to-date symlink: /home/dong/Documents/LIMO_GAZEBO/ws_limo_humble/install/limo_msgs/include/limo_msgs/limo_msgs/msg/detail/limo_status__builder.hpp
[0.252s] -- Up-to-date symlink: /home/dong/Documents/LIMO_GAZEBO/ws_limo_humble/install/limo_msgs/include/limo_msgs/limo_msgs/msg/detail/limo_status__struct.hpp
[0.252s] -- Up-to-date symlink: /home/dong/Documents/LIMO_GAZEBO/ws_limo_humble/install/limo_msgs/include/limo_msgs/limo_msgs/msg/detail/limo_status__traits.hpp
[0.252s] -- Up-to-date symlink: /home/dong/Documents/LIMO_GAZEBO/ws_limo_humble/install/limo_msgs/include/limo_msgs/limo_msgs/msg/detail/limo_status__type_support.hpp
[0.252s] -- Up-to-date symlink: /home/dong/Documents/LIMO_GAZEBO/ws_limo_humble/install/limo_msgs/include/limo_msgs/limo_msgs/msg/limo_status.hpp
[0.252s] -- Up-to-date symlink: /home/dong/Documents/LIMO_GAZEBO/ws_limo_humble/install/limo_msgs/include/limo_msgs/limo_msgs/msg/rosidl_generator_cpp__visibility_control.hpp
[0.252s] -- Up-to-date symlink: /home/dong/Documents/LIMO_GAZEBO/ws_limo_humble/install/limo_msgs/include/limo_msgs/limo_msgs/msg/detail/limo_status__rosidl_typesupport_fastrtps_cpp.hpp
[0.252s] -- Up-to-date symlink: /home/dong/Documents/LIMO_GAZEBO/ws_limo_humble/install/limo_msgs/include/limo_msgs/limo_msgs/msg/rosidl_typesupport_fastrtps_cpp__visibility_control.h
[0.252s] -- Up-to-date symlink: /home/dong/Documents/LIMO_GAZEBO/ws_limo_humble/install/limo_msgs/include/limo_msgs/limo_msgs/msg/detail/limo_status__rosidl_typesupport_introspection_c.h
[0.252s] -- Up-to-date symlink: /home/dong/Documents/LIMO_GAZEBO/ws_limo_humble/install/limo_msgs/include/limo_msgs/limo_msgs/msg/rosidl_typesupport_introspection_c__visibility_control.h
[0.253s] -- Up-to-date symlink: /home/dong/Documents/LIMO_GAZEBO/ws_limo_humble/install/limo_msgs/include/limo_msgs/limo_msgs/msg/detail/limo_status__rosidl_typesupport_introspection_cpp.hpp
[0.253s] -- Up-to-date symlink: /home/dong/Documents/LIMO_GAZEBO/ws_limo_humble/install/limo_msgs/share/limo_msgs/environment/pythonpath.sh
[0.253s] -- Up-to-date symlink: /home/dong/Documents/LIMO_GAZEBO/ws_limo_humble/install/limo_msgs/share/limo_msgs/environment/pythonpath.dsv
[0.253s] -- Up-to-date symlink: /home/dong/Documents/LIMO_GAZEBO/ws_limo_humble/install/limo_msgs/local/lib/python3.10/dist-packages/limo_msgs-0.0.0-py3.10.egg-info/PKG-INFO
[0.253s] -- Up-to-date symlink: /home/dong/Documents/LIMO_GAZEBO/ws_limo_humble/install/limo_msgs/local/lib/python3.10/dist-packages/limo_msgs-0.0.0-py3.10.egg-info/SOURCES.txt
[0.253s] -- Up-to-date symlink: /home/dong/Documents/LIMO_GAZEBO/ws_limo_humble/install/limo_msgs/local/lib/python3.10/dist-packages/limo_msgs-0.0.0-py3.10.egg-info/dependency_links.txt
[0.253s] -- Up-to-date symlink: /home/dong/Documents/LIMO_GAZEBO/ws_limo_humble/install/limo_msgs/local/lib/python3.10/dist-packages/limo_msgs-0.0.0-py3.10.egg-info/top_level.txt
[0.253s] -- Up-to-date symlink: /home/dong/Documents/LIMO_GAZEBO/ws_limo_humble/install/limo_msgs/local/lib/python3.10/dist-packages/limo_msgs/__init__.py
[0.253s] -- Up-to-date symlink: /home/dong/Documents/LIMO_GAZEBO/ws_limo_humble/install/limo_msgs/local/lib/python3.10/dist-packages/limo_msgs/_limo_msgs_s.ep.rosidl_typesupport_c.c
[0.253s] -- Up-to-date symlink: /home/dong/Documents/LIMO_GAZEBO/ws_limo_humble/install/limo_msgs/local/lib/python3.10/dist-packages/limo_msgs/_limo_msgs_s.ep.rosidl_typesupport_fastrtps_c.c
[0.253s] -- Up-to-date symlink: /home/dong/Documents/LIMO_GAZEBO/ws_limo_humble/install/limo_msgs/local/lib/python3.10/dist-packages/limo_msgs/_limo_msgs_s.ep.rosidl_typesupport_introspection_c.c
[0.253s] -- Up-to-date symlink: /home/dong/Documents/LIMO_GAZEBO/ws_limo_humble/install/limo_msgs/local/lib/python3.10/dist-packages/limo_msgs/liblimo_msgs__rosidl_generator_py.so
[0.253s] -- Up-to-date symlink: /home/dong/Documents/LIMO_GAZEBO/ws_limo_humble/install/limo_msgs/local/lib/python3.10/dist-packages/limo_msgs/limo_msgs_s__rosidl_typesupport_c.cpython-310-x86_64-linux-gnu.so
[0.254s] -- Up-to-date symlink: /home/dong/Documents/LIMO_GAZEBO/ws_limo_humble/install/limo_msgs/local/lib/python3.10/dist-packages/limo_msgs/limo_msgs_s__rosidl_typesupport_fastrtps_c.cpython-310-x86_64-linux-gnu.so
[0.254s] -- Up-to-date symlink: /home/dong/Documents/LIMO_GAZEBO/ws_limo_humble/install/limo_msgs/local/lib/python3.10/dist-packages/limo_msgs/limo_msgs_s__rosidl_typesupport_introspection_c.cpython-310-x86_64-linux-gnu.so
[0.254s] -- Up-to-date symlink: /home/dong/Documents/LIMO_GAZEBO/ws_limo_humble/install/limo_msgs/local/lib/python3.10/dist-packages/limo_msgs/msg/__init__.py
[0.254s] -- Up-to-date symlink: /home/dong/Documents/LIMO_GAZEBO/ws_limo_humble/install/limo_msgs/local/lib/python3.10/dist-packages/limo_msgs/msg/_limo_status.py
[0.254s] -- Up-to-date symlink: /home/dong/Documents/LIMO_GAZEBO/ws_limo_humble/install/limo_msgs/local/lib/python3.10/dist-packages/limo_msgs/msg/_limo_status_s.c
[0.254s] -- Up-to-date symlink: /home/dong/Documents/LIMO_GAZEBO/ws_limo_humble/install/limo_msgs/local/lib/python3.10/dist-packages/limo_msgs/limo_msgs_s__rosidl_typesupport_fastrtps_c.cpython-310-x86_64-linux-gnu.so
[0.254s] -- Up-to-date symlink: /home/dong/Documents/LIMO_GAZEBO/ws_limo_humble/install/limo_msgs/local/lib/python3.10/dist-packages/limo_msgs/limo_msgs_s__rosidl_typesupport_introspection_c.cpython-310-x86_64-linux-gnu.so
[0.254s] -- Up-to-date symlink: /home/dong/Documents/LIMO_GAZEBO/ws_limo_humble/install/limo_msgs/local/lib/python3.10/dist-packages/limo_msgs/limo_msgs_s__rosidl_typesupport_c.cpython-310-x86_64-linux-gnu.so
[0.254s] -- Up-to-date symlink: /home/dong/Documents/LIMO_GAZEBO/ws_limo_humble/install/limo_msgs/share/ament_index/resource_index/rust_packages/limo_msgs
[0.254s] -- Up-to-date symlink: /home/dong/Documents/LIMO_GAZEBO/ws_limo_humble/install/limo_msgs/share/limo_msgs/rust/Cargo.toml
[0.254s] -- Up-to-date symlink: /home/dong/Documents/LIMO_GAZEBO/ws_limo_humble/install/limo_msgs/share/limo_msgs/rust/build.rs
[0.255s] -- Up-to-date symlink: /home/dong/Documents/LIMO_GAZEBO/ws_limo_humble/install/limo_msgs/share/limo_msgs/rust/src/lib.rs
[0.255s] -- Up-to-date symlink: /home/dong/Documents/LIMO_GAZEBO/ws_limo_humble/install/limo_msgs/share/limo_msgs/rust/src/msg.rs
[0.255s] -- Up-to-date symlink: /home/dong/Documents/LIMO_GAZEBO/ws_limo_humble/install/limo_msgs/share/limo_msgs/rust/src/msg/rmw.rs
[0.255s] -- Up-to-date symlink: /home/dong/Documents/LIMO_GAZEBO/ws_limo_humble/install/limo_msgs/share/limo_msgs/msg/LimoStatus.idl
[0.255s] -- Up-to-date symlink: /home/dong/Documents/LIMO_GAZEBO/ws_limo_humble/install/limo_msgs/share/limo_msgs/msg/LimoStatus.msg
[0.255s] -- Up-to-date symlink: /home/dong/Documents/LIMO_GAZEBO/ws_limo_humble/install/limo_msgs/share/ament_index/resource_index/package_run_dependencies/limo_msgs
[0.255s] -- Up-to-date symlink: /home/dong/Documents/LIMO_GAZEBO/ws_limo_humble/install/limo_msgs/share/ament_index/resource_index/parent_prefix_path/limo_msgs
[0.255s] -- Up-to-date symlink: /home/dong/Documents/LIMO_GAZEBO/ws_limo_humble/install/limo_msgs/share/limo_msgs/environment/ament_prefix_path.sh
[0.255s] -- Up-to-date symlink: /home/dong/Documents/LIMO_GAZEBO/ws_limo_humble/install/limo_msgs/share/limo_msgs/environment/ament_prefix_path.dsv
[0.255s] -- Up-to-date symlink: /home/dong/Documents/LIMO_GAZEBO/ws_limo_humble/install/limo_msgs/share/limo_msgs/environment/path.sh
[0.255s] -- Up-to-date symlink: /home/dong/Documents/LIMO_GAZEBO/ws_limo_humble/install/limo_msgs/share/limo_msgs/environment/path.dsv
[0.256s] -- Up-to-date symlink: /home/dong/Documents/LIMO_GAZEBO/ws_limo_humble/install/limo_msgs/share/limo_msgs/local_setup.bash
[0.256s] -- Up-to-date symlink: /home/dong/Documents/LIMO_GAZEBO/ws_limo_humble/install/limo_msgs/share/limo_msgs/local_setup.sh
[0.256s] -- Up-to-date symlink: /home/dong/Documents/LIMO_GAZEBO/ws_limo_humble/install/limo_msgs/share/limo_msgs/local_setup.zsh
[0.256s] -- Up-to-date symlink: /home/dong/Documents/LIMO_GAZEBO/ws_limo_humble/install/limo_msgs/share/limo_msgs/local_setup.dsv
[0.256s] -- Symlinking: /home/dong/Documents/LIMO_GAZEBO/ws_limo_humble/install/limo_msgs/share/limo_msgs/package.dsv
[0.260s] -- Up-to-date symlink: /home/dong/Documents/LIMO_GAZEBO/ws_limo_humble/install/limo_msgs/share/ament_index/resource_index/packages/limo_msgs
[0.261s] -- Up-to-date symlink: /home/dong/Documents/LIMO_GAZEBO/ws_limo_humble/install/limo_msgs/share/limo_msgs/cmake/rosidl_cmake-extras.cmake
[0.261s] -- Up-to-date symlink: /home/dong/Documents/LIMO_GAZEBO/ws_limo_humble/install/limo_msgs/share/limo_msgs/cmake/ament_cmake_export_dependencies-extras.cmake
[0.261s] -- Up-to-date symlink: /home/dong/Documents/LIMO_GAZEBO/ws_limo_humble/install/limo_msgs/share/limo_msgs/cmake/ament_cmake_export_include_directories-extras.cmake
[0.261s] -- Up-to-date symlink: /home/dong/Documents/LIMO_GAZEBO/ws_limo_humble/install/limo_msgs/share/limo_msgs/cmake/ament_cmake_export_libraries-extras.cmake
[0.261s] -- Up-to-date symlink: /home/dong/Documents/LIMO_GAZEBO/ws_limo_humble/install/limo_msgs/share/limo_msgs/cmake/ament_cmake_export_targets-extras.cmake
[0.261s] -- Up-to-date symlink: /home/dong/Documents/LIMO_GAZEBO/ws_limo_humble/install/limo_msgs/share/limo_msgs/cmake/rosidl_cmake_export_typesupport_targets-extras.cmake
[0.261s] -- Up-to-date symlink: /home/dong/Documents/LIMO_GAZEBO/ws_limo_humble/install/limo_msgs/share/limo_msgs/cmake/rosidl_cmake_export_typesupport_libraries-extras.cmake
[0.261s] -- Up-to-date symlink: /home/dong/Documents/LIMO_GAZEBO/ws_limo_humble/install/limo_msgs/share/limo_msgs/cmake/rosidl_cmake_aggregate_target-extras.cmake
[0.261s] -- Up-to-date symlink: /home/dong/Documents/LIMO_GAZEBO/ws_limo_humble/install/limo_msgs/share/limo_msgs/cmake/limo_msgsConfig.cmake
[0.261s] -- Up-to-date symlink: /home/dong/Documents/LIMO_GAZEBO/ws_limo_humble/install/limo_msgs/share/limo_msgs/cmake/limo_msgsConfig-version.cmake
[0.261s] -- Up-to-date symlink: /home/dong/Documents/LIMO_GAZEBO/ws_limo_humble/install/limo_msgs/share/limo_msgs/package.xml
[0.261s] -- Up-to-date: /home/dong/Documents/LIMO_GAZEBO/ws_limo_humble/install/limo_msgs/lib/liblimo_msgs__rosidl_generator_c.so
[0.262s] -- Up-to-date: /home/dong/Documents/LIMO_GAZEBO/ws_limo_humble/install/limo_msgs/lib/liblimo_msgs__rosidl_typesupport_fastrtps_c.so
[0.262s] -- Up-to-date: /home/dong/Documents/LIMO_GAZEBO/ws_limo_humble/install/limo_msgs/lib/liblimo_msgs__rosidl_typesupport_fastrtps_cpp.so
[0.262s] -- Up-to-date: /home/dong/Documents/LIMO_GAZEBO/ws_limo_humble/install/limo_msgs/lib/liblimo_msgs__rosidl_typesupport_introspection_c.so
[0.262s] -- Up-to-date: /home/dong/Documents/LIMO_GAZEBO/ws_limo_humble/install/limo_msgs/lib/liblimo_msgs__rosidl_typesupport_c.so
[0.263s] -- Up-to-date: /home/dong/Documents/LIMO_GAZEBO/ws_limo_humble/install/limo_msgs/lib/liblimo_msgs__rosidl_typesupport_introspection_cpp.so
[0.263s] -- Up-to-date: /home/dong/Documents/LIMO_GAZEBO/ws_limo_humble/install/limo_msgs/lib/liblimo_msgs__rosidl_typesupport_cpp.so
[0.292s] Listing '/home/dong/Documents/LIMO_GAZEBO/ws_limo_humble/install/limo_msgs/local/lib/python3.10/dist-packages/limo_msgs'...
[0.292s] Listing '/home/dong/Documents/LIMO_GAZEBO/ws_limo_humble/install/limo_msgs/local/lib/python3.10/dist-packages/limo_msgs/msg'...
[0.294s] -- Up-to-date: /home/dong/Documents/LIMO_GAZEBO/ws_limo_humble/install/limo_msgs/lib/liblimo_msgs__rosidl_generator_py.so
[0.294s] -- Up-to-date: /home/dong/Documents/LIMO_GAZEBO/ws_limo_humble/install/limo_msgs/share/limo_msgs/cmake/export_limo_msgs__rosidl_generator_cExport.cmake
[0.294s] -- Up-to-date: /home/dong/Documents/LIMO_GAZEBO/ws_limo_humble/install/limo_msgs/share/limo_msgs/cmake/export_limo_msgs__rosidl_generator_cExport-noconfig.cmake
[0.294s] -- Up-to-date: /home/dong/Documents/LIMO_GAZEBO/ws_limo_humble/install/limo_msgs/share/limo_msgs/cmake/export_limo_msgs__rosidl_typesupport_fastrtps_cExport.cmake
[0.294s] -- Up-to-date: /home/dong/Documents/LIMO_GAZEBO/ws_limo_humble/install/limo_msgs/share/limo_msgs/cmake/export_limo_msgs__rosidl_typesupport_fastrtps_cExport-noconfig.cmake
[0.294s] -- Up-to-date: /home/dong/Documents/LIMO_GAZEBO/ws_limo_humble/install/limo_msgs/share/limo_msgs/cmake/export_limo_msgs__rosidl_generator_cppExport.cmake
[0.295s] -- Up-to-date: /home/dong/Documents/LIMO_GAZEBO/ws_limo_humble/install/limo_msgs/share/limo_msgs/cmake/export_limo_msgs__rosidl_typesupport_fastrtps_cppExport.cmake
[0.295s] -- Up-to-date: /home/dong/Documents/LIMO_GAZEBO/ws_limo_humble/install/limo_msgs/share/limo_msgs/cmake/export_limo_msgs__rosidl_typesupport_fastrtps_cppExport-noconfig.cmake
[0.295s] -- Up-to-date: /home/dong/Documents/LIMO_GAZEBO/ws_limo_humble/install/limo_msgs/share/limo_msgs/cmake/limo_msgs__rosidl_typesupport_introspection_cExport.cmake
[0.295s] -- Up-to-date: /home/dong/Documents/LIMO_GAZEBO/ws_limo_humble/install/limo_msgs/share/limo_msgs/cmake/limo_msgs__rosidl_typesupport_introspection_cExport-noconfig.cmake
[0.295s] -- Up-to-date: /home/dong/Documents/LIMO_GAZEBO/ws_limo_humble/install/limo_msgs/share/limo_msgs/cmake/limo_msgs__rosidl_typesupport_cExport.cmake
[0.295s] -- Up-to-date: /home/dong/Documents/LIMO_GAZEBO/ws_limo_humble/install/limo_msgs/share/limo_msgs/cmake/limo_msgs__rosidl_typesupport_cExport-noconfig.cmake
[0.295s] -- Up-to-date: /home/dong/Documents/LIMO_GAZEBO/ws_limo_humble/install/limo_msgs/share/limo_msgs/cmake/limo_msgs__rosidl_typesupport_introspection_cppExport.cmake
[0.295s] -- Up-to-date: /home/dong/Documents/LIMO_GAZEBO/ws_limo_humble/install/limo_msgs/share/limo_msgs/cmake/limo_msgs__rosidl_typesupport_introspection_cppExport-noconfig.cmake
[0.295s] -- Up-to-date: /home/dong/Documents/LIMO_GAZEBO/ws_limo_humble/install/limo_msgs/share/limo_msgs/cmake/limo_msgs__rosidl_typesupport_cppExport.cmake
[0.295s] -- Up-to-date: /home/dong/Documents/LIMO_GAZEBO/ws_limo_humble/install/limo_msgs/share/limo_msgs/cmake/limo_msgs__rosidl_typesupport_cppExport-noconfig.cmake
[0.295s] -- Up-to-date: /home/dong/Documents/LIMO_GAZEBO/ws_limo_humble/install/limo_msgs/share/limo_msgs/cmake/export_limo_msgs__rosidl_generator_pyExport.cmake
[0.295s] -- Up-to-date: /home/dong/Documents/LIMO_GAZEBO/ws_limo_humble/install/limo_msgs/share/limo_msgs/cmake/export_limo_msgs__rosidl_generator_pyExport-noconfig.cmake
[0.297s] Invoked command in '/home/dong/Documents/LIMO_GAZEBO/ws_limo_humble/build/limo_msgs' returned '0': CMAKE_PREFIX_PATH=/opt/ros/humble /usr/bin/cmake --install /home/dong/Documents/LIMO_GAZEBO/ws_limo_humble/build/limo_msgs
