[0.008s] Invoking command in '/home/dong/Documents/LIMO_GAZEBO/ws_limo_humble/src/build/limo_car': CMAKE_PREFIX_PATH=/opt/ros/humble /usr/bin/cmake /home/dong/Documents/LIMO_GAZEBO/ws_limo_humble/src/limo_ros2/limo_car -DAMENT_CMAKE_SYMLINK_INSTALL=1 -DCMAKE_INSTALL_PREFIX=/home/dong/Documents/LIMO_GAZEBO/ws_limo_humble/src/install/limo_car
[0.045s] -- The C compiler identification is GNU 11.4.0
[0.076s] -- The CXX compiler identification is GNU 11.4.0
[0.080s] -- Detecting C compiler ABI info
[0.129s] -- Detecting C compiler ABI info - done
[0.132s] -- Check for working C compiler: /usr/bin/cc - skipped
[0.132s] -- Detecting C compile features
[0.135s] -- Detecting C compile features - done
[0.135s] -- Detecting CXX compiler ABI info
[0.195s] -- Detecting CXX compiler ABI info - done
[0.199s] -- Check for working CXX compiler: /usr/bin/c++ - skipped
[0.199s] -- Detecting CXX compile features
[0.199s] -- Detecting CXX compile features - done
[0.201s] -- Found ament_cmake: 1.3.14 (/opt/ros/humble/share/ament_cmake/cmake)
[0.296s] -- Found Python3: /usr/bin/python3 (found version "3.10.12") found components: Interpreter 
[0.333s] -- Override CMake install command with custom implementation using symlinks instead of copying resources
[0.353s] -- Found ament_lint_auto: 0.12.15 (/opt/ros/humble/share/ament_lint_auto/cmake)
[0.410s] -- Added test 'flake8' to check Python code syntax and style conventions
[0.411s] -- Added test 'lint_cmake' to check CMake code style
[0.411s] -- Added test 'pep257' to check Python code against some of the docstring style conventions in PEP 257
[0.413s] -- Added test 'xmllint' to check XML markup files
[0.414s] -- Configuring done
[0.415s] -- Generating done
[0.416s] -- Build files have been written to: /home/dong/Documents/LIMO_GAZEBO/ws_limo_humble/src/build/limo_car
[0.419s] Invoked command in '/home/dong/Documents/LIMO_GAZEBO/ws_limo_humble/src/build/limo_car' returned '0': CMAKE_PREFIX_PATH=/opt/ros/humble /usr/bin/cmake /home/dong/Documents/LIMO_GAZEBO/ws_limo_humble/src/limo_ros2/limo_car -DAMENT_CMAKE_SYMLINK_INSTALL=1 -DCMAKE_INSTALL_PREFIX=/home/dong/Documents/LIMO_GAZEBO/ws_limo_humble/src/install/limo_car
[0.423s] Invoking command in '/home/dong/Documents/LIMO_GAZEBO/ws_limo_humble/src/build/limo_car': CMAKE_PREFIX_PATH=/opt/ros/humble /usr/bin/cmake --build /home/dong/Documents/LIMO_GAZEBO/ws_limo_humble/src/build/limo_car -- -j24 -l24
[0.447s] Invoked command in '/home/dong/Documents/LIMO_GAZEBO/ws_limo_humble/src/build/limo_car' returned '0': CMAKE_PREFIX_PATH=/opt/ros/humble /usr/bin/cmake --build /home/dong/Documents/LIMO_GAZEBO/ws_limo_humble/src/build/limo_car -- -j24 -l24
[0.454s] Invoking command in '/home/dong/Documents/LIMO_GAZEBO/ws_limo_humble/src/build/limo_car': CMAKE_PREFIX_PATH=/opt/ros/humble /usr/bin/cmake --install /home/dong/Documents/LIMO_GAZEBO/ws_limo_humble/src/build/limo_car
[0.457s] -- Install configuration: ""
[0.457s] -- Execute custom install script
[0.458s] -- Symlinking: /home/dong/Documents/LIMO_GAZEBO/ws_limo_humble/src/install/limo_car/share/limo_car/launch/__pycache__/ackermann_diagnostics.launch.cpython-310.pyc
[0.463s] -- Symlinking: /home/dong/Documents/LIMO_GAZEBO/ws_limo_humble/src/install/limo_car/share/limo_car/launch/__pycache__/roboracer_sim.launch.cpython-310.pyc
[0.468s] -- Symlinking: /home/dong/Documents/LIMO_GAZEBO/ws_limo_humble/src/install/limo_car/share/limo_car/launch/ackermann.launch.py
[0.473s] -- Symlinking: /home/dong/Documents/LIMO_GAZEBO/ws_limo_humble/src/install/limo_car/share/limo_car/launch/ackermann_gazebo.launch.py
[0.479s] -- Symlinking: /home/dong/Documents/LIMO_GAZEBO/ws_limo_humble/src/install/limo_car/share/limo_car/launch/display_ackermann.launch.py
[0.484s] -- Symlinking: /home/dong/Documents/LIMO_GAZEBO/ws_limo_humble/src/install/limo_car/share/limo_car/launch/four_diff.launch.py
[0.490s] -- Symlinking: /home/dong/Documents/LIMO_GAZEBO/ws_limo_humble/src/install/limo_car/share/limo_car/launch/roboracer_4diff_sim.launch.py
[0.494s] -- Symlinking: /home/dong/Documents/LIMO_GAZEBO/ws_limo_humble/src/install/limo_car/share/limo_car/launch/roboracer_sim.launch.py
[0.499s] -- Symlinking: /home/dong/Documents/LIMO_GAZEBO/ws_limo_humble/src/install/limo_car/share/limo_car/gazebo/ackermann.xacro
[0.505s] -- Symlinking: /home/dong/Documents/LIMO_GAZEBO/ws_limo_humble/src/install/limo_car/share/limo_car/gazebo/ackermann_with_sensor.xacro
[0.509s] -- Symlinking: /home/dong/Documents/LIMO_GAZEBO/ws_limo_humble/src/install/limo_car/share/limo_car/gazebo/four_diff.xacro
[0.514s] -- Symlinking: /home/dong/Documents/LIMO_GAZEBO/ws_limo_humble/src/install/limo_car/share/limo_car/gazebo/four_diff_with_sensor.xacro
[0.520s] -- Symlinking: /home/dong/Documents/LIMO_GAZEBO/ws_limo_humble/src/install/limo_car/share/limo_car/gazebo/sensor.xacro
[0.525s] -- Symlinking: /home/dong/Documents/LIMO_GAZEBO/ws_limo_humble/src/install/limo_car/share/limo_car/meshes/limo_base.dae
[0.531s] -- Symlinking: /home/dong/Documents/LIMO_GAZEBO/ws_limo_humble/src/install/limo_car/share/limo_car/meshes/limo_base.stl
[0.538s] -- Symlinking: /home/dong/Documents/LIMO_GAZEBO/ws_limo_humble/src/install/limo_car/share/limo_car/meshes/limo_wheel.dae
[0.544s] -- Symlinking: /home/dong/Documents/LIMO_GAZEBO/ws_limo_humble/src/install/limo_car/share/limo_car/meshes/limo_wheel.stl
[0.549s] -- Symlinking: /home/dong/Documents/LIMO_GAZEBO/ws_limo_humble/src/install/limo_car/share/limo_car/rviz/gazebo.rviz
[0.554s] -- Symlinking: /home/dong/Documents/LIMO_GAZEBO/ws_limo_humble/src/install/limo_car/share/limo_car/rviz/urdf.rviz
[0.561s] -- Symlinking: /home/dong/Documents/LIMO_GAZEBO/ws_limo_humble/src/install/limo_car/share/limo_car/urdf/limo_ackerman_base.xacro
[0.567s] -- Symlinking: /home/dong/Documents/LIMO_GAZEBO/ws_limo_humble/src/install/limo_car/share/limo_car/urdf/limo_anteil.xacro
[0.572s] -- Symlinking: /home/dong/Documents/LIMO_GAZEBO/ws_limo_humble/src/install/limo_car/share/limo_car/urdf/limo_steering_hinge.xacro
[0.577s] -- Symlinking: /home/dong/Documents/LIMO_GAZEBO/ws_limo_humble/src/install/limo_car/share/limo_car/worlds/roboracer/ifac_roboracer.world
[0.582s] -- Symlinking: /home/dong/Documents/LIMO_GAZEBO/ws_limo_humble/src/install/limo_car/share/limo_car/worlds/roboracer/ifac_roboracer_heightmap.png
[0.589s] -- Symlinking: /home/dong/Documents/LIMO_GAZEBO/ws_limo_humble/src/install/limo_car/lib/limo_car/ackermann_twist_adapter.py
[0.593s] -- Symlinking: /home/dong/Documents/LIMO_GAZEBO/ws_limo_humble/src/install/limo_car/share/ament_index/resource_index/package_run_dependencies/limo_car
[0.598s] -- Symlinking: /home/dong/Documents/LIMO_GAZEBO/ws_limo_humble/src/install/limo_car/share/ament_index/resource_index/parent_prefix_path/limo_car
[0.605s] -- Symlinking: /home/dong/Documents/LIMO_GAZEBO/ws_limo_humble/src/install/limo_car/share/limo_car/environment/ament_prefix_path.sh
[0.611s] -- Symlinking: /home/dong/Documents/LIMO_GAZEBO/ws_limo_humble/src/install/limo_car/share/limo_car/environment/ament_prefix_path.dsv
[0.617s] -- Symlinking: /home/dong/Documents/LIMO_GAZEBO/ws_limo_humble/src/install/limo_car/share/limo_car/environment/path.sh
[0.623s] -- Symlinking: /home/dong/Documents/LIMO_GAZEBO/ws_limo_humble/src/install/limo_car/share/limo_car/environment/path.dsv
[0.629s] -- Symlinking: /home/dong/Documents/LIMO_GAZEBO/ws_limo_humble/src/install/limo_car/share/limo_car/local_setup.bash
[0.635s] -- Symlinking: /home/dong/Documents/LIMO_GAZEBO/ws_limo_humble/src/install/limo_car/share/limo_car/local_setup.sh
[0.640s] -- Symlinking: /home/dong/Documents/LIMO_GAZEBO/ws_limo_humble/src/install/limo_car/share/limo_car/local_setup.zsh
[0.647s] -- Symlinking: /home/dong/Documents/LIMO_GAZEBO/ws_limo_humble/src/install/limo_car/share/limo_car/local_setup.dsv
[0.656s] -- Symlinking: /home/dong/Documents/LIMO_GAZEBO/ws_limo_humble/src/install/limo_car/share/limo_car/package.dsv
[0.657s] -- Symlinking: /home/dong/Documents/LIMO_GAZEBO/ws_limo_humble/src/install/limo_car/share/ament_index/resource_index/packages/limo_car
[0.663s] -- Symlinking: /home/dong/Documents/LIMO_GAZEBO/ws_limo_humble/src/install/limo_car/share/limo_car/cmake/limo_carConfig.cmake
[0.668s] -- Symlinking: /home/dong/Documents/LIMO_GAZEBO/ws_limo_humble/src/install/limo_car/share/limo_car/cmake/limo_carConfig-version.cmake
[0.675s] -- Symlinking: /home/dong/Documents/LIMO_GAZEBO/ws_limo_humble/src/install/limo_car/share/limo_car/package.xml
[0.684s] Invoked command in '/home/dong/Documents/LIMO_GAZEBO/ws_limo_humble/src/build/limo_car' returned '0': CMAKE_PREFIX_PATH=/opt/ros/humble /usr/bin/cmake --install /home/dong/Documents/LIMO_GAZEBO/ws_limo_humble/src/build/limo_car
