[0.007s] Invoking command in '/home/dong/Documents/LIMO_GAZEBO/ws_limo_humble/src/build/limo_base': AMENT_PREFIX_PATH=/home/dong/Documents/LIMO_GAZEBO/ws_limo_humble/src/install/limo_msgs:${AMENT_PREFIX_PATH} CMAKE_PREFIX_PATH=/home/dong/Documents/LIMO_GAZEBO/ws_limo_humble/src/install/limo_msgs:/opt/ros/humble LD_LIBRARY_PATH=/home/dong/Documents/LIMO_GAZEBO/ws_limo_humble/src/install/limo_msgs/lib:${LD_LIBRARY_PATH} PYTHONPATH=/home/dong/Documents/LIMO_GAZEBO/ws_limo_humble/src/install/limo_msgs/local/lib/python3.10/dist-packages:${PYTHONPATH} /usr/bin/cmake /home/dong/Documents/LIMO_GAZEBO/ws_limo_humble/src/limo_ros2/limo_base -DAMENT_CMAKE_SYMLINK_INSTALL=1 -DCMAKE_INSTALL_PREFIX=/home/dong/Documents/LIMO_GAZEBO/ws_limo_humble/src/install/limo_base
[0.038s] -- The C compiler identification is GNU 11.4.0
[0.067s] -- The CXX compiler identification is GNU 11.4.0
[0.071s] -- Detecting C compiler ABI info
[0.118s] -- Detecting C compiler ABI info - done
[0.121s] -- Check for working C compiler: /usr/bin/cc - skipped
[0.121s] -- Detecting C compile features
[0.121s] -- Detecting C compile features - done
[0.123s] -- Detecting CXX compiler ABI info
[0.177s] -- Detecting CXX compiler ABI info - done
[0.180s] -- Check for working CXX compiler: /usr/bin/c++ - skipped
[0.182s] -- Detecting CXX compile features
[0.182s] -- Detecting CXX compile features - done
[0.184s] -- Found ament_cmake: 1.3.14 (/opt/ros/humble/share/ament_cmake/cmake)
[0.278s] -- Found Python3: /usr/bin/python3 (found version "3.10.12") found components: Interpreter 
[0.307s] -- Override CMake install command with custom implementation using symlinks instead of copying resources
[0.328s] -- Found rclcpp: 16.0.19 (/opt/ros/humble/share/rclcpp/cmake)
[0.350s] -- Found rosidl_generator_c: 3.1.9 (/opt/ros/humble/share/rosidl_generator_c/cmake)
[0.352s] -- Found rosidl_adapter: 3.1.9 (/opt/ros/humble/share/rosidl_adapter/cmake)
[0.356s] -- Found rosidl_generator_cpp: 3.1.9 (/opt/ros/humble/share/rosidl_generator_cpp/cmake)
[0.363s] -- Using all available rosidl_typesupport_c: rosidl_typesupport_fastrtps_c;rosidl_typesupport_introspection_c
[0.371s] -- Using all available rosidl_typesupport_cpp: rosidl_typesupport_fastrtps_cpp;rosidl_typesupport_introspection_cpp
[0.395s] -- Found rmw_implementation_cmake: 6.1.3 (/opt/ros/humble/share/rmw_implementation_cmake/cmake)
[0.396s] -- Found rmw_fastrtps_cpp: 6.2.10 (/opt/ros/humble/share/rmw_fastrtps_cpp/cmake)
[0.462s] -- Found OpenSSL: /usr/lib/x86_64-linux-gnu/libcrypto.so (found version "3.0.2")  
[0.476s] -- Found FastRTPS: /opt/ros/humble/include  
[0.500s] -- Using RMW implementation 'rmw_fastrtps_cpp' as default
[0.505s] -- Looking for pthread.h
[0.559s] -- Looking for pthread.h - found
[0.560s] -- Performing Test CMAKE_HAVE_LIBC_PTHREAD
[0.613s] -- Performing Test CMAKE_HAVE_LIBC_PTHREAD - Success
[0.614s] -- Found Threads: TRUE  
[0.644s] -- Found geometry_msgs: 4.9.2 (/opt/ros/humble/share/geometry_msgs/cmake)
[0.650s] -- Found nav_msgs: 4.9.2 (/opt/ros/humble/share/nav_msgs/cmake)
[0.658s] -- Found sensor_msgs: 4.9.2 (/opt/ros/humble/share/sensor_msgs/cmake)
[0.666s] -- Found tf2: 0.25.22 (/opt/ros/humble/share/tf2/cmake)
[0.672s] -- Found tf2_ros: 0.25.22 (/opt/ros/humble/share/tf2_ros/cmake)
[0.714s] -- Found limo_msgs: 0.0.0 (/home/dong/Documents/LIMO_GAZEBO/ws_limo_humble/src/install/limo_msgs/share/limo_msgs/cmake)
[0.721s] -- Found tf2_geometry_msgs: 0.25.22 (/opt/ros/humble/share/tf2_geometry_msgs/cmake)
[0.729s] -- Found eigen3_cmake_module: 0.1.1 (/opt/ros/humble/share/eigen3_cmake_module/cmake)
[0.730s] -- Found Eigen3: TRUE (found version "3.4.0") 
[0.730s] -- Ensuring Eigen3 include directory is part of orocos-kdl CMake target
[0.731s] -- Found turtlesim: 1.4.3 (/opt/ros/humble/share/turtlesim/cmake)
[0.775s] -- Configuring done
[0.784s] -- Generating done
[0.787s] -- Build files have been written to: /home/dong/Documents/LIMO_GAZEBO/ws_limo_humble/src/build/limo_base
[0.795s] Invoked command in '/home/dong/Documents/LIMO_GAZEBO/ws_limo_humble/src/build/limo_base' returned '0': AMENT_PREFIX_PATH=/home/dong/Documents/LIMO_GAZEBO/ws_limo_humble/src/install/limo_msgs:${AMENT_PREFIX_PATH} CMAKE_PREFIX_PATH=/home/dong/Documents/LIMO_GAZEBO/ws_limo_humble/src/install/limo_msgs:/opt/ros/humble LD_LIBRARY_PATH=/home/dong/Documents/LIMO_GAZEBO/ws_limo_humble/src/install/limo_msgs/lib:${LD_LIBRARY_PATH} PYTHONPATH=/home/dong/Documents/LIMO_GAZEBO/ws_limo_humble/src/install/limo_msgs/local/lib/python3.10/dist-packages:${PYTHONPATH} /usr/bin/cmake /home/dong/Documents/LIMO_GAZEBO/ws_limo_humble/src/limo_ros2/limo_base -DAMENT_CMAKE_SYMLINK_INSTALL=1 -DCMAKE_INSTALL_PREFIX=/home/dong/Documents/LIMO_GAZEBO/ws_limo_humble/src/install/limo_base
[0.795s] Invoking command in '/home/dong/Documents/LIMO_GAZEBO/ws_limo_humble/src/build/limo_base': AMENT_PREFIX_PATH=/home/dong/Documents/LIMO_GAZEBO/ws_limo_humble/src/install/limo_msgs:${AMENT_PREFIX_PATH} CMAKE_PREFIX_PATH=/home/dong/Documents/LIMO_GAZEBO/ws_limo_humble/src/install/limo_msgs:/opt/ros/humble LD_LIBRARY_PATH=/home/dong/Documents/LIMO_GAZEBO/ws_limo_humble/src/install/limo_msgs/lib:${LD_LIBRARY_PATH} PYTHONPATH=/home/dong/Documents/LIMO_GAZEBO/ws_limo_humble/src/install/limo_msgs/local/lib/python3.10/dist-packages:${PYTHONPATH} /usr/bin/cmake --build /home/dong/Documents/LIMO_GAZEBO/ws_limo_humble/src/build/limo_base -- -j24 -l24
[0.837s] [ 16%] [32mBuilding CXX object CMakeFiles/limo_base.dir/src/serial_port.cpp.o[0m
[0.837s] [ 33%] [32mBuilding CXX object CMakeFiles/tf_pub.dir/src/tf_pub.cpp.o[0m
[0.838s] [ 50%] [32mBuilding CXX object CMakeFiles/limo_base.dir/src/limo_driver.cpp.o[0m
[0.839s] [ 66%] [32mBuilding CXX object CMakeFiles/limo_base.dir/src/limo_base_node.cpp.o[0m
[2.141s] [01m[K/home/dong/Documents/LIMO_GAZEBO/ws_limo_humble/src/limo_ros2/limo_base/src/limo_driver.cpp:[m[K In member function ‘[01m[Kvoid AgileX::LimoDriver::parseFrame(const AgileX::LimoFrame&)[m[K’:
[2.142s] [01m[K/home/dong/Documents/LIMO_GAZEBO/ws_limo_humble/src/limo_ros2/limo_base/src/limo_driver.cpp:298:21:[m[K [01;35m[Kwarning: [m[Kunused variable ‘[01m[Kleft_wheel_odom[m[K’ [[01;35m[K-Wunused-variable[m[K]
[2.142s]   298 |             int32_t [01;35m[Kleft_wheel_odom[m[K = (frame.data[3] & 0xff) | (frame.data[2] << 8) |
[2.142s]       |                     [01;35m[K^~~~~~~~~~~~~~~[m[K
[2.142s] [01m[K/home/dong/Documents/LIMO_GAZEBO/ws_limo_humble/src/limo_ros2/limo_base/src/limo_driver.cpp:300:21:[m[K [01;35m[Kwarning: [m[Kunused variable ‘[01m[Kright_wheel_odom[m[K’ [[01;35m[K-Wunused-variable[m[K]
[2.142s]   300 |             int32_t [01;35m[Kright_wheel_odom[m[K = (frame.data[7] & 0xff) | (frame.data[6] << 8) |
[2.142s]       |                     [01;35m[K^~~~~~~~~~~~~~~~[m[K
[2.144s] [01m[K/home/dong/Documents/LIMO_GAZEBO/ws_limo_humble/src/limo_ros2/limo_base/src/limo_driver.cpp:[m[K In member function ‘[01m[Kvoid AgileX::LimoDriver::publishIMUData(double)[m[K’:
[2.144s] [01m[K/home/dong/Documents/LIMO_GAZEBO/ws_limo_humble/src/limo_ros2/limo_base/src/limo_driver.cpp:489:16:[m[K [01;35m[Kwarning: [m[Kunused variable ‘[01m[Kpresent_theta_[m[K’ [[01;35m[K-Wunused-variable[m[K]
[2.144s]   489 |         double [01;35m[Kpresent_theta_[m[K =imu_data_.yaw;
[2.144s]       |                [01;35m[K^~~~~~~~~~~~~~[m[K
[2.144s] [01m[K/home/dong/Documents/LIMO_GAZEBO/ws_limo_humble/src/limo_ros2/limo_base/src/limo_driver.cpp:490:16:[m[K [01;35m[Kwarning: [m[Kunused variable ‘[01m[Klast_theta_[m[K’ [[01;35m[K-Wunused-variable[m[K]
[2.144s]   490 |         double [01;35m[Klast_theta_[m[K = imu_data_.yaw;
[2.144s]       |                [01;35m[K^~~~~~~~~~~[m[K
[2.833s] [ 83%] [32m[1mLinking CXX executable tf_pub[0m
[2.944s] [ 83%] Built target tf_pub
[5.485s] [100%] [32m[1mLinking CXX executable limo_base[0m
[5.741s] [100%] Built target limo_base
[5.752s] Invoked command in '/home/dong/Documents/LIMO_GAZEBO/ws_limo_humble/src/build/limo_base' returned '0': AMENT_PREFIX_PATH=/home/dong/Documents/LIMO_GAZEBO/ws_limo_humble/src/install/limo_msgs:${AMENT_PREFIX_PATH} CMAKE_PREFIX_PATH=/home/dong/Documents/LIMO_GAZEBO/ws_limo_humble/src/install/limo_msgs:/opt/ros/humble LD_LIBRARY_PATH=/home/dong/Documents/LIMO_GAZEBO/ws_limo_humble/src/install/limo_msgs/lib:${LD_LIBRARY_PATH} PYTHONPATH=/home/dong/Documents/LIMO_GAZEBO/ws_limo_humble/src/install/limo_msgs/local/lib/python3.10/dist-packages:${PYTHONPATH} /usr/bin/cmake --build /home/dong/Documents/LIMO_GAZEBO/ws_limo_humble/src/build/limo_base -- -j24 -l24
[5.753s] Invoking command in '/home/dong/Documents/LIMO_GAZEBO/ws_limo_humble/src/build/limo_base': AMENT_PREFIX_PATH=/home/dong/Documents/LIMO_GAZEBO/ws_limo_humble/src/install/limo_msgs:${AMENT_PREFIX_PATH} CMAKE_PREFIX_PATH=/home/dong/Documents/LIMO_GAZEBO/ws_limo_humble/src/install/limo_msgs:/opt/ros/humble LD_LIBRARY_PATH=/home/dong/Documents/LIMO_GAZEBO/ws_limo_humble/src/install/limo_msgs/lib:${LD_LIBRARY_PATH} PYTHONPATH=/home/dong/Documents/LIMO_GAZEBO/ws_limo_humble/src/install/limo_msgs/local/lib/python3.10/dist-packages:${PYTHONPATH} /usr/bin/cmake --install /home/dong/Documents/LIMO_GAZEBO/ws_limo_humble/src/build/limo_base
[5.759s] -- Install configuration: ""
[5.759s] -- Execute custom install script
[5.759s] -- Symlinking: /home/dong/Documents/LIMO_GAZEBO/ws_limo_humble/src/install/limo_base/include/limo_base/limo_driver.h
[5.763s] -- Symlinking: /home/dong/Documents/LIMO_GAZEBO/ws_limo_humble/src/install/limo_base/include/limo_base/limo_protocol.h
[5.768s] -- Symlinking: /home/dong/Documents/LIMO_GAZEBO/ws_limo_humble/src/install/limo_base/include/limo_base/serial_port.h
[5.775s] -- Symlinking: /home/dong/Documents/LIMO_GAZEBO/ws_limo_humble/src/install/limo_base/lib/limo_base/limo_base
[5.780s] -- Symlinking: /home/dong/Documents/LIMO_GAZEBO/ws_limo_humble/src/install/limo_base/lib/limo_base/tf_pub
[5.785s] -- Symlinking: /home/dong/Documents/LIMO_GAZEBO/ws_limo_humble/src/install/limo_base/share/limo_base//launch/limo_base.launch.py
[5.788s] -- Symlinking: /home/dong/Documents/LIMO_GAZEBO/ws_limo_humble/src/install/limo_base/share/limo_base//launch/open_ydlidar_launch.py
[5.792s] -- Symlinking: /home/dong/Documents/LIMO_GAZEBO/ws_limo_humble/src/install/limo_base/share/limo_base//launch/start_limo.launch.py
[5.798s] -- Symlinking: /home/dong/Documents/LIMO_GAZEBO/ws_limo_humble/src/install/limo_base/share/limo_base//src/limo_base_node.cpp
[5.807s] -- Symlinking: /home/dong/Documents/LIMO_GAZEBO/ws_limo_humble/src/install/limo_base/share/limo_base//src/limo_driver.cpp
[5.811s] -- Symlinking: /home/dong/Documents/LIMO_GAZEBO/ws_limo_humble/src/install/limo_base/share/limo_base//src/serial_port.cpp
[5.817s] -- Symlinking: /home/dong/Documents/LIMO_GAZEBO/ws_limo_humble/src/install/limo_base/share/limo_base//src/tf_pub.cpp
[5.822s] -- Symlinking: /home/dong/Documents/LIMO_GAZEBO/ws_limo_humble/src/install/limo_base/share/ament_index/resource_index/package_run_dependencies/limo_base
[5.829s] -- Symlinking: /home/dong/Documents/LIMO_GAZEBO/ws_limo_humble/src/install/limo_base/share/ament_index/resource_index/parent_prefix_path/limo_base
[5.834s] -- Symlinking: /home/dong/Documents/LIMO_GAZEBO/ws_limo_humble/src/install/limo_base/share/limo_base/environment/ament_prefix_path.sh
[5.839s] -- Symlinking: /home/dong/Documents/LIMO_GAZEBO/ws_limo_humble/src/install/limo_base/share/limo_base/environment/ament_prefix_path.dsv
[5.844s] -- Symlinking: /home/dong/Documents/LIMO_GAZEBO/ws_limo_humble/src/install/limo_base/share/limo_base/environment/path.sh
[5.849s] -- Symlinking: /home/dong/Documents/LIMO_GAZEBO/ws_limo_humble/src/install/limo_base/share/limo_base/environment/path.dsv
[5.852s] -- Symlinking: /home/dong/Documents/LIMO_GAZEBO/ws_limo_humble/src/install/limo_base/share/limo_base/local_setup.bash
[5.857s] -- Symlinking: /home/dong/Documents/LIMO_GAZEBO/ws_limo_humble/src/install/limo_base/share/limo_base/local_setup.sh
[5.862s] -- Symlinking: /home/dong/Documents/LIMO_GAZEBO/ws_limo_humble/src/install/limo_base/share/limo_base/local_setup.zsh
[5.870s] -- Symlinking: /home/dong/Documents/LIMO_GAZEBO/ws_limo_humble/src/install/limo_base/share/limo_base/local_setup.dsv
[5.875s] -- Symlinking: /home/dong/Documents/LIMO_GAZEBO/ws_limo_humble/src/install/limo_base/share/limo_base/package.dsv
[5.880s] -- Symlinking: /home/dong/Documents/LIMO_GAZEBO/ws_limo_humble/src/install/limo_base/share/ament_index/resource_index/packages/limo_base
[5.884s] -- Symlinking: /home/dong/Documents/LIMO_GAZEBO/ws_limo_humble/src/install/limo_base/share/limo_base/cmake/ament_cmake_export_include_directories-extras.cmake
[5.889s] -- Symlinking: /home/dong/Documents/LIMO_GAZEBO/ws_limo_humble/src/install/limo_base/share/limo_base/cmake/limo_baseConfig.cmake
[5.896s] -- Symlinking: /home/dong/Documents/LIMO_GAZEBO/ws_limo_humble/src/install/limo_base/share/limo_base/cmake/limo_baseConfig-version.cmake
[5.901s] -- Symlinking: /home/dong/Documents/LIMO_GAZEBO/ws_limo_humble/src/install/limo_base/share/limo_base/package.xml
[5.909s] Invoked command in '/home/dong/Documents/LIMO_GAZEBO/ws_limo_humble/src/build/limo_base' returned '0': AMENT_PREFIX_PATH=/home/dong/Documents/LIMO_GAZEBO/ws_limo_humble/src/install/limo_msgs:${AMENT_PREFIX_PATH} CMAKE_PREFIX_PATH=/home/dong/Documents/LIMO_GAZEBO/ws_limo_humble/src/install/limo_msgs:/opt/ros/humble LD_LIBRARY_PATH=/home/dong/Documents/LIMO_GAZEBO/ws_limo_humble/src/install/limo_msgs/lib:${LD_LIBRARY_PATH} PYTHONPATH=/home/dong/Documents/LIMO_GAZEBO/ws_limo_humble/src/install/limo_msgs/local/lib/python3.10/dist-packages:${PYTHONPATH} /usr/bin/cmake --install /home/dong/Documents/LIMO_GAZEBO/ws_limo_humble/src/build/limo_base
