[0.013s] Invoking command in '/home/dong/Documents/LIMO_GAZEBO/ws_limo_humble/build/limo_description': CMAKE_PREFIX_PATH=/opt/ros/humble /usr/bin/cmake --build /home/dong/Documents/LIMO_GAZEBO/ws_limo_humble/build/limo_description -- -j24 -l24
[0.079s] Invoked command in '/home/dong/Documents/LIMO_GAZEBO/ws_limo_humble/build/limo_description' returned '0': CMAKE_PREFIX_PATH=/opt/ros/humble /usr/bin/cmake --build /home/dong/Documents/LIMO_GAZEBO/ws_limo_humble/build/limo_description -- -j24 -l24
[0.090s] Invoking command in '/home/dong/Documents/LIMO_GAZEBO/ws_limo_humble/build/limo_description': CMAKE_PREFIX_PATH=/opt/ros/humble /usr/bin/cmake --install /home/dong/Documents/LIMO_GAZEBO/ws_limo_humble/build/limo_description
[0.100s] -- Install configuration: ""
[0.102s] -- Execute custom install script
[0.102s] -- Up-to-date symlink: /home/dong/Documents/LIMO_GAZEBO/ws_limo_humble/install/limo_description/share/limo_description/launch/display_models_diff.launch.py
[0.102s] -- Up-to-date symlink: /home/dong/Documents/LIMO_GAZEBO/ws_limo_humble/install/limo_description/share/limo_description/launch/gazebo_models_diff.launch.py
[0.102s] -- Up-to-date symlink: /home/dong/Documents/LIMO_GAZEBO/ws_limo_humble/install/limo_description/share/limo_description/meshes/limo_base.dae
[0.102s] -- Up-to-date symlink: /home/dong/Documents/LIMO_GAZEBO/ws_limo_humble/install/limo_description/share/limo_description/meshes/limo_base.stl
[0.102s] -- Up-to-date symlink: /home/dong/Documents/LIMO_GAZEBO/ws_limo_humble/install/limo_description/share/limo_description/meshes/limo_wheel.dae
[0.102s] -- Up-to-date symlink: /home/dong/Documents/LIMO_GAZEBO/ws_limo_humble/install/limo_description/share/limo_description/meshes/limo_wheel.stl
[0.103s] -- Up-to-date symlink: /home/dong/Documents/LIMO_GAZEBO/ws_limo_humble/install/limo_description/share/limo_description/rviz/model_display.rviz
[0.104s] -- Up-to-date symlink: /home/dong/Documents/LIMO_GAZEBO/ws_limo_humble/install/limo_description/share/limo_description/rviz/urdf.rviz
[0.104s] -- Up-to-date symlink: /home/dong/Documents/LIMO_GAZEBO/ws_limo_humble/install/limo_description/share/limo_description/urdf/limo_ackerman.gazebo
[0.104s] -- Up-to-date symlink: /home/dong/Documents/LIMO_GAZEBO/ws_limo_humble/install/limo_description/share/limo_description/urdf/limo_ackerman.xacro
[0.104s] -- Up-to-date symlink: /home/dong/Documents/LIMO_GAZEBO/ws_limo_humble/install/limo_description/share/limo_description/urdf/limo_four_diff.gazebo
[0.104s] -- Up-to-date symlink: /home/dong/Documents/LIMO_GAZEBO/ws_limo_humble/install/limo_description/share/limo_description/urdf/limo_four_diff.xacro
[0.105s] -- Up-to-date symlink: /home/dong/Documents/LIMO_GAZEBO/ws_limo_humble/install/limo_description/share/limo_description/urdf/limo_four_diff_2.gazebo
[0.105s] -- Up-to-date symlink: /home/dong/Documents/LIMO_GAZEBO/ws_limo_humble/install/limo_description/share/limo_description/urdf/limo_gazebo.gazebo
[0.107s] -- Up-to-date symlink: /home/dong/Documents/LIMO_GAZEBO/ws_limo_humble/install/limo_description/share/limo_description/urdf/limo_steering_hinge.xacro
[0.107s] -- Up-to-date symlink: /home/dong/Documents/LIMO_GAZEBO/ws_limo_humble/install/limo_description/share/limo_description/urdf/limo_xacro.xacro
[0.107s] -- Up-to-date symlink: /home/dong/Documents/LIMO_GAZEBO/ws_limo_humble/install/limo_description/share/ament_index/resource_index/package_run_dependencies/limo_description
[0.107s] -- Up-to-date symlink: /home/dong/Documents/LIMO_GAZEBO/ws_limo_humble/install/limo_description/share/ament_index/resource_index/parent_prefix_path/limo_description
[0.107s] -- Up-to-date symlink: /home/dong/Documents/LIMO_GAZEBO/ws_limo_humble/install/limo_description/share/limo_description/environment/ament_prefix_path.sh
[0.107s] -- Up-to-date symlink: /home/dong/Documents/LIMO_GAZEBO/ws_limo_humble/install/limo_description/share/limo_description/environment/ament_prefix_path.dsv
[0.108s] -- Up-to-date symlink: /home/dong/Documents/LIMO_GAZEBO/ws_limo_humble/install/limo_description/share/limo_description/environment/path.sh
[0.108s] -- Up-to-date symlink: /home/dong/Documents/LIMO_GAZEBO/ws_limo_humble/install/limo_description/share/limo_description/environment/path.dsv
[0.109s] -- Up-to-date symlink: /home/dong/Documents/LIMO_GAZEBO/ws_limo_humble/install/limo_description/share/limo_description/local_setup.bash
[0.109s] -- Up-to-date symlink: /home/dong/Documents/LIMO_GAZEBO/ws_limo_humble/install/limo_description/share/limo_description/local_setup.sh
[0.109s] -- Up-to-date symlink: /home/dong/Documents/LIMO_GAZEBO/ws_limo_humble/install/limo_description/share/limo_description/local_setup.zsh
[0.109s] -- Up-to-date symlink: /home/dong/Documents/LIMO_GAZEBO/ws_limo_humble/install/limo_description/share/limo_description/local_setup.dsv
[0.109s] -- Symlinking: /home/dong/Documents/LIMO_GAZEBO/ws_limo_humble/install/limo_description/share/limo_description/package.dsv
[0.120s] -- Up-to-date symlink: /home/dong/Documents/LIMO_GAZEBO/ws_limo_humble/install/limo_description/share/ament_index/resource_index/packages/limo_description
[0.120s] -- Up-to-date symlink: /home/dong/Documents/LIMO_GAZEBO/ws_limo_humble/install/limo_description/share/limo_description/cmake/limo_descriptionConfig.cmake
[0.120s] -- Up-to-date symlink: /home/dong/Documents/LIMO_GAZEBO/ws_limo_humble/install/limo_description/share/limo_description/cmake/limo_descriptionConfig-version.cmake
[0.121s] -- Up-to-date symlink: /home/dong/Documents/LIMO_GAZEBO/ws_limo_humble/install/limo_description/share/limo_description/package.xml
[0.124s] Invoked command in '/home/dong/Documents/LIMO_GAZEBO/ws_limo_humble/build/limo_description' returned '0': CMAKE_PREFIX_PATH=/opt/ros/humble /usr/bin/cmake --install /home/dong/Documents/LIMO_GAZEBO/ws_limo_humble/build/limo_description
