[0.102s] DEBUG:colcon:Command line arguments: ['/usr/bin/colcon', 'build', '--symlink-install']
[0.102s] DEBUG:colcon:Parsed command line arguments: Namespace(log_base=None, log_level=None, verb_name='build', build_base='build', install_base='install', merge_install=False, symlink_install=True, test_result_base=None, continue_on_error=False, executor='parallel', parallel_workers=24, event_handlers=None, ignore_user_meta=False, metas=['./colcon.meta'], base_paths=['.'], packages_ignore=None, packages_ignore_regex=None, paths=None, packages_up_to=None, packages_up_to_regex=None, packages_above=None, packages_above_and_dependencies=None, packages_above_depth=None, packages_select_by_dep=None, packages_skip_by_dep=None, packages_skip_up_to=None, packages_select_build_failed=False, packages_skip_build_finished=False, packages_select_test_failures=False, packages_skip_test_passed=False, packages_select=None, packages_skip=None, packages_select_regex=None, packages_skip_regex=None, packages_start=None, packages_end=None, cmake_args=None, cmake_target=None, cmake_target_skip_unavailable=False, cmake_clean_cache=False, cmake_clean_first=False, cmake_force_configure=False, ament_cmake_args=None, catkin_cmake_args=None, catkin_skip_building_tests=False, mixin_files=None, mixin=None, verb_parser=<colcon_mixin.mixin.mixin_argument.MixinArgumentDecorator object at 0x7de2efb776a0>, verb_extension=<colcon_core.verb.build.BuildVerb object at 0x7de2efc67370>, main=<bound method BuildVerb.main of <colcon_core.verb.build.BuildVerb object at 0x7de2efc67370>>, mixin_verb=('build',))
[0.183s] Level 1:colcon.colcon_core.package_discovery:discover_packages(colcon_meta) check parameters
[0.183s] INFO:colcon.colcon_metadata.package_discovery.colcon_meta:Using configuration from '/root/.colcon/metadata/default/Gazebo.meta'
[0.184s] INFO:colcon.colcon_metadata.package_discovery.colcon_meta:Using configuration from '/root/.colcon/metadata/default/fastdds.meta'
[0.184s] INFO:colcon.colcon_metadata.package_discovery.colcon_meta:Using configuration from '/root/.colcon/metadata/default/fastrtps.meta'
[0.184s] Level 1:colcon.colcon_core.package_discovery:discover_packages(recursive) check parameters
[0.184s] Level 1:colcon.colcon_core.package_discovery:discover_packages(ignore) check parameters
[0.184s] Level 1:colcon.colcon_core.package_discovery:discover_packages(path) check parameters
[0.184s] Level 1:colcon.colcon_core.package_discovery:discover_packages(colcon_meta) discover
[0.184s] Level 1:colcon.colcon_core.package_discovery:discover_packages(recursive) discover
[0.184s] INFO:colcon.colcon_core.package_discovery:Crawling recursively for packages in '/home/dong/Documents/LIMO_GAZEBO/ws_limo_humble'
[0.184s] Level 1:colcon.colcon_core.package_identification:_identify(.) by extensions ['ignore', 'ignore_ament_install']
[0.184s] Level 1:colcon.colcon_core.package_identification:_identify(.) by extension 'ignore'
[0.184s] Level 1:colcon.colcon_core.package_identification:_identify(.) by extension 'ignore_ament_install'
[0.184s] Level 1:colcon.colcon_core.package_identification:_identify(.) by extensions ['colcon_pkg']
[0.184s] Level 1:colcon.colcon_core.package_identification:_identify(.) by extension 'colcon_pkg'
[0.184s] Level 1:colcon.colcon_core.package_identification:_identify(.) by extensions ['colcon_meta']
[0.184s] Level 1:colcon.colcon_core.package_identification:_identify(.) by extension 'colcon_meta'
[0.184s] Level 1:colcon.colcon_core.package_identification:_identify(.) by extensions ['ros']
[0.184s] Level 1:colcon.colcon_core.package_identification:_identify(.) by extension 'ros'
[0.191s] Level 1:colcon.colcon_core.package_identification:_identify(.) by extensions ['cmake', 'python']
[0.191s] Level 1:colcon.colcon_core.package_identification:_identify(.) by extension 'cmake'
[0.191s] Level 1:colcon.colcon_core.package_identification:_identify(.) by extension 'python'
[0.191s] Level 1:colcon.colcon_core.package_identification:_identify(.) by extensions ['python_setup_py']
[0.191s] Level 1:colcon.colcon_core.package_identification:_identify(.) by extension 'python_setup_py'
[0.191s] Level 1:colcon.colcon_core.package_identification:_identify(build) by extensions ['ignore', 'ignore_ament_install']
[0.191s] Level 1:colcon.colcon_core.package_identification:_identify(build) by extension 'ignore'
[0.191s] Level 1:colcon.colcon_core.package_identification:_identify(build) ignored
[0.191s] Level 1:colcon.colcon_core.package_identification:_identify(install) by extensions ['ignore', 'ignore_ament_install']
[0.191s] Level 1:colcon.colcon_core.package_identification:_identify(install) by extension 'ignore'
[0.191s] Level 1:colcon.colcon_core.package_identification:_identify(install) ignored
[0.191s] Level 1:colcon.colcon_core.package_identification:_identify(log) by extensions ['ignore', 'ignore_ament_install']
[0.191s] Level 1:colcon.colcon_core.package_identification:_identify(log) by extension 'ignore'
[0.191s] Level 1:colcon.colcon_core.package_identification:_identify(log) ignored
[0.191s] Level 1:colcon.colcon_core.package_identification:_identify(src) by extensions ['ignore', 'ignore_ament_install']
[0.191s] Level 1:colcon.colcon_core.package_identification:_identify(src) by extension 'ignore'
[0.191s] Level 1:colcon.colcon_core.package_identification:_identify(src) by extension 'ignore_ament_install'
[0.191s] Level 1:colcon.colcon_core.package_identification:_identify(src) by extensions ['colcon_pkg']
[0.191s] Level 1:colcon.colcon_core.package_identification:_identify(src) by extension 'colcon_pkg'
[0.191s] Level 1:colcon.colcon_core.package_identification:_identify(src) by extensions ['colcon_meta']
[0.191s] Level 1:colcon.colcon_core.package_identification:_identify(src) by extension 'colcon_meta'
[0.191s] Level 1:colcon.colcon_core.package_identification:_identify(src) by extensions ['ros']
[0.191s] Level 1:colcon.colcon_core.package_identification:_identify(src) by extension 'ros'
[0.191s] Level 1:colcon.colcon_core.package_identification:_identify(src) by extensions ['cmake', 'python']
[0.191s] Level 1:colcon.colcon_core.package_identification:_identify(src) by extension 'cmake'
[0.191s] Level 1:colcon.colcon_core.package_identification:_identify(src) by extension 'python'
[0.191s] Level 1:colcon.colcon_core.package_identification:_identify(src) by extensions ['python_setup_py']
[0.191s] Level 1:colcon.colcon_core.package_identification:_identify(src) by extension 'python_setup_py'
[0.191s] Level 1:colcon.colcon_core.package_identification:_identify(src/build) by extensions ['ignore', 'ignore_ament_install']
[0.192s] Level 1:colcon.colcon_core.package_identification:_identify(src/build) by extension 'ignore'
[0.192s] Level 1:colcon.colcon_core.package_identification:_identify(src/build) ignored
[0.192s] Level 1:colcon.colcon_core.package_identification:_identify(src/install) by extensions ['ignore', 'ignore_ament_install']
[0.192s] Level 1:colcon.colcon_core.package_identification:_identify(src/install) by extension 'ignore'
[0.192s] Level 1:colcon.colcon_core.package_identification:_identify(src/install) ignored
[0.192s] Level 1:colcon.colcon_core.package_identification:_identify(src/limo_ros2) by extensions ['ignore', 'ignore_ament_install']
[0.192s] Level 1:colcon.colcon_core.package_identification:_identify(src/limo_ros2) by extension 'ignore'
[0.192s] Level 1:colcon.colcon_core.package_identification:_identify(src/limo_ros2) by extension 'ignore_ament_install'
[0.192s] Level 1:colcon.colcon_core.package_identification:_identify(src/limo_ros2) by extensions ['colcon_pkg']
[0.192s] Level 1:colcon.colcon_core.package_identification:_identify(src/limo_ros2) by extension 'colcon_pkg'
[0.192s] Level 1:colcon.colcon_core.package_identification:_identify(src/limo_ros2) by extensions ['colcon_meta']
[0.192s] Level 1:colcon.colcon_core.package_identification:_identify(src/limo_ros2) by extension 'colcon_meta'
[0.192s] Level 1:colcon.colcon_core.package_identification:_identify(src/limo_ros2) by extensions ['ros']
[0.192s] Level 1:colcon.colcon_core.package_identification:_identify(src/limo_ros2) by extension 'ros'
[0.192s] Level 1:colcon.colcon_core.package_identification:_identify(src/limo_ros2) by extensions ['cmake', 'python']
[0.192s] Level 1:colcon.colcon_core.package_identification:_identify(src/limo_ros2) by extension 'cmake'
[0.192s] Level 1:colcon.colcon_core.package_identification:_identify(src/limo_ros2) by extension 'python'
[0.192s] Level 1:colcon.colcon_core.package_identification:_identify(src/limo_ros2) by extensions ['python_setup_py']
[0.192s] Level 1:colcon.colcon_core.package_identification:_identify(src/limo_ros2) by extension 'python_setup_py'
[0.192s] Level 1:colcon.colcon_core.package_identification:_identify(src/limo_ros2/limo_base) by extensions ['ignore', 'ignore_ament_install']
[0.192s] Level 1:colcon.colcon_core.package_identification:_identify(src/limo_ros2/limo_base) by extension 'ignore'
[0.192s] Level 1:colcon.colcon_core.package_identification:_identify(src/limo_ros2/limo_base) by extension 'ignore_ament_install'
[0.192s] Level 1:colcon.colcon_core.package_identification:_identify(src/limo_ros2/limo_base) by extensions ['colcon_pkg']
[0.192s] Level 1:colcon.colcon_core.package_identification:_identify(src/limo_ros2/limo_base) by extension 'colcon_pkg'
[0.192s] Level 1:colcon.colcon_core.package_identification:_identify(src/limo_ros2/limo_base) by extensions ['colcon_meta']
[0.192s] Level 1:colcon.colcon_core.package_identification:_identify(src/limo_ros2/limo_base) by extension 'colcon_meta'
[0.192s] Level 1:colcon.colcon_core.package_identification:_identify(src/limo_ros2/limo_base) by extensions ['ros']
[0.192s] Level 1:colcon.colcon_core.package_identification:_identify(src/limo_ros2/limo_base) by extension 'ros'
[0.194s] DEBUG:colcon.colcon_core.package_identification:Package 'src/limo_ros2/limo_base' with type 'ros.ament_cmake' and name 'limo_base'
[0.194s] Level 1:colcon.colcon_core.package_identification:_identify(src/limo_ros2/limo_car) by extensions ['ignore', 'ignore_ament_install']
[0.194s] Level 1:colcon.colcon_core.package_identification:_identify(src/limo_ros2/limo_car) by extension 'ignore'
[0.194s] Level 1:colcon.colcon_core.package_identification:_identify(src/limo_ros2/limo_car) by extension 'ignore_ament_install'
[0.194s] Level 1:colcon.colcon_core.package_identification:_identify(src/limo_ros2/limo_car) by extensions ['colcon_pkg']
[0.194s] Level 1:colcon.colcon_core.package_identification:_identify(src/limo_ros2/limo_car) by extension 'colcon_pkg'
[0.194s] Level 1:colcon.colcon_core.package_identification:_identify(src/limo_ros2/limo_car) by extensions ['colcon_meta']
[0.194s] Level 1:colcon.colcon_core.package_identification:_identify(src/limo_ros2/limo_car) by extension 'colcon_meta'
[0.194s] Level 1:colcon.colcon_core.package_identification:_identify(src/limo_ros2/limo_car) by extensions ['ros']
[0.194s] Level 1:colcon.colcon_core.package_identification:_identify(src/limo_ros2/limo_car) by extension 'ros'
[0.195s] DEBUG:colcon.colcon_core.package_identification:Package 'src/limo_ros2/limo_car' with type 'ros.ament_cmake' and name 'limo_car'
[0.195s] Level 1:colcon.colcon_core.package_identification:_identify(src/limo_ros2/limo_description) by extensions ['ignore', 'ignore_ament_install']
[0.195s] Level 1:colcon.colcon_core.package_identification:_identify(src/limo_ros2/limo_description) by extension 'ignore'
[0.195s] Level 1:colcon.colcon_core.package_identification:_identify(src/limo_ros2/limo_description) by extension 'ignore_ament_install'
[0.195s] Level 1:colcon.colcon_core.package_identification:_identify(src/limo_ros2/limo_description) by extensions ['colcon_pkg']
[0.195s] Level 1:colcon.colcon_core.package_identification:_identify(src/limo_ros2/limo_description) by extension 'colcon_pkg'
[0.195s] Level 1:colcon.colcon_core.package_identification:_identify(src/limo_ros2/limo_description) by extensions ['colcon_meta']
[0.195s] Level 1:colcon.colcon_core.package_identification:_identify(src/limo_ros2/limo_description) by extension 'colcon_meta'
[0.195s] Level 1:colcon.colcon_core.package_identification:_identify(src/limo_ros2/limo_description) by extensions ['ros']
[0.195s] Level 1:colcon.colcon_core.package_identification:_identify(src/limo_ros2/limo_description) by extension 'ros'
[0.195s] DEBUG:colcon.colcon_core.package_identification:Package 'src/limo_ros2/limo_description' with type 'ros.ament_cmake' and name 'limo_description'
[0.195s] Level 1:colcon.colcon_core.package_identification:_identify(src/limo_ros2/limo_msgs) by extensions ['ignore', 'ignore_ament_install']
[0.195s] Level 1:colcon.colcon_core.package_identification:_identify(src/limo_ros2/limo_msgs) by extension 'ignore'
[0.195s] Level 1:colcon.colcon_core.package_identification:_identify(src/limo_ros2/limo_msgs) by extension 'ignore_ament_install'
[0.195s] Level 1:colcon.colcon_core.package_identification:_identify(src/limo_ros2/limo_msgs) by extensions ['colcon_pkg']
[0.195s] Level 1:colcon.colcon_core.package_identification:_identify(src/limo_ros2/limo_msgs) by extension 'colcon_pkg'
[0.195s] Level 1:colcon.colcon_core.package_identification:_identify(src/limo_ros2/limo_msgs) by extensions ['colcon_meta']
[0.195s] Level 1:colcon.colcon_core.package_identification:_identify(src/limo_ros2/limo_msgs) by extension 'colcon_meta'
[0.195s] Level 1:colcon.colcon_core.package_identification:_identify(src/limo_ros2/limo_msgs) by extensions ['ros']
[0.195s] Level 1:colcon.colcon_core.package_identification:_identify(src/limo_ros2/limo_msgs) by extension 'ros'
[0.196s] DEBUG:colcon.colcon_core.package_identification:Package 'src/limo_ros2/limo_msgs' with type 'ros.ament_cmake' and name 'limo_msgs'
[0.196s] Level 1:colcon.colcon_core.package_identification:_identify(src/log) by extensions ['ignore', 'ignore_ament_install']
[0.196s] Level 1:colcon.colcon_core.package_identification:_identify(src/log) by extension 'ignore'
[0.196s] Level 1:colcon.colcon_core.package_identification:_identify(src/log) ignored
[0.196s] Level 1:colcon.colcon_core.package_discovery:discover_packages(recursive) using defaults
[0.196s] Level 1:colcon.colcon_core.package_discovery:discover_packages(ignore) discover
[0.196s] Level 1:colcon.colcon_core.package_discovery:discover_packages(ignore) using defaults
[0.196s] Level 1:colcon.colcon_core.package_discovery:discover_packages(path) discover
[0.196s] Level 1:colcon.colcon_core.package_discovery:discover_packages(path) using defaults
[0.208s] Level 5:colcon.colcon_core.verb:set package 'limo_car' build argument 'cmake_args' from command line to 'None'
[0.208s] Level 5:colcon.colcon_core.verb:set package 'limo_car' build argument 'cmake_target' from command line to 'None'
[0.208s] Level 5:colcon.colcon_core.verb:set package 'limo_car' build argument 'cmake_target_skip_unavailable' from command line to 'False'
[0.208s] Level 5:colcon.colcon_core.verb:set package 'limo_car' build argument 'cmake_clean_cache' from command line to 'False'
[0.208s] Level 5:colcon.colcon_core.verb:set package 'limo_car' build argument 'cmake_clean_first' from command line to 'False'
[0.208s] Level 5:colcon.colcon_core.verb:set package 'limo_car' build argument 'cmake_force_configure' from command line to 'False'
[0.208s] Level 5:colcon.colcon_core.verb:set package 'limo_car' build argument 'ament_cmake_args' from command line to 'None'
[0.208s] Level 5:colcon.colcon_core.verb:set package 'limo_car' build argument 'catkin_cmake_args' from command line to 'None'
[0.208s] Level 5:colcon.colcon_core.verb:set package 'limo_car' build argument 'catkin_skip_building_tests' from command line to 'False'
[0.208s] DEBUG:colcon.colcon_core.verb:Building package 'limo_car' with the following arguments: {'ament_cmake_args': None, 'build_base': '/home/dong/Documents/LIMO_GAZEBO/ws_limo_humble/build/limo_car', 'catkin_cmake_args': None, 'catkin_skip_building_tests': False, 'cmake_args': None, 'cmake_clean_cache': False, 'cmake_clean_first': False, 'cmake_force_configure': False, 'cmake_target': None, 'cmake_target_skip_unavailable': False, 'install_base': '/home/dong/Documents/LIMO_GAZEBO/ws_limo_humble/install/limo_car', 'merge_install': False, 'path': '/home/dong/Documents/LIMO_GAZEBO/ws_limo_humble/src/limo_ros2/limo_car', 'symlink_install': True, 'test_result_base': None}
[0.209s] Level 5:colcon.colcon_core.verb:set package 'limo_description' build argument 'cmake_args' from command line to 'None'
[0.209s] Level 5:colcon.colcon_core.verb:set package 'limo_description' build argument 'cmake_target' from command line to 'None'
[0.209s] Level 5:colcon.colcon_core.verb:set package 'limo_description' build argument 'cmake_target_skip_unavailable' from command line to 'False'
[0.209s] Level 5:colcon.colcon_core.verb:set package 'limo_description' build argument 'cmake_clean_cache' from command line to 'False'
[0.209s] Level 5:colcon.colcon_core.verb:set package 'limo_description' build argument 'cmake_clean_first' from command line to 'False'
[0.209s] Level 5:colcon.colcon_core.verb:set package 'limo_description' build argument 'cmake_force_configure' from command line to 'False'
[0.209s] Level 5:colcon.colcon_core.verb:set package 'limo_description' build argument 'ament_cmake_args' from command line to 'None'
[0.209s] Level 5:colcon.colcon_core.verb:set package 'limo_description' build argument 'catkin_cmake_args' from command line to 'None'
[0.209s] Level 5:colcon.colcon_core.verb:set package 'limo_description' build argument 'catkin_skip_building_tests' from command line to 'False'
[0.209s] DEBUG:colcon.colcon_core.verb:Building package 'limo_description' with the following arguments: {'ament_cmake_args': None, 'build_base': '/home/dong/Documents/LIMO_GAZEBO/ws_limo_humble/build/limo_description', 'catkin_cmake_args': None, 'catkin_skip_building_tests': False, 'cmake_args': None, 'cmake_clean_cache': False, 'cmake_clean_first': False, 'cmake_force_configure': False, 'cmake_target': None, 'cmake_target_skip_unavailable': False, 'install_base': '/home/dong/Documents/LIMO_GAZEBO/ws_limo_humble/install/limo_description', 'merge_install': False, 'path': '/home/dong/Documents/LIMO_GAZEBO/ws_limo_humble/src/limo_ros2/limo_description', 'symlink_install': True, 'test_result_base': None}
[0.209s] Level 5:colcon.colcon_core.verb:set package 'limo_msgs' build argument 'cmake_args' from command line to 'None'
[0.209s] Level 5:colcon.colcon_core.verb:set package 'limo_msgs' build argument 'cmake_target' from command line to 'None'
[0.209s] Level 5:colcon.colcon_core.verb:set package 'limo_msgs' build argument 'cmake_target_skip_unavailable' from command line to 'False'
[0.209s] Level 5:colcon.colcon_core.verb:set package 'limo_msgs' build argument 'cmake_clean_cache' from command line to 'False'
[0.209s] Level 5:colcon.colcon_core.verb:set package 'limo_msgs' build argument 'cmake_clean_first' from command line to 'False'
[0.209s] Level 5:colcon.colcon_core.verb:set package 'limo_msgs' build argument 'cmake_force_configure' from command line to 'False'
[0.209s] Level 5:colcon.colcon_core.verb:set package 'limo_msgs' build argument 'ament_cmake_args' from command line to 'None'
[0.209s] Level 5:colcon.colcon_core.verb:set package 'limo_msgs' build argument 'catkin_cmake_args' from command line to 'None'
[0.209s] Level 5:colcon.colcon_core.verb:set package 'limo_msgs' build argument 'catkin_skip_building_tests' from command line to 'False'
[0.209s] DEBUG:colcon.colcon_core.verb:Building package 'limo_msgs' with the following arguments: {'ament_cmake_args': None, 'build_base': '/home/dong/Documents/LIMO_GAZEBO/ws_limo_humble/build/limo_msgs', 'catkin_cmake_args': None, 'catkin_skip_building_tests': False, 'cmake_args': None, 'cmake_clean_cache': False, 'cmake_clean_first': False, 'cmake_force_configure': False, 'cmake_target': None, 'cmake_target_skip_unavailable': False, 'install_base': '/home/dong/Documents/LIMO_GAZEBO/ws_limo_humble/install/limo_msgs', 'merge_install': False, 'path': '/home/dong/Documents/LIMO_GAZEBO/ws_limo_humble/src/limo_ros2/limo_msgs', 'symlink_install': True, 'test_result_base': None}
[0.209s] Level 5:colcon.colcon_core.verb:set package 'limo_base' build argument 'cmake_args' from command line to 'None'
[0.209s] Level 5:colcon.colcon_core.verb:set package 'limo_base' build argument 'cmake_target' from command line to 'None'
[0.209s] Level 5:colcon.colcon_core.verb:set package 'limo_base' build argument 'cmake_target_skip_unavailable' from command line to 'False'
[0.209s] Level 5:colcon.colcon_core.verb:set package 'limo_base' build argument 'cmake_clean_cache' from command line to 'False'
[0.209s] Level 5:colcon.colcon_core.verb:set package 'limo_base' build argument 'cmake_clean_first' from command line to 'False'
[0.209s] Level 5:colcon.colcon_core.verb:set package 'limo_base' build argument 'cmake_force_configure' from command line to 'False'
[0.209s] Level 5:colcon.colcon_core.verb:set package 'limo_base' build argument 'ament_cmake_args' from command line to 'None'
[0.209s] Level 5:colcon.colcon_core.verb:set package 'limo_base' build argument 'catkin_cmake_args' from command line to 'None'
[0.209s] Level 5:colcon.colcon_core.verb:set package 'limo_base' build argument 'catkin_skip_building_tests' from command line to 'False'
[0.209s] DEBUG:colcon.colcon_core.verb:Building package 'limo_base' with the following arguments: {'ament_cmake_args': None, 'build_base': '/home/dong/Documents/LIMO_GAZEBO/ws_limo_humble/build/limo_base', 'catkin_cmake_args': None, 'catkin_skip_building_tests': False, 'cmake_args': None, 'cmake_clean_cache': False, 'cmake_clean_first': False, 'cmake_force_configure': False, 'cmake_target': None, 'cmake_target_skip_unavailable': False, 'install_base': '/home/dong/Documents/LIMO_GAZEBO/ws_limo_humble/install/limo_base', 'merge_install': False, 'path': '/home/dong/Documents/LIMO_GAZEBO/ws_limo_humble/src/limo_ros2/limo_base', 'symlink_install': True, 'test_result_base': None}
[0.209s] INFO:colcon.colcon_core.executor:Executing jobs using 'parallel' executor
[0.210s] DEBUG:colcon.colcon_parallel_executor.executor.parallel:run_until_complete
[0.210s] INFO:colcon.colcon_ros.task.ament_cmake.build:Building ROS package in '/home/dong/Documents/LIMO_GAZEBO/ws_limo_humble/src/limo_ros2/limo_msgs' with build type 'ament_cmake'
[0.210s] INFO:colcon.colcon_cmake.task.cmake.build:Building CMake package in '/home/dong/Documents/LIMO_GAZEBO/ws_limo_humble/src/limo_ros2/limo_msgs'
[0.212s] INFO:colcon.colcon_core.plugin_system:Skipping extension 'colcon_core.shell.bat': Not used on non-Windows systems
[0.212s] INFO:colcon.colcon_core.shell:Skip shell extension 'powershell' for command environment: Not usable outside of PowerShell
[0.212s] DEBUG:colcon.colcon_core.shell:Skip shell extension 'dsv' for command environment
[0.215s] INFO:colcon.colcon_ros.task.ament_cmake.build:Building ROS package in '/home/dong/Documents/LIMO_GAZEBO/ws_limo_humble/src/limo_ros2/limo_car' with build type 'ament_cmake'
[0.215s] INFO:colcon.colcon_cmake.task.cmake.build:Building CMake package in '/home/dong/Documents/LIMO_GAZEBO/ws_limo_humble/src/limo_ros2/limo_car'
[0.215s] INFO:colcon.colcon_core.shell:Skip shell extension 'powershell' for command environment: Not usable outside of PowerShell
[0.215s] DEBUG:colcon.colcon_core.shell:Skip shell extension 'dsv' for command environment
[0.217s] INFO:colcon.colcon_ros.task.ament_cmake.build:Building ROS package in '/home/dong/Documents/LIMO_GAZEBO/ws_limo_humble/src/limo_ros2/limo_description' with build type 'ament_cmake'
[0.217s] INFO:colcon.colcon_cmake.task.cmake.build:Building CMake package in '/home/dong/Documents/LIMO_GAZEBO/ws_limo_humble/src/limo_ros2/limo_description'
[0.217s] INFO:colcon.colcon_core.shell:Skip shell extension 'powershell' for command environment: Not usable outside of PowerShell
[0.217s] DEBUG:colcon.colcon_core.shell:Skip shell extension 'dsv' for command environment
[0.221s] DEBUG:colcon.colcon_core.event_handler.log_command:Invoking command in '/home/dong/Documents/LIMO_GAZEBO/ws_limo_humble/build/limo_msgs': CMAKE_PREFIX_PATH=/opt/ros/humble /usr/bin/cmake --build /home/dong/Documents/LIMO_GAZEBO/ws_limo_humble/build/limo_msgs -- -j24 -l24
[0.227s] DEBUG:colcon.colcon_core.event_handler.log_command:Invoking command in '/home/dong/Documents/LIMO_GAZEBO/ws_limo_humble/build/limo_car': CMAKE_PREFIX_PATH=/opt/ros/humble /usr/bin/cmake --build /home/dong/Documents/LIMO_GAZEBO/ws_limo_humble/build/limo_car -- -j24 -l24
[0.230s] DEBUG:colcon.colcon_core.event_handler.log_command:Invoking command in '/home/dong/Documents/LIMO_GAZEBO/ws_limo_humble/build/limo_description': CMAKE_PREFIX_PATH=/opt/ros/humble /usr/bin/cmake --build /home/dong/Documents/LIMO_GAZEBO/ws_limo_humble/build/limo_description -- -j24 -l24
[0.280s] DEBUG:colcon.colcon_core.event_handler.log_command:Invoked command in '/home/dong/Documents/LIMO_GAZEBO/ws_limo_humble/build/limo_car' returned '0': CMAKE_PREFIX_PATH=/opt/ros/humble /usr/bin/cmake --build /home/dong/Documents/LIMO_GAZEBO/ws_limo_humble/build/limo_car -- -j24 -l24
[0.287s] DEBUG:colcon.colcon_core.event_handler.log_command:Invoking command in '/home/dong/Documents/LIMO_GAZEBO/ws_limo_humble/build/limo_car': CMAKE_PREFIX_PATH=/opt/ros/humble /usr/bin/cmake --install /home/dong/Documents/LIMO_GAZEBO/ws_limo_humble/build/limo_car
[0.291s] DEBUG:colcon.colcon_core.event_handler.log_command:Invoked command in '/home/dong/Documents/LIMO_GAZEBO/ws_limo_humble/build/limo_description' returned '0': CMAKE_PREFIX_PATH=/opt/ros/humble /usr/bin/cmake --build /home/dong/Documents/LIMO_GAZEBO/ws_limo_humble/build/limo_description -- -j24 -l24
[0.292s] DEBUG:colcon.colcon_core.event_handler.log_command:Invoking command in '/home/dong/Documents/LIMO_GAZEBO/ws_limo_humble/build/limo_description': CMAKE_PREFIX_PATH=/opt/ros/humble /usr/bin/cmake --install /home/dong/Documents/LIMO_GAZEBO/ws_limo_humble/build/limo_description
[0.311s] Level 1:colcon.colcon_core.environment:create_environment_scripts_only(limo_description)
[0.311s] DEBUG:colcon.colcon_core.event_handler.log_command:Invoked command in '/home/dong/Documents/LIMO_GAZEBO/ws_limo_humble/build/limo_description' returned '0': CMAKE_PREFIX_PATH=/opt/ros/humble /usr/bin/cmake --install /home/dong/Documents/LIMO_GAZEBO/ws_limo_humble/build/limo_description
[0.314s] Level 1:colcon.colcon_core.environment:checking '/home/dong/Documents/LIMO_GAZEBO/ws_limo_humble/install/limo_description' for CMake module files
[0.314s] Level 1:colcon.colcon_core.environment:checking '/home/dong/Documents/LIMO_GAZEBO/ws_limo_humble/install/limo_description' for CMake config files
[0.314s] Level 1:colcon.colcon_core.shell:create_environment_hook('limo_description', 'cmake_prefix_path')
[0.314s] INFO:colcon.colcon_core.shell:Creating environment hook '/home/dong/Documents/LIMO_GAZEBO/ws_limo_humble/install/limo_description/share/limo_description/hook/cmake_prefix_path.ps1'
[0.315s] INFO:colcon.colcon_core.shell:Creating environment descriptor '/home/dong/Documents/LIMO_GAZEBO/ws_limo_humble/install/limo_description/share/limo_description/hook/cmake_prefix_path.dsv'
[0.315s] INFO:colcon.colcon_core.shell:Creating environment hook '/home/dong/Documents/LIMO_GAZEBO/ws_limo_humble/install/limo_description/share/limo_description/hook/cmake_prefix_path.sh'
[0.315s] Level 1:colcon.colcon_core.environment:checking '/home/dong/Documents/LIMO_GAZEBO/ws_limo_humble/install/limo_description/bin'
[0.315s] Level 1:colcon.colcon_core.environment:checking '/home/dong/Documents/LIMO_GAZEBO/ws_limo_humble/install/limo_description/lib/pkgconfig/limo_description.pc'
[0.317s] Level 1:colcon.colcon_core.environment:checking '/home/dong/Documents/LIMO_GAZEBO/ws_limo_humble/install/limo_description/lib/python3.10/site-packages'
[0.317s] Level 1:colcon.colcon_core.environment:checking '/home/dong/Documents/LIMO_GAZEBO/ws_limo_humble/install/limo_description/bin'
[0.317s] INFO:colcon.colcon_core.shell:Creating package script '/home/dong/Documents/LIMO_GAZEBO/ws_limo_humble/install/limo_description/share/limo_description/package.ps1'
[0.318s] INFO:colcon.colcon_core.shell:Creating package descriptor '/home/dong/Documents/LIMO_GAZEBO/ws_limo_humble/install/limo_description/share/limo_description/package.dsv'
[0.318s] INFO:colcon.colcon_core.shell:Creating package script '/home/dong/Documents/LIMO_GAZEBO/ws_limo_humble/install/limo_description/share/limo_description/package.sh'
[0.318s] INFO:colcon.colcon_core.shell:Creating package script '/home/dong/Documents/LIMO_GAZEBO/ws_limo_humble/install/limo_description/share/limo_description/package.bash'
[0.319s] INFO:colcon.colcon_core.shell:Creating package script '/home/dong/Documents/LIMO_GAZEBO/ws_limo_humble/install/limo_description/share/limo_description/package.zsh'
[0.326s] Level 1:colcon.colcon_core.environment:create_file_with_runtime_dependencies(/home/dong/Documents/LIMO_GAZEBO/ws_limo_humble/install/limo_description/share/colcon-core/packages/limo_description)
[0.326s] Level 1:colcon.colcon_core.environment:create_environment_scripts_only(limo_description)
[0.326s] Level 1:colcon.colcon_core.environment:checking '/home/dong/Documents/LIMO_GAZEBO/ws_limo_humble/install/limo_description' for CMake module files
[0.326s] Level 1:colcon.colcon_core.environment:checking '/home/dong/Documents/LIMO_GAZEBO/ws_limo_humble/install/limo_description' for CMake config files
[0.327s] Level 1:colcon.colcon_core.shell:create_environment_hook('limo_description', 'cmake_prefix_path')
[0.327s] INFO:colcon.colcon_core.shell:Creating environment hook '/home/dong/Documents/LIMO_GAZEBO/ws_limo_humble/install/limo_description/share/limo_description/hook/cmake_prefix_path.ps1'
[0.327s] INFO:colcon.colcon_core.shell:Creating environment descriptor '/home/dong/Documents/LIMO_GAZEBO/ws_limo_humble/install/limo_description/share/limo_description/hook/cmake_prefix_path.dsv'
[0.327s] INFO:colcon.colcon_core.shell:Creating environment hook '/home/dong/Documents/LIMO_GAZEBO/ws_limo_humble/install/limo_description/share/limo_description/hook/cmake_prefix_path.sh'
[0.327s] Level 1:colcon.colcon_core.environment:checking '/home/dong/Documents/LIMO_GAZEBO/ws_limo_humble/install/limo_description/bin'
[0.327s] Level 1:colcon.colcon_core.environment:checking '/home/dong/Documents/LIMO_GAZEBO/ws_limo_humble/install/limo_description/lib/pkgconfig/limo_description.pc'
[0.327s] Level 1:colcon.colcon_core.environment:checking '/home/dong/Documents/LIMO_GAZEBO/ws_limo_humble/install/limo_description/lib/python3.10/site-packages'
[0.327s] Level 1:colcon.colcon_core.environment:checking '/home/dong/Documents/LIMO_GAZEBO/ws_limo_humble/install/limo_description/bin'
[0.328s] INFO:colcon.colcon_core.shell:Creating package script '/home/dong/Documents/LIMO_GAZEBO/ws_limo_humble/install/limo_description/share/limo_description/package.ps1'
[0.328s] INFO:colcon.colcon_core.shell:Creating package descriptor '/home/dong/Documents/LIMO_GAZEBO/ws_limo_humble/install/limo_description/share/limo_description/package.dsv'
[0.328s] INFO:colcon.colcon_core.shell:Creating package script '/home/dong/Documents/LIMO_GAZEBO/ws_limo_humble/install/limo_description/share/limo_description/package.sh'
[0.328s] INFO:colcon.colcon_core.shell:Creating package script '/home/dong/Documents/LIMO_GAZEBO/ws_limo_humble/install/limo_description/share/limo_description/package.bash'
[0.328s] INFO:colcon.colcon_core.shell:Creating package script '/home/dong/Documents/LIMO_GAZEBO/ws_limo_humble/install/limo_description/share/limo_description/package.zsh'
[0.329s] Level 1:colcon.colcon_core.environment:create_file_with_runtime_dependencies(/home/dong/Documents/LIMO_GAZEBO/ws_limo_humble/install/limo_description/share/colcon-core/packages/limo_description)
[0.329s] Level 1:colcon.colcon_core.environment:create_environment_scripts_only(limo_car)
[0.329s] Level 1:colcon.colcon_core.environment:checking '/home/dong/Documents/LIMO_GAZEBO/ws_limo_humble/install/limo_car' for CMake module files
[0.330s] DEBUG:colcon.colcon_core.event_handler.log_command:Invoked command in '/home/dong/Documents/LIMO_GAZEBO/ws_limo_humble/build/limo_car' returned '0': CMAKE_PREFIX_PATH=/opt/ros/humble /usr/bin/cmake --install /home/dong/Documents/LIMO_GAZEBO/ws_limo_humble/build/limo_car
[0.330s] Level 1:colcon.colcon_core.environment:checking '/home/dong/Documents/LIMO_GAZEBO/ws_limo_humble/install/limo_car' for CMake config files
[0.330s] Level 1:colcon.colcon_core.shell:create_environment_hook('limo_car', 'cmake_prefix_path')
[0.330s] INFO:colcon.colcon_core.shell:Creating environment hook '/home/dong/Documents/LIMO_GAZEBO/ws_limo_humble/install/limo_car/share/limo_car/hook/cmake_prefix_path.ps1'
[0.331s] INFO:colcon.colcon_core.shell:Creating environment descriptor '/home/dong/Documents/LIMO_GAZEBO/ws_limo_humble/install/limo_car/share/limo_car/hook/cmake_prefix_path.dsv'
[0.331s] INFO:colcon.colcon_core.shell:Creating environment hook '/home/dong/Documents/LIMO_GAZEBO/ws_limo_humble/install/limo_car/share/limo_car/hook/cmake_prefix_path.sh'
[0.331s] Level 1:colcon.colcon_core.environment:checking '/home/dong/Documents/LIMO_GAZEBO/ws_limo_humble/install/limo_car/lib'
[0.331s] Level 1:colcon.colcon_core.environment:checking '/home/dong/Documents/LIMO_GAZEBO/ws_limo_humble/install/limo_car/bin'
[0.331s] Level 1:colcon.colcon_core.environment:checking '/home/dong/Documents/LIMO_GAZEBO/ws_limo_humble/install/limo_car/lib/pkgconfig/limo_car.pc'
[0.331s] Level 1:colcon.colcon_core.environment:checking '/home/dong/Documents/LIMO_GAZEBO/ws_limo_humble/install/limo_car/lib/python3.10/site-packages'
[0.331s] Level 1:colcon.colcon_core.environment:checking '/home/dong/Documents/LIMO_GAZEBO/ws_limo_humble/install/limo_car/bin'
[0.332s] INFO:colcon.colcon_core.shell:Creating package script '/home/dong/Documents/LIMO_GAZEBO/ws_limo_humble/install/limo_car/share/limo_car/package.ps1'
[0.332s] INFO:colcon.colcon_core.shell:Creating package descriptor '/home/dong/Documents/LIMO_GAZEBO/ws_limo_humble/install/limo_car/share/limo_car/package.dsv'
[0.332s] INFO:colcon.colcon_core.shell:Creating package script '/home/dong/Documents/LIMO_GAZEBO/ws_limo_humble/install/limo_car/share/limo_car/package.sh'
[0.332s] INFO:colcon.colcon_core.shell:Creating package script '/home/dong/Documents/LIMO_GAZEBO/ws_limo_humble/install/limo_car/share/limo_car/package.bash'
[0.332s] INFO:colcon.colcon_core.shell:Creating package script '/home/dong/Documents/LIMO_GAZEBO/ws_limo_humble/install/limo_car/share/limo_car/package.zsh'
[0.332s] Level 1:colcon.colcon_core.environment:create_file_with_runtime_dependencies(/home/dong/Documents/LIMO_GAZEBO/ws_limo_humble/install/limo_car/share/colcon-core/packages/limo_car)
[0.333s] Level 1:colcon.colcon_core.environment:create_environment_scripts_only(limo_car)
[0.333s] Level 1:colcon.colcon_core.environment:checking '/home/dong/Documents/LIMO_GAZEBO/ws_limo_humble/install/limo_car' for CMake module files
[0.333s] Level 1:colcon.colcon_core.environment:checking '/home/dong/Documents/LIMO_GAZEBO/ws_limo_humble/install/limo_car' for CMake config files
[0.333s] Level 1:colcon.colcon_core.shell:create_environment_hook('limo_car', 'cmake_prefix_path')
[0.333s] INFO:colcon.colcon_core.shell:Creating environment hook '/home/dong/Documents/LIMO_GAZEBO/ws_limo_humble/install/limo_car/share/limo_car/hook/cmake_prefix_path.ps1'
[0.334s] INFO:colcon.colcon_core.shell:Creating environment descriptor '/home/dong/Documents/LIMO_GAZEBO/ws_limo_humble/install/limo_car/share/limo_car/hook/cmake_prefix_path.dsv'
[0.334s] INFO:colcon.colcon_core.shell:Creating environment hook '/home/dong/Documents/LIMO_GAZEBO/ws_limo_humble/install/limo_car/share/limo_car/hook/cmake_prefix_path.sh'
[0.334s] Level 1:colcon.colcon_core.environment:checking '/home/dong/Documents/LIMO_GAZEBO/ws_limo_humble/install/limo_car/lib'
[0.334s] Level 1:colcon.colcon_core.environment:checking '/home/dong/Documents/LIMO_GAZEBO/ws_limo_humble/install/limo_car/bin'
[0.334s] Level 1:colcon.colcon_core.environment:checking '/home/dong/Documents/LIMO_GAZEBO/ws_limo_humble/install/limo_car/lib/pkgconfig/limo_car.pc'
[0.334s] Level 1:colcon.colcon_core.environment:checking '/home/dong/Documents/LIMO_GAZEBO/ws_limo_humble/install/limo_car/lib/python3.10/site-packages'
[0.334s] Level 1:colcon.colcon_core.environment:checking '/home/dong/Documents/LIMO_GAZEBO/ws_limo_humble/install/limo_car/bin'
[0.334s] INFO:colcon.colcon_core.shell:Creating package script '/home/dong/Documents/LIMO_GAZEBO/ws_limo_humble/install/limo_car/share/limo_car/package.ps1'
[0.335s] INFO:colcon.colcon_core.shell:Creating package descriptor '/home/dong/Documents/LIMO_GAZEBO/ws_limo_humble/install/limo_car/share/limo_car/package.dsv'
[0.335s] INFO:colcon.colcon_core.shell:Creating package script '/home/dong/Documents/LIMO_GAZEBO/ws_limo_humble/install/limo_car/share/limo_car/package.sh'
[0.335s] INFO:colcon.colcon_core.shell:Creating package script '/home/dong/Documents/LIMO_GAZEBO/ws_limo_humble/install/limo_car/share/limo_car/package.bash'
[0.335s] INFO:colcon.colcon_core.shell:Creating package script '/home/dong/Documents/LIMO_GAZEBO/ws_limo_humble/install/limo_car/share/limo_car/package.zsh'
[0.335s] Level 1:colcon.colcon_core.environment:create_file_with_runtime_dependencies(/home/dong/Documents/LIMO_GAZEBO/ws_limo_humble/install/limo_car/share/colcon-core/packages/limo_car)
[0.416s] DEBUG:colcon.colcon_core.event_handler.log_command:Invoked command in '/home/dong/Documents/LIMO_GAZEBO/ws_limo_humble/build/limo_msgs' returned '0': CMAKE_PREFIX_PATH=/opt/ros/humble /usr/bin/cmake --build /home/dong/Documents/LIMO_GAZEBO/ws_limo_humble/build/limo_msgs -- -j24 -l24
[0.418s] DEBUG:colcon.colcon_core.event_handler.log_command:Invoking command in '/home/dong/Documents/LIMO_GAZEBO/ws_limo_humble/build/limo_msgs': CMAKE_PREFIX_PATH=/opt/ros/humble /usr/bin/cmake --install /home/dong/Documents/LIMO_GAZEBO/ws_limo_humble/build/limo_msgs
[0.461s] Level 1:colcon.colcon_core.environment:create_environment_scripts_only(limo_msgs)
[0.461s] DEBUG:colcon.colcon_core.event_handler.log_command:Invoked command in '/home/dong/Documents/LIMO_GAZEBO/ws_limo_humble/build/limo_msgs' returned '0': CMAKE_PREFIX_PATH=/opt/ros/humble /usr/bin/cmake --install /home/dong/Documents/LIMO_GAZEBO/ws_limo_humble/build/limo_msgs
[0.461s] Level 1:colcon.colcon_core.environment:checking '/home/dong/Documents/LIMO_GAZEBO/ws_limo_humble/install/limo_msgs' for CMake module files
[0.462s] Level 1:colcon.colcon_core.environment:checking '/home/dong/Documents/LIMO_GAZEBO/ws_limo_humble/install/limo_msgs' for CMake config files
[0.463s] Level 1:colcon.colcon_core.shell:create_environment_hook('limo_msgs', 'cmake_prefix_path')
[0.463s] INFO:colcon.colcon_core.shell:Creating environment hook '/home/dong/Documents/LIMO_GAZEBO/ws_limo_humble/install/limo_msgs/share/limo_msgs/hook/cmake_prefix_path.ps1'
[0.463s] INFO:colcon.colcon_core.shell:Creating environment descriptor '/home/dong/Documents/LIMO_GAZEBO/ws_limo_humble/install/limo_msgs/share/limo_msgs/hook/cmake_prefix_path.dsv'
[0.464s] INFO:colcon.colcon_core.shell:Creating environment hook '/home/dong/Documents/LIMO_GAZEBO/ws_limo_humble/install/limo_msgs/share/limo_msgs/hook/cmake_prefix_path.sh'
[0.464s] Level 1:colcon.colcon_core.environment:checking '/home/dong/Documents/LIMO_GAZEBO/ws_limo_humble/install/limo_msgs/lib'
[0.464s] Level 1:colcon.colcon_core.shell:create_environment_hook('limo_msgs', 'ld_library_path_lib')
[0.464s] INFO:colcon.colcon_core.shell:Creating environment hook '/home/dong/Documents/LIMO_GAZEBO/ws_limo_humble/install/limo_msgs/share/limo_msgs/hook/ld_library_path_lib.ps1'
[0.464s] INFO:colcon.colcon_core.shell:Creating environment descriptor '/home/dong/Documents/LIMO_GAZEBO/ws_limo_humble/install/limo_msgs/share/limo_msgs/hook/ld_library_path_lib.dsv'
[0.465s] INFO:colcon.colcon_core.shell:Creating environment hook '/home/dong/Documents/LIMO_GAZEBO/ws_limo_humble/install/limo_msgs/share/limo_msgs/hook/ld_library_path_lib.sh'
[0.465s] Level 1:colcon.colcon_core.environment:checking '/home/dong/Documents/LIMO_GAZEBO/ws_limo_humble/install/limo_msgs/bin'
[0.465s] Level 1:colcon.colcon_core.environment:checking '/home/dong/Documents/LIMO_GAZEBO/ws_limo_humble/install/limo_msgs/lib/pkgconfig/limo_msgs.pc'
[0.465s] Level 1:colcon.colcon_core.environment:checking '/home/dong/Documents/LIMO_GAZEBO/ws_limo_humble/install/limo_msgs/lib/python3.10/site-packages'
[0.465s] Level 1:colcon.colcon_core.environment:checking '/home/dong/Documents/LIMO_GAZEBO/ws_limo_humble/install/limo_msgs/bin'
[0.465s] INFO:colcon.colcon_core.shell:Creating package script '/home/dong/Documents/LIMO_GAZEBO/ws_limo_humble/install/limo_msgs/share/limo_msgs/package.ps1'
[0.465s] INFO:colcon.colcon_core.shell:Creating package descriptor '/home/dong/Documents/LIMO_GAZEBO/ws_limo_humble/install/limo_msgs/share/limo_msgs/package.dsv'
[0.466s] INFO:colcon.colcon_core.shell:Creating package script '/home/dong/Documents/LIMO_GAZEBO/ws_limo_humble/install/limo_msgs/share/limo_msgs/package.sh'
[0.466s] INFO:colcon.colcon_core.shell:Creating package script '/home/dong/Documents/LIMO_GAZEBO/ws_limo_humble/install/limo_msgs/share/limo_msgs/package.bash'
[0.466s] INFO:colcon.colcon_core.shell:Creating package script '/home/dong/Documents/LIMO_GAZEBO/ws_limo_humble/install/limo_msgs/share/limo_msgs/package.zsh'
[0.466s] Level 1:colcon.colcon_core.environment:create_file_with_runtime_dependencies(/home/dong/Documents/LIMO_GAZEBO/ws_limo_humble/install/limo_msgs/share/colcon-core/packages/limo_msgs)
[0.466s] Level 1:colcon.colcon_core.environment:create_environment_scripts_only(limo_msgs)
[0.466s] Level 1:colcon.colcon_core.environment:checking '/home/dong/Documents/LIMO_GAZEBO/ws_limo_humble/install/limo_msgs' for CMake module files
[0.467s] Level 1:colcon.colcon_core.environment:checking '/home/dong/Documents/LIMO_GAZEBO/ws_limo_humble/install/limo_msgs' for CMake config files
[0.467s] Level 1:colcon.colcon_core.shell:create_environment_hook('limo_msgs', 'cmake_prefix_path')
[0.467s] INFO:colcon.colcon_core.shell:Creating environment hook '/home/dong/Documents/LIMO_GAZEBO/ws_limo_humble/install/limo_msgs/share/limo_msgs/hook/cmake_prefix_path.ps1'
[0.467s] INFO:colcon.colcon_core.shell:Creating environment descriptor '/home/dong/Documents/LIMO_GAZEBO/ws_limo_humble/install/limo_msgs/share/limo_msgs/hook/cmake_prefix_path.dsv'
[0.467s] INFO:colcon.colcon_core.shell:Creating environment hook '/home/dong/Documents/LIMO_GAZEBO/ws_limo_humble/install/limo_msgs/share/limo_msgs/hook/cmake_prefix_path.sh'
[0.467s] Level 1:colcon.colcon_core.environment:checking '/home/dong/Documents/LIMO_GAZEBO/ws_limo_humble/install/limo_msgs/lib'
[0.467s] Level 1:colcon.colcon_core.shell:create_environment_hook('limo_msgs', 'ld_library_path_lib')
[0.468s] INFO:colcon.colcon_core.shell:Creating environment hook '/home/dong/Documents/LIMO_GAZEBO/ws_limo_humble/install/limo_msgs/share/limo_msgs/hook/ld_library_path_lib.ps1'
[0.468s] INFO:colcon.colcon_core.shell:Creating environment descriptor '/home/dong/Documents/LIMO_GAZEBO/ws_limo_humble/install/limo_msgs/share/limo_msgs/hook/ld_library_path_lib.dsv'
[0.468s] INFO:colcon.colcon_core.shell:Creating environment hook '/home/dong/Documents/LIMO_GAZEBO/ws_limo_humble/install/limo_msgs/share/limo_msgs/hook/ld_library_path_lib.sh'
[0.468s] Level 1:colcon.colcon_core.environment:checking '/home/dong/Documents/LIMO_GAZEBO/ws_limo_humble/install/limo_msgs/bin'
[0.468s] Level 1:colcon.colcon_core.environment:checking '/home/dong/Documents/LIMO_GAZEBO/ws_limo_humble/install/limo_msgs/lib/pkgconfig/limo_msgs.pc'
[0.468s] Level 1:colcon.colcon_core.environment:checking '/home/dong/Documents/LIMO_GAZEBO/ws_limo_humble/install/limo_msgs/lib/python3.10/site-packages'
[0.468s] Level 1:colcon.colcon_core.environment:checking '/home/dong/Documents/LIMO_GAZEBO/ws_limo_humble/install/limo_msgs/bin'
[0.468s] INFO:colcon.colcon_core.shell:Creating package script '/home/dong/Documents/LIMO_GAZEBO/ws_limo_humble/install/limo_msgs/share/limo_msgs/package.ps1'
[0.469s] INFO:colcon.colcon_core.shell:Creating package descriptor '/home/dong/Documents/LIMO_GAZEBO/ws_limo_humble/install/limo_msgs/share/limo_msgs/package.dsv'
[0.469s] INFO:colcon.colcon_core.shell:Creating package script '/home/dong/Documents/LIMO_GAZEBO/ws_limo_humble/install/limo_msgs/share/limo_msgs/package.sh'
[0.469s] INFO:colcon.colcon_core.shell:Creating package script '/home/dong/Documents/LIMO_GAZEBO/ws_limo_humble/install/limo_msgs/share/limo_msgs/package.bash'
[0.469s] INFO:colcon.colcon_core.shell:Creating package script '/home/dong/Documents/LIMO_GAZEBO/ws_limo_humble/install/limo_msgs/share/limo_msgs/package.zsh'
[0.469s] Level 1:colcon.colcon_core.environment:create_file_with_runtime_dependencies(/home/dong/Documents/LIMO_GAZEBO/ws_limo_humble/install/limo_msgs/share/colcon-core/packages/limo_msgs)
[0.469s] INFO:colcon.colcon_ros.task.ament_cmake.build:Building ROS package in '/home/dong/Documents/LIMO_GAZEBO/ws_limo_humble/src/limo_ros2/limo_base' with build type 'ament_cmake'
[0.469s] INFO:colcon.colcon_cmake.task.cmake.build:Building CMake package in '/home/dong/Documents/LIMO_GAZEBO/ws_limo_humble/src/limo_ros2/limo_base'
[0.469s] INFO:colcon.colcon_core.shell:Skip shell extension 'powershell' for command environment: Not usable outside of PowerShell
[0.470s] DEBUG:colcon.colcon_core.shell:Skip shell extension 'dsv' for command environment
[0.478s] DEBUG:colcon.colcon_core.event_handler.log_command:Invoking command in '/home/dong/Documents/LIMO_GAZEBO/ws_limo_humble/build/limo_base': AMENT_PREFIX_PATH=/home/dong/Documents/LIMO_GAZEBO/ws_limo_humble/install/limo_msgs:${AMENT_PREFIX_PATH} CMAKE_PREFIX_PATH=/home/dong/Documents/LIMO_GAZEBO/ws_limo_humble/install/limo_msgs:/opt/ros/humble LD_LIBRARY_PATH=/home/dong/Documents/LIMO_GAZEBO/ws_limo_humble/install/limo_msgs/lib:${LD_LIBRARY_PATH} PYTHONPATH=/home/dong/Documents/LIMO_GAZEBO/ws_limo_humble/install/limo_msgs/local/lib/python3.10/dist-packages:${PYTHONPATH} /usr/bin/cmake --build /home/dong/Documents/LIMO_GAZEBO/ws_limo_humble/build/limo_base -- -j24 -l24
[0.543s] DEBUG:colcon.colcon_core.event_handler.log_command:Invoked command in '/home/dong/Documents/LIMO_GAZEBO/ws_limo_humble/build/limo_base' returned '0': AMENT_PREFIX_PATH=/home/dong/Documents/LIMO_GAZEBO/ws_limo_humble/install/limo_msgs:${AMENT_PREFIX_PATH} CMAKE_PREFIX_PATH=/home/dong/Documents/LIMO_GAZEBO/ws_limo_humble/install/limo_msgs:/opt/ros/humble LD_LIBRARY_PATH=/home/dong/Documents/LIMO_GAZEBO/ws_limo_humble/install/limo_msgs/lib:${LD_LIBRARY_PATH} PYTHONPATH=/home/dong/Documents/LIMO_GAZEBO/ws_limo_humble/install/limo_msgs/local/lib/python3.10/dist-packages:${PYTHONPATH} /usr/bin/cmake --build /home/dong/Documents/LIMO_GAZEBO/ws_limo_humble/build/limo_base -- -j24 -l24
[0.545s] DEBUG:colcon.colcon_core.event_handler.log_command:Invoking command in '/home/dong/Documents/LIMO_GAZEBO/ws_limo_humble/build/limo_base': AMENT_PREFIX_PATH=/home/dong/Documents/LIMO_GAZEBO/ws_limo_humble/install/limo_msgs:${AMENT_PREFIX_PATH} CMAKE_PREFIX_PATH=/home/dong/Documents/LIMO_GAZEBO/ws_limo_humble/install/limo_msgs:/opt/ros/humble LD_LIBRARY_PATH=/home/dong/Documents/LIMO_GAZEBO/ws_limo_humble/install/limo_msgs/lib:${LD_LIBRARY_PATH} PYTHONPATH=/home/dong/Documents/LIMO_GAZEBO/ws_limo_humble/install/limo_msgs/local/lib/python3.10/dist-packages:${PYTHONPATH} /usr/bin/cmake --install /home/dong/Documents/LIMO_GAZEBO/ws_limo_humble/build/limo_base
[0.565s] Level 1:colcon.colcon_core.environment:create_environment_scripts_only(limo_base)
[0.565s] DEBUG:colcon.colcon_core.event_handler.log_command:Invoked command in '/home/dong/Documents/LIMO_GAZEBO/ws_limo_humble/build/limo_base' returned '0': AMENT_PREFIX_PATH=/home/dong/Documents/LIMO_GAZEBO/ws_limo_humble/install/limo_msgs:${AMENT_PREFIX_PATH} CMAKE_PREFIX_PATH=/home/dong/Documents/LIMO_GAZEBO/ws_limo_humble/install/limo_msgs:/opt/ros/humble LD_LIBRARY_PATH=/home/dong/Documents/LIMO_GAZEBO/ws_limo_humble/install/limo_msgs/lib:${LD_LIBRARY_PATH} PYTHONPATH=/home/dong/Documents/LIMO_GAZEBO/ws_limo_humble/install/limo_msgs/local/lib/python3.10/dist-packages:${PYTHONPATH} /usr/bin/cmake --install /home/dong/Documents/LIMO_GAZEBO/ws_limo_humble/build/limo_base
[0.565s] Level 1:colcon.colcon_core.environment:checking '/home/dong/Documents/LIMO_GAZEBO/ws_limo_humble/install/limo_base' for CMake module files
[0.566s] Level 1:colcon.colcon_core.environment:checking '/home/dong/Documents/LIMO_GAZEBO/ws_limo_humble/install/limo_base' for CMake config files
[0.566s] Level 1:colcon.colcon_core.shell:create_environment_hook('limo_base', 'cmake_prefix_path')
[0.567s] INFO:colcon.colcon_core.shell:Creating environment hook '/home/dong/Documents/LIMO_GAZEBO/ws_limo_humble/install/limo_base/share/limo_base/hook/cmake_prefix_path.ps1'
[0.567s] INFO:colcon.colcon_core.shell:Creating environment descriptor '/home/dong/Documents/LIMO_GAZEBO/ws_limo_humble/install/limo_base/share/limo_base/hook/cmake_prefix_path.dsv'
[0.567s] INFO:colcon.colcon_core.shell:Creating environment hook '/home/dong/Documents/LIMO_GAZEBO/ws_limo_humble/install/limo_base/share/limo_base/hook/cmake_prefix_path.sh'
[0.568s] Level 1:colcon.colcon_core.environment:checking '/home/dong/Documents/LIMO_GAZEBO/ws_limo_humble/install/limo_base/lib'
[0.568s] Level 1:colcon.colcon_core.environment:checking '/home/dong/Documents/LIMO_GAZEBO/ws_limo_humble/install/limo_base/bin'
[0.568s] Level 1:colcon.colcon_core.environment:checking '/home/dong/Documents/LIMO_GAZEBO/ws_limo_humble/install/limo_base/lib/pkgconfig/limo_base.pc'
[0.568s] Level 1:colcon.colcon_core.environment:checking '/home/dong/Documents/LIMO_GAZEBO/ws_limo_humble/install/limo_base/lib/python3.10/site-packages'
[0.568s] Level 1:colcon.colcon_core.environment:checking '/home/dong/Documents/LIMO_GAZEBO/ws_limo_humble/install/limo_base/bin'
[0.569s] INFO:colcon.colcon_core.shell:Creating package script '/home/dong/Documents/LIMO_GAZEBO/ws_limo_humble/install/limo_base/share/limo_base/package.ps1'
[0.569s] INFO:colcon.colcon_core.shell:Creating package descriptor '/home/dong/Documents/LIMO_GAZEBO/ws_limo_humble/install/limo_base/share/limo_base/package.dsv'
[0.569s] INFO:colcon.colcon_core.shell:Creating package script '/home/dong/Documents/LIMO_GAZEBO/ws_limo_humble/install/limo_base/share/limo_base/package.sh'
[0.570s] INFO:colcon.colcon_core.shell:Creating package script '/home/dong/Documents/LIMO_GAZEBO/ws_limo_humble/install/limo_base/share/limo_base/package.bash'
[0.570s] INFO:colcon.colcon_core.shell:Creating package script '/home/dong/Documents/LIMO_GAZEBO/ws_limo_humble/install/limo_base/share/limo_base/package.zsh'
[0.570s] Level 1:colcon.colcon_core.environment:create_file_with_runtime_dependencies(/home/dong/Documents/LIMO_GAZEBO/ws_limo_humble/install/limo_base/share/colcon-core/packages/limo_base)
[0.570s] Level 1:colcon.colcon_core.environment:create_environment_scripts_only(limo_base)
[0.571s] Level 1:colcon.colcon_core.environment:checking '/home/dong/Documents/LIMO_GAZEBO/ws_limo_humble/install/limo_base' for CMake module files
[0.571s] Level 1:colcon.colcon_core.environment:checking '/home/dong/Documents/LIMO_GAZEBO/ws_limo_humble/install/limo_base' for CMake config files
[0.571s] Level 1:colcon.colcon_core.shell:create_environment_hook('limo_base', 'cmake_prefix_path')
[0.571s] INFO:colcon.colcon_core.shell:Creating environment hook '/home/dong/Documents/LIMO_GAZEBO/ws_limo_humble/install/limo_base/share/limo_base/hook/cmake_prefix_path.ps1'
[0.572s] INFO:colcon.colcon_core.shell:Creating environment descriptor '/home/dong/Documents/LIMO_GAZEBO/ws_limo_humble/install/limo_base/share/limo_base/hook/cmake_prefix_path.dsv'
[0.572s] INFO:colcon.colcon_core.shell:Creating environment hook '/home/dong/Documents/LIMO_GAZEBO/ws_limo_humble/install/limo_base/share/limo_base/hook/cmake_prefix_path.sh'
[0.572s] Level 1:colcon.colcon_core.environment:checking '/home/dong/Documents/LIMO_GAZEBO/ws_limo_humble/install/limo_base/lib'
[0.572s] Level 1:colcon.colcon_core.environment:checking '/home/dong/Documents/LIMO_GAZEBO/ws_limo_humble/install/limo_base/bin'
[0.572s] Level 1:colcon.colcon_core.environment:checking '/home/dong/Documents/LIMO_GAZEBO/ws_limo_humble/install/limo_base/lib/pkgconfig/limo_base.pc'
[0.572s] Level 1:colcon.colcon_core.environment:checking '/home/dong/Documents/LIMO_GAZEBO/ws_limo_humble/install/limo_base/lib/python3.10/site-packages'
[0.572s] Level 1:colcon.colcon_core.environment:checking '/home/dong/Documents/LIMO_GAZEBO/ws_limo_humble/install/limo_base/bin'
[0.572s] INFO:colcon.colcon_core.shell:Creating package script '/home/dong/Documents/LIMO_GAZEBO/ws_limo_humble/install/limo_base/share/limo_base/package.ps1'
[0.573s] INFO:colcon.colcon_core.shell:Creating package descriptor '/home/dong/Documents/LIMO_GAZEBO/ws_limo_humble/install/limo_base/share/limo_base/package.dsv'
[0.573s] INFO:colcon.colcon_core.shell:Creating package script '/home/dong/Documents/LIMO_GAZEBO/ws_limo_humble/install/limo_base/share/limo_base/package.sh'
[0.573s] INFO:colcon.colcon_core.shell:Creating package script '/home/dong/Documents/LIMO_GAZEBO/ws_limo_humble/install/limo_base/share/limo_base/package.bash'
[0.573s] INFO:colcon.colcon_core.shell:Creating package script '/home/dong/Documents/LIMO_GAZEBO/ws_limo_humble/install/limo_base/share/limo_base/package.zsh'
[0.573s] Level 1:colcon.colcon_core.environment:create_file_with_runtime_dependencies(/home/dong/Documents/LIMO_GAZEBO/ws_limo_humble/install/limo_base/share/colcon-core/packages/limo_base)
[0.573s] DEBUG:colcon.colcon_parallel_executor.executor.parallel:closing loop
[0.574s] DEBUG:colcon.colcon_parallel_executor.executor.parallel:loop closed
[0.574s] DEBUG:colcon.colcon_parallel_executor.executor.parallel:run_until_complete finished with '0'
[0.574s] DEBUG:colcon.colcon_core.event_reactor:joining thread
[0.578s] INFO:colcon.colcon_core.plugin_system:Skipping extension 'colcon_notification.desktop_notification.notify_send': Could not find 'notify-send'
[0.578s] INFO:colcon.colcon_core.plugin_system:Skipping extension 'colcon_notification.desktop_notification.terminal_notifier': Not used on non-Darwin systems
[0.578s] INFO:colcon.colcon_core.plugin_system:Skipping extension 'colcon_notification.desktop_notification.win32': Not used on non-Windows systems
[0.578s] INFO:colcon.colcon_notification.desktop_notification:Sending desktop notification using 'notify2'
[0.580s] DEBUG:colcon.colcon_notification.desktop_notification.notify2:Failed to initialize notify2: org.freedesktop.DBus.Error.Spawn.ExecFailed: /usr/bin/dbus-launch terminated abnormally without any error message
[0.580s] DEBUG:colcon.colcon_core.event_reactor:joined thread
[0.580s] INFO:colcon.colcon_core.shell:Creating prefix script '/home/dong/Documents/LIMO_GAZEBO/ws_limo_humble/install/local_setup.ps1'
[0.581s] INFO:colcon.colcon_core.shell:Creating prefix util module '/home/dong/Documents/LIMO_GAZEBO/ws_limo_humble/install/_local_setup_util_ps1.py'
[0.581s] INFO:colcon.colcon_core.shell:Creating prefix chain script '/home/dong/Documents/LIMO_GAZEBO/ws_limo_humble/install/setup.ps1'
[0.582s] INFO:colcon.colcon_core.shell:Creating prefix script '/home/dong/Documents/LIMO_GAZEBO/ws_limo_humble/install/local_setup.sh'
[0.582s] INFO:colcon.colcon_core.shell:Creating prefix util module '/home/dong/Documents/LIMO_GAZEBO/ws_limo_humble/install/_local_setup_util_sh.py'
[0.582s] INFO:colcon.colcon_core.shell:Creating prefix chain script '/home/dong/Documents/LIMO_GAZEBO/ws_limo_humble/install/setup.sh'
[0.583s] INFO:colcon.colcon_core.shell:Creating prefix script '/home/dong/Documents/LIMO_GAZEBO/ws_limo_humble/install/local_setup.bash'
[0.583s] INFO:colcon.colcon_core.shell:Creating prefix chain script '/home/dong/Documents/LIMO_GAZEBO/ws_limo_humble/install/setup.bash'
[0.584s] INFO:colcon.colcon_core.shell:Creating prefix script '/home/dong/Documents/LIMO_GAZEBO/ws_limo_humble/install/local_setup.zsh'
[0.584s] INFO:colcon.colcon_core.shell:Creating prefix chain script '/home/dong/Documents/LIMO_GAZEBO/ws_limo_humble/install/setup.zsh'
