[0.115s] DEBUG:colcon:Command line arguments: ['/usr/bin/colcon', 'build', '--symlink-install']
[0.115s] DEBUG:colcon:Parsed command line arguments: Namespace(log_base=None, log_level=None, verb_name='build', build_base='build', install_base='install', merge_install=False, symlink_install=True, test_result_base=None, continue_on_error=False, executor='parallel', parallel_workers=24, event_handlers=None, ignore_user_meta=False, metas=['./colcon.meta'], base_paths=['.'], packages_ignore=None, packages_ignore_regex=None, paths=None, packages_up_to=None, packages_up_to_regex=None, packages_above=None, packages_above_and_dependencies=None, packages_above_depth=None, packages_select_by_dep=None, packages_skip_by_dep=None, packages_skip_up_to=None, packages_select_build_failed=False, packages_skip_build_finished=False, packages_select_test_failures=False, packages_skip_test_passed=False, packages_select=None, packages_skip=None, packages_select_regex=None, packages_skip_regex=None, packages_start=None, packages_end=None, cmake_args=None, cmake_target=None, cmake_target_skip_unavailable=False, cmake_clean_cache=False, cmake_clean_first=False, cmake_force_configure=False, ament_cmake_args=None, catkin_cmake_args=None, catkin_skip_building_tests=False, mixin_files=None, mixin=None, verb_parser=<colcon_mixin.mixin.mixin_argument.MixinArgumentDecorator object at 0x7aa587a4b6a0>, verb_extension=<colcon_core.verb.build.BuildVerb object at 0x7aa587b3f370>, main=<bound method BuildVerb.main of <colcon_core.verb.build.BuildVerb object at 0x7aa587b3f370>>, mixin_verb=('build',))
[0.243s] Level 1:colcon.colcon_core.package_discovery:discover_packages(colcon_meta) check parameters
[0.244s] INFO:colcon.colcon_metadata.package_discovery.colcon_meta:Using configuration from '/root/.colcon/metadata/default/Gazebo.meta'
[0.244s] INFO:colcon.colcon_metadata.package_discovery.colcon_meta:Using configuration from '/root/.colcon/metadata/default/fastdds.meta'
[0.245s] INFO:colcon.colcon_metadata.package_discovery.colcon_meta:Using configuration from '/root/.colcon/metadata/default/fastrtps.meta'
[0.245s] Level 1:colcon.colcon_core.package_discovery:discover_packages(recursive) check parameters
[0.245s] Level 1:colcon.colcon_core.package_discovery:discover_packages(ignore) check parameters
[0.245s] Level 1:colcon.colcon_core.package_discovery:discover_packages(path) check parameters
[0.245s] Level 1:colcon.colcon_core.package_discovery:discover_packages(colcon_meta) discover
[0.245s] Level 1:colcon.colcon_core.package_discovery:discover_packages(recursive) discover
[0.245s] INFO:colcon.colcon_core.package_discovery:Crawling recursively for packages in '/home/dong/Documents/LIMO_GAZEBO/ws_limo_humble'
[0.245s] Level 1:colcon.colcon_core.package_identification:_identify(.) by extensions ['ignore', 'ignore_ament_install']
[0.245s] Level 1:colcon.colcon_core.package_identification:_identify(.) by extension 'ignore'
[0.245s] Level 1:colcon.colcon_core.package_identification:_identify(.) by extension 'ignore_ament_install'
[0.245s] Level 1:colcon.colcon_core.package_identification:_identify(.) by extensions ['colcon_pkg']
[0.245s] Level 1:colcon.colcon_core.package_identification:_identify(.) by extension 'colcon_pkg'
[0.245s] Level 1:colcon.colcon_core.package_identification:_identify(.) by extensions ['colcon_meta']
[0.245s] Level 1:colcon.colcon_core.package_identification:_identify(.) by extension 'colcon_meta'
[0.245s] Level 1:colcon.colcon_core.package_identification:_identify(.) by extensions ['ros']
[0.245s] Level 1:colcon.colcon_core.package_identification:_identify(.) by extension 'ros'
[0.256s] Level 1:colcon.colcon_core.package_identification:_identify(.) by extensions ['cmake', 'python']
[0.256s] Level 1:colcon.colcon_core.package_identification:_identify(.) by extension 'cmake'
[0.256s] Level 1:colcon.colcon_core.package_identification:_identify(.) by extension 'python'
[0.256s] Level 1:colcon.colcon_core.package_identification:_identify(.) by extensions ['python_setup_py']
[0.256s] Level 1:colcon.colcon_core.package_identification:_identify(.) by extension 'python_setup_py'
[0.256s] Level 1:colcon.colcon_core.package_identification:_identify(build) by extensions ['ignore', 'ignore_ament_install']
[0.256s] Level 1:colcon.colcon_core.package_identification:_identify(build) by extension 'ignore'
[0.257s] Level 1:colcon.colcon_core.package_identification:_identify(build) ignored
[0.257s] Level 1:colcon.colcon_core.package_identification:_identify(install) by extensions ['ignore', 'ignore_ament_install']
[0.257s] Level 1:colcon.colcon_core.package_identification:_identify(install) by extension 'ignore'
[0.257s] Level 1:colcon.colcon_core.package_identification:_identify(install) ignored
[0.257s] Level 1:colcon.colcon_core.package_identification:_identify(log) by extensions ['ignore', 'ignore_ament_install']
[0.257s] Level 1:colcon.colcon_core.package_identification:_identify(log) by extension 'ignore'
[0.257s] Level 1:colcon.colcon_core.package_identification:_identify(log) ignored
[0.257s] Level 1:colcon.colcon_core.package_identification:_identify(src) by extensions ['ignore', 'ignore_ament_install']
[0.257s] Level 1:colcon.colcon_core.package_identification:_identify(src) by extension 'ignore'
[0.257s] Level 1:colcon.colcon_core.package_identification:_identify(src) by extension 'ignore_ament_install'
[0.257s] Level 1:colcon.colcon_core.package_identification:_identify(src) by extensions ['colcon_pkg']
[0.257s] Level 1:colcon.colcon_core.package_identification:_identify(src) by extension 'colcon_pkg'
[0.257s] Level 1:colcon.colcon_core.package_identification:_identify(src) by extensions ['colcon_meta']
[0.257s] Level 1:colcon.colcon_core.package_identification:_identify(src) by extension 'colcon_meta'
[0.257s] Level 1:colcon.colcon_core.package_identification:_identify(src) by extensions ['ros']
[0.257s] Level 1:colcon.colcon_core.package_identification:_identify(src) by extension 'ros'
[0.257s] Level 1:colcon.colcon_core.package_identification:_identify(src) by extensions ['cmake', 'python']
[0.257s] Level 1:colcon.colcon_core.package_identification:_identify(src) by extension 'cmake'
[0.257s] Level 1:colcon.colcon_core.package_identification:_identify(src) by extension 'python'
[0.257s] Level 1:colcon.colcon_core.package_identification:_identify(src) by extensions ['python_setup_py']
[0.257s] Level 1:colcon.colcon_core.package_identification:_identify(src) by extension 'python_setup_py'
[0.258s] Level 1:colcon.colcon_core.package_identification:_identify(src/build) by extensions ['ignore', 'ignore_ament_install']
[0.258s] Level 1:colcon.colcon_core.package_identification:_identify(src/build) by extension 'ignore'
[0.258s] Level 1:colcon.colcon_core.package_identification:_identify(src/build) ignored
[0.258s] Level 1:colcon.colcon_core.package_identification:_identify(src/install) by extensions ['ignore', 'ignore_ament_install']
[0.258s] Level 1:colcon.colcon_core.package_identification:_identify(src/install) by extension 'ignore'
[0.258s] Level 1:colcon.colcon_core.package_identification:_identify(src/install) ignored
[0.258s] Level 1:colcon.colcon_core.package_identification:_identify(src/limo_ros2) by extensions ['ignore', 'ignore_ament_install']
[0.258s] Level 1:colcon.colcon_core.package_identification:_identify(src/limo_ros2) by extension 'ignore'
[0.258s] Level 1:colcon.colcon_core.package_identification:_identify(src/limo_ros2) by extension 'ignore_ament_install'
[0.258s] Level 1:colcon.colcon_core.package_identification:_identify(src/limo_ros2) by extensions ['colcon_pkg']
[0.258s] Level 1:colcon.colcon_core.package_identification:_identify(src/limo_ros2) by extension 'colcon_pkg'
[0.258s] Level 1:colcon.colcon_core.package_identification:_identify(src/limo_ros2) by extensions ['colcon_meta']
[0.258s] Level 1:colcon.colcon_core.package_identification:_identify(src/limo_ros2) by extension 'colcon_meta'
[0.258s] Level 1:colcon.colcon_core.package_identification:_identify(src/limo_ros2) by extensions ['ros']
[0.258s] Level 1:colcon.colcon_core.package_identification:_identify(src/limo_ros2) by extension 'ros'
[0.258s] Level 1:colcon.colcon_core.package_identification:_identify(src/limo_ros2) by extensions ['cmake', 'python']
[0.258s] Level 1:colcon.colcon_core.package_identification:_identify(src/limo_ros2) by extension 'cmake'
[0.258s] Level 1:colcon.colcon_core.package_identification:_identify(src/limo_ros2) by extension 'python'
[0.258s] Level 1:colcon.colcon_core.package_identification:_identify(src/limo_ros2) by extensions ['python_setup_py']
[0.258s] Level 1:colcon.colcon_core.package_identification:_identify(src/limo_ros2) by extension 'python_setup_py'
[0.258s] Level 1:colcon.colcon_core.package_identification:_identify(src/limo_ros2/limo_base) by extensions ['ignore', 'ignore_ament_install']
[0.259s] Level 1:colcon.colcon_core.package_identification:_identify(src/limo_ros2/limo_base) by extension 'ignore'
[0.259s] Level 1:colcon.colcon_core.package_identification:_identify(src/limo_ros2/limo_base) by extension 'ignore_ament_install'
[0.259s] Level 1:colcon.colcon_core.package_identification:_identify(src/limo_ros2/limo_base) by extensions ['colcon_pkg']
[0.259s] Level 1:colcon.colcon_core.package_identification:_identify(src/limo_ros2/limo_base) by extension 'colcon_pkg'
[0.259s] Level 1:colcon.colcon_core.package_identification:_identify(src/limo_ros2/limo_base) by extensions ['colcon_meta']
[0.259s] Level 1:colcon.colcon_core.package_identification:_identify(src/limo_ros2/limo_base) by extension 'colcon_meta'
[0.259s] Level 1:colcon.colcon_core.package_identification:_identify(src/limo_ros2/limo_base) by extensions ['ros']
[0.259s] Level 1:colcon.colcon_core.package_identification:_identify(src/limo_ros2/limo_base) by extension 'ros'
[0.262s] DEBUG:colcon.colcon_core.package_identification:Package 'src/limo_ros2/limo_base' with type 'ros.ament_cmake' and name 'limo_base'
[0.262s] Level 1:colcon.colcon_core.package_identification:_identify(src/limo_ros2/limo_car) by extensions ['ignore', 'ignore_ament_install']
[0.262s] Level 1:colcon.colcon_core.package_identification:_identify(src/limo_ros2/limo_car) by extension 'ignore'
[0.262s] Level 1:colcon.colcon_core.package_identification:_identify(src/limo_ros2/limo_car) by extension 'ignore_ament_install'
[0.262s] Level 1:colcon.colcon_core.package_identification:_identify(src/limo_ros2/limo_car) by extensions ['colcon_pkg']
[0.262s] Level 1:colcon.colcon_core.package_identification:_identify(src/limo_ros2/limo_car) by extension 'colcon_pkg'
[0.262s] Level 1:colcon.colcon_core.package_identification:_identify(src/limo_ros2/limo_car) by extensions ['colcon_meta']
[0.262s] Level 1:colcon.colcon_core.package_identification:_identify(src/limo_ros2/limo_car) by extension 'colcon_meta'
[0.262s] Level 1:colcon.colcon_core.package_identification:_identify(src/limo_ros2/limo_car) by extensions ['ros']
[0.262s] Level 1:colcon.colcon_core.package_identification:_identify(src/limo_ros2/limo_car) by extension 'ros'
[0.263s] DEBUG:colcon.colcon_core.package_identification:Package 'src/limo_ros2/limo_car' with type 'ros.ament_cmake' and name 'limo_car'
[0.263s] Level 1:colcon.colcon_core.package_identification:_identify(src/limo_ros2/limo_description) by extensions ['ignore', 'ignore_ament_install']
[0.263s] Level 1:colcon.colcon_core.package_identification:_identify(src/limo_ros2/limo_description) by extension 'ignore'
[0.263s] Level 1:colcon.colcon_core.package_identification:_identify(src/limo_ros2/limo_description) by extension 'ignore_ament_install'
[0.263s] Level 1:colcon.colcon_core.package_identification:_identify(src/limo_ros2/limo_description) by extensions ['colcon_pkg']
[0.263s] Level 1:colcon.colcon_core.package_identification:_identify(src/limo_ros2/limo_description) by extension 'colcon_pkg'
[0.263s] Level 1:colcon.colcon_core.package_identification:_identify(src/limo_ros2/limo_description) by extensions ['colcon_meta']
[0.263s] Level 1:colcon.colcon_core.package_identification:_identify(src/limo_ros2/limo_description) by extension 'colcon_meta'
[0.263s] Level 1:colcon.colcon_core.package_identification:_identify(src/limo_ros2/limo_description) by extensions ['ros']
[0.263s] Level 1:colcon.colcon_core.package_identification:_identify(src/limo_ros2/limo_description) by extension 'ros'
[0.264s] DEBUG:colcon.colcon_core.package_identification:Package 'src/limo_ros2/limo_description' with type 'ros.ament_cmake' and name 'limo_description'
[0.264s] Level 1:colcon.colcon_core.package_identification:_identify(src/limo_ros2/limo_msgs) by extensions ['ignore', 'ignore_ament_install']
[0.264s] Level 1:colcon.colcon_core.package_identification:_identify(src/limo_ros2/limo_msgs) by extension 'ignore'
[0.264s] Level 1:colcon.colcon_core.package_identification:_identify(src/limo_ros2/limo_msgs) by extension 'ignore_ament_install'
[0.264s] Level 1:colcon.colcon_core.package_identification:_identify(src/limo_ros2/limo_msgs) by extensions ['colcon_pkg']
[0.264s] Level 1:colcon.colcon_core.package_identification:_identify(src/limo_ros2/limo_msgs) by extension 'colcon_pkg'
[0.264s] Level 1:colcon.colcon_core.package_identification:_identify(src/limo_ros2/limo_msgs) by extensions ['colcon_meta']
[0.264s] Level 1:colcon.colcon_core.package_identification:_identify(src/limo_ros2/limo_msgs) by extension 'colcon_meta'
[0.264s] Level 1:colcon.colcon_core.package_identification:_identify(src/limo_ros2/limo_msgs) by extensions ['ros']
[0.264s] Level 1:colcon.colcon_core.package_identification:_identify(src/limo_ros2/limo_msgs) by extension 'ros'
[0.265s] DEBUG:colcon.colcon_core.package_identification:Package 'src/limo_ros2/limo_msgs' with type 'ros.ament_cmake' and name 'limo_msgs'
[0.265s] Level 1:colcon.colcon_core.package_identification:_identify(src/log) by extensions ['ignore', 'ignore_ament_install']
[0.265s] Level 1:colcon.colcon_core.package_identification:_identify(src/log) by extension 'ignore'
[0.265s] Level 1:colcon.colcon_core.package_identification:_identify(src/log) ignored
[0.265s] Level 1:colcon.colcon_core.package_discovery:discover_packages(recursive) using defaults
[0.265s] Level 1:colcon.colcon_core.package_discovery:discover_packages(ignore) discover
[0.265s] Level 1:colcon.colcon_core.package_discovery:discover_packages(ignore) using defaults
[0.265s] Level 1:colcon.colcon_core.package_discovery:discover_packages(path) discover
[0.265s] Level 1:colcon.colcon_core.package_discovery:discover_packages(path) using defaults
[0.285s] Level 5:colcon.colcon_core.verb:set package 'limo_car' build argument 'cmake_args' from command line to 'None'
[0.285s] Level 5:colcon.colcon_core.verb:set package 'limo_car' build argument 'cmake_target' from command line to 'None'
[0.285s] Level 5:colcon.colcon_core.verb:set package 'limo_car' build argument 'cmake_target_skip_unavailable' from command line to 'False'
[0.285s] Level 5:colcon.colcon_core.verb:set package 'limo_car' build argument 'cmake_clean_cache' from command line to 'False'
[0.285s] Level 5:colcon.colcon_core.verb:set package 'limo_car' build argument 'cmake_clean_first' from command line to 'False'
[0.285s] Level 5:colcon.colcon_core.verb:set package 'limo_car' build argument 'cmake_force_configure' from command line to 'False'
[0.286s] Level 5:colcon.colcon_core.verb:set package 'limo_car' build argument 'ament_cmake_args' from command line to 'None'
[0.286s] Level 5:colcon.colcon_core.verb:set package 'limo_car' build argument 'catkin_cmake_args' from command line to 'None'
[0.286s] Level 5:colcon.colcon_core.verb:set package 'limo_car' build argument 'catkin_skip_building_tests' from command line to 'False'
[0.286s] DEBUG:colcon.colcon_core.verb:Building package 'limo_car' with the following arguments: {'ament_cmake_args': None, 'build_base': '/home/dong/Documents/LIMO_GAZEBO/ws_limo_humble/build/limo_car', 'catkin_cmake_args': None, 'catkin_skip_building_tests': False, 'cmake_args': None, 'cmake_clean_cache': False, 'cmake_clean_first': False, 'cmake_force_configure': False, 'cmake_target': None, 'cmake_target_skip_unavailable': False, 'install_base': '/home/dong/Documents/LIMO_GAZEBO/ws_limo_humble/install/limo_car', 'merge_install': False, 'path': '/home/dong/Documents/LIMO_GAZEBO/ws_limo_humble/src/limo_ros2/limo_car', 'symlink_install': True, 'test_result_base': None}
[0.286s] Level 5:colcon.colcon_core.verb:set package 'limo_description' build argument 'cmake_args' from command line to 'None'
[0.286s] Level 5:colcon.colcon_core.verb:set package 'limo_description' build argument 'cmake_target' from command line to 'None'
[0.286s] Level 5:colcon.colcon_core.verb:set package 'limo_description' build argument 'cmake_target_skip_unavailable' from command line to 'False'
[0.286s] Level 5:colcon.colcon_core.verb:set package 'limo_description' build argument 'cmake_clean_cache' from command line to 'False'
[0.286s] Level 5:colcon.colcon_core.verb:set package 'limo_description' build argument 'cmake_clean_first' from command line to 'False'
[0.286s] Level 5:colcon.colcon_core.verb:set package 'limo_description' build argument 'cmake_force_configure' from command line to 'False'
[0.286s] Level 5:colcon.colcon_core.verb:set package 'limo_description' build argument 'ament_cmake_args' from command line to 'None'
[0.286s] Level 5:colcon.colcon_core.verb:set package 'limo_description' build argument 'catkin_cmake_args' from command line to 'None'
[0.286s] Level 5:colcon.colcon_core.verb:set package 'limo_description' build argument 'catkin_skip_building_tests' from command line to 'False'
[0.286s] DEBUG:colcon.colcon_core.verb:Building package 'limo_description' with the following arguments: {'ament_cmake_args': None, 'build_base': '/home/dong/Documents/LIMO_GAZEBO/ws_limo_humble/build/limo_description', 'catkin_cmake_args': None, 'catkin_skip_building_tests': False, 'cmake_args': None, 'cmake_clean_cache': False, 'cmake_clean_first': False, 'cmake_force_configure': False, 'cmake_target': None, 'cmake_target_skip_unavailable': False, 'install_base': '/home/dong/Documents/LIMO_GAZEBO/ws_limo_humble/install/limo_description', 'merge_install': False, 'path': '/home/dong/Documents/LIMO_GAZEBO/ws_limo_humble/src/limo_ros2/limo_description', 'symlink_install': True, 'test_result_base': None}
[0.286s] Level 5:colcon.colcon_core.verb:set package 'limo_msgs' build argument 'cmake_args' from command line to 'None'
[0.286s] Level 5:colcon.colcon_core.verb:set package 'limo_msgs' build argument 'cmake_target' from command line to 'None'
[0.286s] Level 5:colcon.colcon_core.verb:set package 'limo_msgs' build argument 'cmake_target_skip_unavailable' from command line to 'False'
[0.286s] Level 5:colcon.colcon_core.verb:set package 'limo_msgs' build argument 'cmake_clean_cache' from command line to 'False'
[0.286s] Level 5:colcon.colcon_core.verb:set package 'limo_msgs' build argument 'cmake_clean_first' from command line to 'False'
[0.286s] Level 5:colcon.colcon_core.verb:set package 'limo_msgs' build argument 'cmake_force_configure' from command line to 'False'
[0.286s] Level 5:colcon.colcon_core.verb:set package 'limo_msgs' build argument 'ament_cmake_args' from command line to 'None'
[0.286s] Level 5:colcon.colcon_core.verb:set package 'limo_msgs' build argument 'catkin_cmake_args' from command line to 'None'
[0.286s] Level 5:colcon.colcon_core.verb:set package 'limo_msgs' build argument 'catkin_skip_building_tests' from command line to 'False'
[0.286s] DEBUG:colcon.colcon_core.verb:Building package 'limo_msgs' with the following arguments: {'ament_cmake_args': None, 'build_base': '/home/dong/Documents/LIMO_GAZEBO/ws_limo_humble/build/limo_msgs', 'catkin_cmake_args': None, 'catkin_skip_building_tests': False, 'cmake_args': None, 'cmake_clean_cache': False, 'cmake_clean_first': False, 'cmake_force_configure': False, 'cmake_target': None, 'cmake_target_skip_unavailable': False, 'install_base': '/home/dong/Documents/LIMO_GAZEBO/ws_limo_humble/install/limo_msgs', 'merge_install': False, 'path': '/home/dong/Documents/LIMO_GAZEBO/ws_limo_humble/src/limo_ros2/limo_msgs', 'symlink_install': True, 'test_result_base': None}
[0.287s] Level 5:colcon.colcon_core.verb:set package 'limo_base' build argument 'cmake_args' from command line to 'None'
[0.287s] Level 5:colcon.colcon_core.verb:set package 'limo_base' build argument 'cmake_target' from command line to 'None'
[0.287s] Level 5:colcon.colcon_core.verb:set package 'limo_base' build argument 'cmake_target_skip_unavailable' from command line to 'False'
[0.287s] Level 5:colcon.colcon_core.verb:set package 'limo_base' build argument 'cmake_clean_cache' from command line to 'False'
[0.287s] Level 5:colcon.colcon_core.verb:set package 'limo_base' build argument 'cmake_clean_first' from command line to 'False'
[0.287s] Level 5:colcon.colcon_core.verb:set package 'limo_base' build argument 'cmake_force_configure' from command line to 'False'
[0.287s] Level 5:colcon.colcon_core.verb:set package 'limo_base' build argument 'ament_cmake_args' from command line to 'None'
[0.287s] Level 5:colcon.colcon_core.verb:set package 'limo_base' build argument 'catkin_cmake_args' from command line to 'None'
[0.287s] Level 5:colcon.colcon_core.verb:set package 'limo_base' build argument 'catkin_skip_building_tests' from command line to 'False'
[0.287s] DEBUG:colcon.colcon_core.verb:Building package 'limo_base' with the following arguments: {'ament_cmake_args': None, 'build_base': '/home/dong/Documents/LIMO_GAZEBO/ws_limo_humble/build/limo_base', 'catkin_cmake_args': None, 'catkin_skip_building_tests': False, 'cmake_args': None, 'cmake_clean_cache': False, 'cmake_clean_first': False, 'cmake_force_configure': False, 'cmake_target': None, 'cmake_target_skip_unavailable': False, 'install_base': '/home/dong/Documents/LIMO_GAZEBO/ws_limo_humble/install/limo_base', 'merge_install': False, 'path': '/home/dong/Documents/LIMO_GAZEBO/ws_limo_humble/src/limo_ros2/limo_base', 'symlink_install': True, 'test_result_base': None}
[0.287s] INFO:colcon.colcon_core.executor:Executing jobs using 'parallel' executor
[0.288s] DEBUG:colcon.colcon_parallel_executor.executor.parallel:run_until_complete
[0.288s] INFO:colcon.colcon_ros.task.ament_cmake.build:Building ROS package in '/home/dong/Documents/LIMO_GAZEBO/ws_limo_humble/src/limo_ros2/limo_msgs' with build type 'ament_cmake'
[0.288s] INFO:colcon.colcon_cmake.task.cmake.build:Building CMake package in '/home/dong/Documents/LIMO_GAZEBO/ws_limo_humble/src/limo_ros2/limo_msgs'
[0.291s] INFO:colcon.colcon_core.plugin_system:Skipping extension 'colcon_core.shell.bat': Not used on non-Windows systems
[0.291s] INFO:colcon.colcon_core.shell:Skip shell extension 'powershell' for command environment: Not usable outside of PowerShell
[0.291s] DEBUG:colcon.colcon_core.shell:Skip shell extension 'dsv' for command environment
[0.296s] INFO:colcon.colcon_ros.task.ament_cmake.build:Building ROS package in '/home/dong/Documents/LIMO_GAZEBO/ws_limo_humble/src/limo_ros2/limo_car' with build type 'ament_cmake'
[0.296s] INFO:colcon.colcon_cmake.task.cmake.build:Building CMake package in '/home/dong/Documents/LIMO_GAZEBO/ws_limo_humble/src/limo_ros2/limo_car'
[0.296s] INFO:colcon.colcon_core.shell:Skip shell extension 'powershell' for command environment: Not usable outside of PowerShell
[0.296s] DEBUG:colcon.colcon_core.shell:Skip shell extension 'dsv' for command environment
[0.299s] INFO:colcon.colcon_ros.task.ament_cmake.build:Building ROS package in '/home/dong/Documents/LIMO_GAZEBO/ws_limo_humble/src/limo_ros2/limo_description' with build type 'ament_cmake'
[0.299s] INFO:colcon.colcon_cmake.task.cmake.build:Building CMake package in '/home/dong/Documents/LIMO_GAZEBO/ws_limo_humble/src/limo_ros2/limo_description'
[0.299s] INFO:colcon.colcon_core.shell:Skip shell extension 'powershell' for command environment: Not usable outside of PowerShell
[0.299s] DEBUG:colcon.colcon_core.shell:Skip shell extension 'dsv' for command environment
[0.307s] DEBUG:colcon.colcon_core.event_handler.log_command:Invoking command in '/home/dong/Documents/LIMO_GAZEBO/ws_limo_humble/build/limo_msgs': CMAKE_PREFIX_PATH=/opt/ros/humble /usr/bin/cmake --build /home/dong/Documents/LIMO_GAZEBO/ws_limo_humble/build/limo_msgs -- -j24 -l24
[0.309s] DEBUG:colcon.colcon_core.event_handler.log_command:Invoking command in '/home/dong/Documents/LIMO_GAZEBO/ws_limo_humble/build/limo_car': CMAKE_PREFIX_PATH=/opt/ros/humble /usr/bin/cmake --build /home/dong/Documents/LIMO_GAZEBO/ws_limo_humble/build/limo_car -- -j24 -l24
[0.312s] DEBUG:colcon.colcon_core.event_handler.log_command:Invoking command in '/home/dong/Documents/LIMO_GAZEBO/ws_limo_humble/build/limo_description': CMAKE_PREFIX_PATH=/opt/ros/humble /usr/bin/cmake --build /home/dong/Documents/LIMO_GAZEBO/ws_limo_humble/build/limo_description -- -j24 -l24
[0.378s] DEBUG:colcon.colcon_core.event_handler.log_command:Invoked command in '/home/dong/Documents/LIMO_GAZEBO/ws_limo_humble/build/limo_description' returned '0': CMAKE_PREFIX_PATH=/opt/ros/humble /usr/bin/cmake --build /home/dong/Documents/LIMO_GAZEBO/ws_limo_humble/build/limo_description -- -j24 -l24
[0.389s] DEBUG:colcon.colcon_core.event_handler.log_command:Invoking command in '/home/dong/Documents/LIMO_GAZEBO/ws_limo_humble/build/limo_description': CMAKE_PREFIX_PATH=/opt/ros/humble /usr/bin/cmake --install /home/dong/Documents/LIMO_GAZEBO/ws_limo_humble/build/limo_description
[0.393s] DEBUG:colcon.colcon_core.event_handler.log_command:Invoked command in '/home/dong/Documents/LIMO_GAZEBO/ws_limo_humble/build/limo_car' returned '0': CMAKE_PREFIX_PATH=/opt/ros/humble /usr/bin/cmake --build /home/dong/Documents/LIMO_GAZEBO/ws_limo_humble/build/limo_car -- -j24 -l24
[0.395s] DEBUG:colcon.colcon_core.event_handler.log_command:Invoking command in '/home/dong/Documents/LIMO_GAZEBO/ws_limo_humble/build/limo_car': CMAKE_PREFIX_PATH=/opt/ros/humble /usr/bin/cmake --install /home/dong/Documents/LIMO_GAZEBO/ws_limo_humble/build/limo_car
[0.422s] Level 1:colcon.colcon_core.environment:create_environment_scripts_only(limo_description)
[0.423s] DEBUG:colcon.colcon_core.event_handler.log_command:Invoked command in '/home/dong/Documents/LIMO_GAZEBO/ws_limo_humble/build/limo_description' returned '0': CMAKE_PREFIX_PATH=/opt/ros/humble /usr/bin/cmake --install /home/dong/Documents/LIMO_GAZEBO/ws_limo_humble/build/limo_description
[0.428s] Level 1:colcon.colcon_core.environment:checking '/home/dong/Documents/LIMO_GAZEBO/ws_limo_humble/install/limo_description' for CMake module files
[0.429s] Level 1:colcon.colcon_core.environment:checking '/home/dong/Documents/LIMO_GAZEBO/ws_limo_humble/install/limo_description' for CMake config files
[0.429s] Level 1:colcon.colcon_core.shell:create_environment_hook('limo_description', 'cmake_prefix_path')
[0.430s] INFO:colcon.colcon_core.shell:Creating environment hook '/home/dong/Documents/LIMO_GAZEBO/ws_limo_humble/install/limo_description/share/limo_description/hook/cmake_prefix_path.ps1'
[0.430s] INFO:colcon.colcon_core.shell:Creating environment descriptor '/home/dong/Documents/LIMO_GAZEBO/ws_limo_humble/install/limo_description/share/limo_description/hook/cmake_prefix_path.dsv'
[0.431s] INFO:colcon.colcon_core.shell:Creating environment hook '/home/dong/Documents/LIMO_GAZEBO/ws_limo_humble/install/limo_description/share/limo_description/hook/cmake_prefix_path.sh'
[0.432s] Level 1:colcon.colcon_core.environment:checking '/home/dong/Documents/LIMO_GAZEBO/ws_limo_humble/install/limo_description/bin'
[0.432s] Level 1:colcon.colcon_core.environment:checking '/home/dong/Documents/LIMO_GAZEBO/ws_limo_humble/install/limo_description/lib/pkgconfig/limo_description.pc'
[0.435s] Level 1:colcon.colcon_core.environment:checking '/home/dong/Documents/LIMO_GAZEBO/ws_limo_humble/install/limo_description/lib/python3.10/site-packages'
[0.435s] Level 1:colcon.colcon_core.environment:checking '/home/dong/Documents/LIMO_GAZEBO/ws_limo_humble/install/limo_description/bin'
[0.435s] INFO:colcon.colcon_core.shell:Creating package script '/home/dong/Documents/LIMO_GAZEBO/ws_limo_humble/install/limo_description/share/limo_description/package.ps1'
[0.436s] INFO:colcon.colcon_core.shell:Creating package descriptor '/home/dong/Documents/LIMO_GAZEBO/ws_limo_humble/install/limo_description/share/limo_description/package.dsv'
[0.437s] INFO:colcon.colcon_core.shell:Creating package script '/home/dong/Documents/LIMO_GAZEBO/ws_limo_humble/install/limo_description/share/limo_description/package.sh'
[0.438s] INFO:colcon.colcon_core.shell:Creating package script '/home/dong/Documents/LIMO_GAZEBO/ws_limo_humble/install/limo_description/share/limo_description/package.bash'
[0.439s] INFO:colcon.colcon_core.shell:Creating package script '/home/dong/Documents/LIMO_GAZEBO/ws_limo_humble/install/limo_description/share/limo_description/package.zsh'
[0.452s] Level 1:colcon.colcon_core.environment:create_file_with_runtime_dependencies(/home/dong/Documents/LIMO_GAZEBO/ws_limo_humble/install/limo_description/share/colcon-core/packages/limo_description)
[0.453s] Level 1:colcon.colcon_core.environment:create_environment_scripts_only(limo_description)
[0.454s] Level 1:colcon.colcon_core.environment:checking '/home/dong/Documents/LIMO_GAZEBO/ws_limo_humble/install/limo_description' for CMake module files
[0.454s] Level 1:colcon.colcon_core.environment:checking '/home/dong/Documents/LIMO_GAZEBO/ws_limo_humble/install/limo_description' for CMake config files
[0.454s] Level 1:colcon.colcon_core.shell:create_environment_hook('limo_description', 'cmake_prefix_path')
[0.454s] INFO:colcon.colcon_core.shell:Creating environment hook '/home/dong/Documents/LIMO_GAZEBO/ws_limo_humble/install/limo_description/share/limo_description/hook/cmake_prefix_path.ps1'
[0.455s] INFO:colcon.colcon_core.shell:Creating environment descriptor '/home/dong/Documents/LIMO_GAZEBO/ws_limo_humble/install/limo_description/share/limo_description/hook/cmake_prefix_path.dsv'
[0.455s] INFO:colcon.colcon_core.shell:Creating environment hook '/home/dong/Documents/LIMO_GAZEBO/ws_limo_humble/install/limo_description/share/limo_description/hook/cmake_prefix_path.sh'
[0.456s] Level 1:colcon.colcon_core.environment:checking '/home/dong/Documents/LIMO_GAZEBO/ws_limo_humble/install/limo_description/bin'
[0.456s] Level 1:colcon.colcon_core.environment:checking '/home/dong/Documents/LIMO_GAZEBO/ws_limo_humble/install/limo_description/lib/pkgconfig/limo_description.pc'
[0.456s] Level 1:colcon.colcon_core.environment:checking '/home/dong/Documents/LIMO_GAZEBO/ws_limo_humble/install/limo_description/lib/python3.10/site-packages'
[0.456s] Level 1:colcon.colcon_core.environment:checking '/home/dong/Documents/LIMO_GAZEBO/ws_limo_humble/install/limo_description/bin'
[0.456s] INFO:colcon.colcon_core.shell:Creating package script '/home/dong/Documents/LIMO_GAZEBO/ws_limo_humble/install/limo_description/share/limo_description/package.ps1'
[0.457s] INFO:colcon.colcon_core.shell:Creating package descriptor '/home/dong/Documents/LIMO_GAZEBO/ws_limo_humble/install/limo_description/share/limo_description/package.dsv'
[0.457s] INFO:colcon.colcon_core.shell:Creating package script '/home/dong/Documents/LIMO_GAZEBO/ws_limo_humble/install/limo_description/share/limo_description/package.sh'
[0.458s] INFO:colcon.colcon_core.shell:Creating package script '/home/dong/Documents/LIMO_GAZEBO/ws_limo_humble/install/limo_description/share/limo_description/package.bash'
[0.458s] INFO:colcon.colcon_core.shell:Creating package script '/home/dong/Documents/LIMO_GAZEBO/ws_limo_humble/install/limo_description/share/limo_description/package.zsh'
[0.458s] Level 1:colcon.colcon_core.environment:create_file_with_runtime_dependencies(/home/dong/Documents/LIMO_GAZEBO/ws_limo_humble/install/limo_description/share/colcon-core/packages/limo_description)
[0.459s] Level 1:colcon.colcon_core.environment:create_environment_scripts_only(limo_car)
[0.459s] Level 1:colcon.colcon_core.environment:checking '/home/dong/Documents/LIMO_GAZEBO/ws_limo_humble/install/limo_car' for CMake module files
[0.460s] DEBUG:colcon.colcon_core.event_handler.log_command:Invoked command in '/home/dong/Documents/LIMO_GAZEBO/ws_limo_humble/build/limo_car' returned '0': CMAKE_PREFIX_PATH=/opt/ros/humble /usr/bin/cmake --install /home/dong/Documents/LIMO_GAZEBO/ws_limo_humble/build/limo_car
[0.460s] Level 1:colcon.colcon_core.environment:checking '/home/dong/Documents/LIMO_GAZEBO/ws_limo_humble/install/limo_car' for CMake config files
[0.461s] Level 1:colcon.colcon_core.shell:create_environment_hook('limo_car', 'cmake_prefix_path')
[0.461s] INFO:colcon.colcon_core.shell:Creating environment hook '/home/dong/Documents/LIMO_GAZEBO/ws_limo_humble/install/limo_car/share/limo_car/hook/cmake_prefix_path.ps1'
[0.461s] INFO:colcon.colcon_core.shell:Creating environment descriptor '/home/dong/Documents/LIMO_GAZEBO/ws_limo_humble/install/limo_car/share/limo_car/hook/cmake_prefix_path.dsv'
[0.461s] INFO:colcon.colcon_core.shell:Creating environment hook '/home/dong/Documents/LIMO_GAZEBO/ws_limo_humble/install/limo_car/share/limo_car/hook/cmake_prefix_path.sh'
[0.462s] Level 1:colcon.colcon_core.environment:checking '/home/dong/Documents/LIMO_GAZEBO/ws_limo_humble/install/limo_car/lib'
[0.462s] Level 1:colcon.colcon_core.environment:checking '/home/dong/Documents/LIMO_GAZEBO/ws_limo_humble/install/limo_car/bin'
[0.462s] Level 1:colcon.colcon_core.environment:checking '/home/dong/Documents/LIMO_GAZEBO/ws_limo_humble/install/limo_car/lib/pkgconfig/limo_car.pc'
[0.462s] Level 1:colcon.colcon_core.environment:checking '/home/dong/Documents/LIMO_GAZEBO/ws_limo_humble/install/limo_car/lib/python3.10/site-packages'
[0.463s] Level 1:colcon.colcon_core.environment:checking '/home/dong/Documents/LIMO_GAZEBO/ws_limo_humble/install/limo_car/bin'
[0.463s] INFO:colcon.colcon_core.shell:Creating package script '/home/dong/Documents/LIMO_GAZEBO/ws_limo_humble/install/limo_car/share/limo_car/package.ps1'
[0.463s] INFO:colcon.colcon_core.shell:Creating package descriptor '/home/dong/Documents/LIMO_GAZEBO/ws_limo_humble/install/limo_car/share/limo_car/package.dsv'
[0.464s] INFO:colcon.colcon_core.shell:Creating package script '/home/dong/Documents/LIMO_GAZEBO/ws_limo_humble/install/limo_car/share/limo_car/package.sh'
[0.464s] INFO:colcon.colcon_core.shell:Creating package script '/home/dong/Documents/LIMO_GAZEBO/ws_limo_humble/install/limo_car/share/limo_car/package.bash'
[0.464s] INFO:colcon.colcon_core.shell:Creating package script '/home/dong/Documents/LIMO_GAZEBO/ws_limo_humble/install/limo_car/share/limo_car/package.zsh'
[0.464s] Level 1:colcon.colcon_core.environment:create_file_with_runtime_dependencies(/home/dong/Documents/LIMO_GAZEBO/ws_limo_humble/install/limo_car/share/colcon-core/packages/limo_car)
[0.465s] Level 1:colcon.colcon_core.environment:create_environment_scripts_only(limo_car)
[0.465s] Level 1:colcon.colcon_core.environment:checking '/home/dong/Documents/LIMO_GAZEBO/ws_limo_humble/install/limo_car' for CMake module files
[0.465s] Level 1:colcon.colcon_core.environment:checking '/home/dong/Documents/LIMO_GAZEBO/ws_limo_humble/install/limo_car' for CMake config files
[0.466s] Level 1:colcon.colcon_core.shell:create_environment_hook('limo_car', 'cmake_prefix_path')
[0.466s] INFO:colcon.colcon_core.shell:Creating environment hook '/home/dong/Documents/LIMO_GAZEBO/ws_limo_humble/install/limo_car/share/limo_car/hook/cmake_prefix_path.ps1'
[0.466s] INFO:colcon.colcon_core.shell:Creating environment descriptor '/home/dong/Documents/LIMO_GAZEBO/ws_limo_humble/install/limo_car/share/limo_car/hook/cmake_prefix_path.dsv'
[0.466s] INFO:colcon.colcon_core.shell:Creating environment hook '/home/dong/Documents/LIMO_GAZEBO/ws_limo_humble/install/limo_car/share/limo_car/hook/cmake_prefix_path.sh'
[0.467s] Level 1:colcon.colcon_core.environment:checking '/home/dong/Documents/LIMO_GAZEBO/ws_limo_humble/install/limo_car/lib'
[0.467s] Level 1:colcon.colcon_core.environment:checking '/home/dong/Documents/LIMO_GAZEBO/ws_limo_humble/install/limo_car/bin'
[0.467s] Level 1:colcon.colcon_core.environment:checking '/home/dong/Documents/LIMO_GAZEBO/ws_limo_humble/install/limo_car/lib/pkgconfig/limo_car.pc'
[0.467s] Level 1:colcon.colcon_core.environment:checking '/home/dong/Documents/LIMO_GAZEBO/ws_limo_humble/install/limo_car/lib/python3.10/site-packages'
[0.467s] Level 1:colcon.colcon_core.environment:checking '/home/dong/Documents/LIMO_GAZEBO/ws_limo_humble/install/limo_car/bin'
[0.467s] INFO:colcon.colcon_core.shell:Creating package script '/home/dong/Documents/LIMO_GAZEBO/ws_limo_humble/install/limo_car/share/limo_car/package.ps1'
[0.468s] INFO:colcon.colcon_core.shell:Creating package descriptor '/home/dong/Documents/LIMO_GAZEBO/ws_limo_humble/install/limo_car/share/limo_car/package.dsv'
[0.468s] INFO:colcon.colcon_core.shell:Creating package script '/home/dong/Documents/LIMO_GAZEBO/ws_limo_humble/install/limo_car/share/limo_car/package.sh'
[0.468s] INFO:colcon.colcon_core.shell:Creating package script '/home/dong/Documents/LIMO_GAZEBO/ws_limo_humble/install/limo_car/share/limo_car/package.bash'
[0.469s] INFO:colcon.colcon_core.shell:Creating package script '/home/dong/Documents/LIMO_GAZEBO/ws_limo_humble/install/limo_car/share/limo_car/package.zsh'
[0.469s] Level 1:colcon.colcon_core.environment:create_file_with_runtime_dependencies(/home/dong/Documents/LIMO_GAZEBO/ws_limo_humble/install/limo_car/share/colcon-core/packages/limo_car)
[0.611s] DEBUG:colcon.colcon_core.event_handler.log_command:Invoked command in '/home/dong/Documents/LIMO_GAZEBO/ws_limo_humble/build/limo_msgs' returned '0': CMAKE_PREFIX_PATH=/opt/ros/humble /usr/bin/cmake --build /home/dong/Documents/LIMO_GAZEBO/ws_limo_humble/build/limo_msgs -- -j24 -l24
[0.613s] DEBUG:colcon.colcon_core.event_handler.log_command:Invoking command in '/home/dong/Documents/LIMO_GAZEBO/ws_limo_humble/build/limo_msgs': CMAKE_PREFIX_PATH=/opt/ros/humble /usr/bin/cmake --install /home/dong/Documents/LIMO_GAZEBO/ws_limo_humble/build/limo_msgs
[0.683s] Level 1:colcon.colcon_core.environment:create_environment_scripts_only(limo_msgs)
[0.683s] Level 1:colcon.colcon_core.environment:checking '/home/dong/Documents/LIMO_GAZEBO/ws_limo_humble/install/limo_msgs' for CMake module files
[0.684s] DEBUG:colcon.colcon_core.event_handler.log_command:Invoked command in '/home/dong/Documents/LIMO_GAZEBO/ws_limo_humble/build/limo_msgs' returned '0': CMAKE_PREFIX_PATH=/opt/ros/humble /usr/bin/cmake --install /home/dong/Documents/LIMO_GAZEBO/ws_limo_humble/build/limo_msgs
[0.684s] Level 1:colcon.colcon_core.environment:checking '/home/dong/Documents/LIMO_GAZEBO/ws_limo_humble/install/limo_msgs' for CMake config files
[0.685s] Level 1:colcon.colcon_core.shell:create_environment_hook('limo_msgs', 'cmake_prefix_path')
[0.685s] INFO:colcon.colcon_core.shell:Creating environment hook '/home/dong/Documents/LIMO_GAZEBO/ws_limo_humble/install/limo_msgs/share/limo_msgs/hook/cmake_prefix_path.ps1'
[0.686s] INFO:colcon.colcon_core.shell:Creating environment descriptor '/home/dong/Documents/LIMO_GAZEBO/ws_limo_humble/install/limo_msgs/share/limo_msgs/hook/cmake_prefix_path.dsv'
[0.686s] INFO:colcon.colcon_core.shell:Creating environment hook '/home/dong/Documents/LIMO_GAZEBO/ws_limo_humble/install/limo_msgs/share/limo_msgs/hook/cmake_prefix_path.sh'
[0.687s] Level 1:colcon.colcon_core.environment:checking '/home/dong/Documents/LIMO_GAZEBO/ws_limo_humble/install/limo_msgs/lib'
[0.687s] Level 1:colcon.colcon_core.shell:create_environment_hook('limo_msgs', 'ld_library_path_lib')
[0.687s] INFO:colcon.colcon_core.shell:Creating environment hook '/home/dong/Documents/LIMO_GAZEBO/ws_limo_humble/install/limo_msgs/share/limo_msgs/hook/ld_library_path_lib.ps1'
[0.687s] INFO:colcon.colcon_core.shell:Creating environment descriptor '/home/dong/Documents/LIMO_GAZEBO/ws_limo_humble/install/limo_msgs/share/limo_msgs/hook/ld_library_path_lib.dsv'
[0.688s] INFO:colcon.colcon_core.shell:Creating environment hook '/home/dong/Documents/LIMO_GAZEBO/ws_limo_humble/install/limo_msgs/share/limo_msgs/hook/ld_library_path_lib.sh'
[0.688s] Level 1:colcon.colcon_core.environment:checking '/home/dong/Documents/LIMO_GAZEBO/ws_limo_humble/install/limo_msgs/bin'
[0.688s] Level 1:colcon.colcon_core.environment:checking '/home/dong/Documents/LIMO_GAZEBO/ws_limo_humble/install/limo_msgs/lib/pkgconfig/limo_msgs.pc'
[0.688s] Level 1:colcon.colcon_core.environment:checking '/home/dong/Documents/LIMO_GAZEBO/ws_limo_humble/install/limo_msgs/lib/python3.10/site-packages'
[0.689s] Level 1:colcon.colcon_core.environment:checking '/home/dong/Documents/LIMO_GAZEBO/ws_limo_humble/install/limo_msgs/bin'
[0.689s] INFO:colcon.colcon_core.shell:Creating package script '/home/dong/Documents/LIMO_GAZEBO/ws_limo_humble/install/limo_msgs/share/limo_msgs/package.ps1'
[0.690s] INFO:colcon.colcon_core.shell:Creating package descriptor '/home/dong/Documents/LIMO_GAZEBO/ws_limo_humble/install/limo_msgs/share/limo_msgs/package.dsv'
[0.690s] INFO:colcon.colcon_core.shell:Creating package script '/home/dong/Documents/LIMO_GAZEBO/ws_limo_humble/install/limo_msgs/share/limo_msgs/package.sh'
[0.690s] INFO:colcon.colcon_core.shell:Creating package script '/home/dong/Documents/LIMO_GAZEBO/ws_limo_humble/install/limo_msgs/share/limo_msgs/package.bash'
[0.691s] INFO:colcon.colcon_core.shell:Creating package script '/home/dong/Documents/LIMO_GAZEBO/ws_limo_humble/install/limo_msgs/share/limo_msgs/package.zsh'
[0.691s] Level 1:colcon.colcon_core.environment:create_file_with_runtime_dependencies(/home/dong/Documents/LIMO_GAZEBO/ws_limo_humble/install/limo_msgs/share/colcon-core/packages/limo_msgs)
[0.692s] Level 1:colcon.colcon_core.environment:create_environment_scripts_only(limo_msgs)
[0.692s] Level 1:colcon.colcon_core.environment:checking '/home/dong/Documents/LIMO_GAZEBO/ws_limo_humble/install/limo_msgs' for CMake module files
[0.692s] Level 1:colcon.colcon_core.environment:checking '/home/dong/Documents/LIMO_GAZEBO/ws_limo_humble/install/limo_msgs' for CMake config files
[0.693s] Level 1:colcon.colcon_core.shell:create_environment_hook('limo_msgs', 'cmake_prefix_path')
[0.693s] INFO:colcon.colcon_core.shell:Creating environment hook '/home/dong/Documents/LIMO_GAZEBO/ws_limo_humble/install/limo_msgs/share/limo_msgs/hook/cmake_prefix_path.ps1'
[0.694s] INFO:colcon.colcon_core.shell:Creating environment descriptor '/home/dong/Documents/LIMO_GAZEBO/ws_limo_humble/install/limo_msgs/share/limo_msgs/hook/cmake_prefix_path.dsv'
[0.694s] INFO:colcon.colcon_core.shell:Creating environment hook '/home/dong/Documents/LIMO_GAZEBO/ws_limo_humble/install/limo_msgs/share/limo_msgs/hook/cmake_prefix_path.sh'
[0.694s] Level 1:colcon.colcon_core.environment:checking '/home/dong/Documents/LIMO_GAZEBO/ws_limo_humble/install/limo_msgs/lib'
[0.694s] Level 1:colcon.colcon_core.shell:create_environment_hook('limo_msgs', 'ld_library_path_lib')
[0.695s] INFO:colcon.colcon_core.shell:Creating environment hook '/home/dong/Documents/LIMO_GAZEBO/ws_limo_humble/install/limo_msgs/share/limo_msgs/hook/ld_library_path_lib.ps1'
[0.695s] INFO:colcon.colcon_core.shell:Creating environment descriptor '/home/dong/Documents/LIMO_GAZEBO/ws_limo_humble/install/limo_msgs/share/limo_msgs/hook/ld_library_path_lib.dsv'
[0.695s] INFO:colcon.colcon_core.shell:Creating environment hook '/home/dong/Documents/LIMO_GAZEBO/ws_limo_humble/install/limo_msgs/share/limo_msgs/hook/ld_library_path_lib.sh'
[0.696s] Level 1:colcon.colcon_core.environment:checking '/home/dong/Documents/LIMO_GAZEBO/ws_limo_humble/install/limo_msgs/bin'
[0.696s] Level 1:colcon.colcon_core.environment:checking '/home/dong/Documents/LIMO_GAZEBO/ws_limo_humble/install/limo_msgs/lib/pkgconfig/limo_msgs.pc'
[0.696s] Level 1:colcon.colcon_core.environment:checking '/home/dong/Documents/LIMO_GAZEBO/ws_limo_humble/install/limo_msgs/lib/python3.10/site-packages'
[0.696s] Level 1:colcon.colcon_core.environment:checking '/home/dong/Documents/LIMO_GAZEBO/ws_limo_humble/install/limo_msgs/bin'
[0.696s] INFO:colcon.colcon_core.shell:Creating package script '/home/dong/Documents/LIMO_GAZEBO/ws_limo_humble/install/limo_msgs/share/limo_msgs/package.ps1'
[0.697s] INFO:colcon.colcon_core.shell:Creating package descriptor '/home/dong/Documents/LIMO_GAZEBO/ws_limo_humble/install/limo_msgs/share/limo_msgs/package.dsv'
[0.697s] INFO:colcon.colcon_core.shell:Creating package script '/home/dong/Documents/LIMO_GAZEBO/ws_limo_humble/install/limo_msgs/share/limo_msgs/package.sh'
[0.698s] INFO:colcon.colcon_core.shell:Creating package script '/home/dong/Documents/LIMO_GAZEBO/ws_limo_humble/install/limo_msgs/share/limo_msgs/package.bash'
[0.698s] INFO:colcon.colcon_core.shell:Creating package script '/home/dong/Documents/LIMO_GAZEBO/ws_limo_humble/install/limo_msgs/share/limo_msgs/package.zsh'
[0.698s] Level 1:colcon.colcon_core.environment:create_file_with_runtime_dependencies(/home/dong/Documents/LIMO_GAZEBO/ws_limo_humble/install/limo_msgs/share/colcon-core/packages/limo_msgs)
[0.699s] INFO:colcon.colcon_ros.task.ament_cmake.build:Building ROS package in '/home/dong/Documents/LIMO_GAZEBO/ws_limo_humble/src/limo_ros2/limo_base' with build type 'ament_cmake'
[0.699s] INFO:colcon.colcon_cmake.task.cmake.build:Building CMake package in '/home/dong/Documents/LIMO_GAZEBO/ws_limo_humble/src/limo_ros2/limo_base'
[0.699s] INFO:colcon.colcon_core.shell:Skip shell extension 'powershell' for command environment: Not usable outside of PowerShell
[0.699s] DEBUG:colcon.colcon_core.shell:Skip shell extension 'dsv' for command environment
[0.710s] DEBUG:colcon.colcon_core.event_handler.log_command:Invoking command in '/home/dong/Documents/LIMO_GAZEBO/ws_limo_humble/build/limo_base': AMENT_PREFIX_PATH=/home/dong/Documents/LIMO_GAZEBO/ws_limo_humble/install/limo_msgs:${AMENT_PREFIX_PATH} CMAKE_PREFIX_PATH=/home/dong/Documents/LIMO_GAZEBO/ws_limo_humble/install/limo_msgs:/opt/ros/humble LD_LIBRARY_PATH=/home/dong/Documents/LIMO_GAZEBO/ws_limo_humble/install/limo_msgs/lib:${LD_LIBRARY_PATH} PYTHONPATH=/home/dong/Documents/LIMO_GAZEBO/ws_limo_humble/install/limo_msgs/local/lib/python3.10/dist-packages:${PYTHONPATH} /usr/bin/cmake --build /home/dong/Documents/LIMO_GAZEBO/ws_limo_humble/build/limo_base -- -j24 -l24
[0.806s] DEBUG:colcon.colcon_core.event_handler.log_command:Invoked command in '/home/dong/Documents/LIMO_GAZEBO/ws_limo_humble/build/limo_base' returned '0': AMENT_PREFIX_PATH=/home/dong/Documents/LIMO_GAZEBO/ws_limo_humble/install/limo_msgs:${AMENT_PREFIX_PATH} CMAKE_PREFIX_PATH=/home/dong/Documents/LIMO_GAZEBO/ws_limo_humble/install/limo_msgs:/opt/ros/humble LD_LIBRARY_PATH=/home/dong/Documents/LIMO_GAZEBO/ws_limo_humble/install/limo_msgs/lib:${LD_LIBRARY_PATH} PYTHONPATH=/home/dong/Documents/LIMO_GAZEBO/ws_limo_humble/install/limo_msgs/local/lib/python3.10/dist-packages:${PYTHONPATH} /usr/bin/cmake --build /home/dong/Documents/LIMO_GAZEBO/ws_limo_humble/build/limo_base -- -j24 -l24
[0.809s] DEBUG:colcon.colcon_core.event_handler.log_command:Invoking command in '/home/dong/Documents/LIMO_GAZEBO/ws_limo_humble/build/limo_base': AMENT_PREFIX_PATH=/home/dong/Documents/LIMO_GAZEBO/ws_limo_humble/install/limo_msgs:${AMENT_PREFIX_PATH} CMAKE_PREFIX_PATH=/home/dong/Documents/LIMO_GAZEBO/ws_limo_humble/install/limo_msgs:/opt/ros/humble LD_LIBRARY_PATH=/home/dong/Documents/LIMO_GAZEBO/ws_limo_humble/install/limo_msgs/lib:${LD_LIBRARY_PATH} PYTHONPATH=/home/dong/Documents/LIMO_GAZEBO/ws_limo_humble/install/limo_msgs/local/lib/python3.10/dist-packages:${PYTHONPATH} /usr/bin/cmake --install /home/dong/Documents/LIMO_GAZEBO/ws_limo_humble/build/limo_base
[0.841s] Level 1:colcon.colcon_core.environment:create_environment_scripts_only(limo_base)
[0.842s] Level 1:colcon.colcon_core.environment:checking '/home/dong/Documents/LIMO_GAZEBO/ws_limo_humble/install/limo_base' for CMake module files
[0.842s] Level 1:colcon.colcon_core.environment:checking '/home/dong/Documents/LIMO_GAZEBO/ws_limo_humble/install/limo_base' for CMake config files
[0.842s] DEBUG:colcon.colcon_core.event_handler.log_command:Invoked command in '/home/dong/Documents/LIMO_GAZEBO/ws_limo_humble/build/limo_base' returned '0': AMENT_PREFIX_PATH=/home/dong/Documents/LIMO_GAZEBO/ws_limo_humble/install/limo_msgs:${AMENT_PREFIX_PATH} CMAKE_PREFIX_PATH=/home/dong/Documents/LIMO_GAZEBO/ws_limo_humble/install/limo_msgs:/opt/ros/humble LD_LIBRARY_PATH=/home/dong/Documents/LIMO_GAZEBO/ws_limo_humble/install/limo_msgs/lib:${LD_LIBRARY_PATH} PYTHONPATH=/home/dong/Documents/LIMO_GAZEBO/ws_limo_humble/install/limo_msgs/local/lib/python3.10/dist-packages:${PYTHONPATH} /usr/bin/cmake --install /home/dong/Documents/LIMO_GAZEBO/ws_limo_humble/build/limo_base
[0.843s] Level 1:colcon.colcon_core.shell:create_environment_hook('limo_base', 'cmake_prefix_path')
[0.843s] INFO:colcon.colcon_core.shell:Creating environment hook '/home/dong/Documents/LIMO_GAZEBO/ws_limo_humble/install/limo_base/share/limo_base/hook/cmake_prefix_path.ps1'
[0.844s] INFO:colcon.colcon_core.shell:Creating environment descriptor '/home/dong/Documents/LIMO_GAZEBO/ws_limo_humble/install/limo_base/share/limo_base/hook/cmake_prefix_path.dsv'
[0.844s] INFO:colcon.colcon_core.shell:Creating environment hook '/home/dong/Documents/LIMO_GAZEBO/ws_limo_humble/install/limo_base/share/limo_base/hook/cmake_prefix_path.sh'
[0.844s] Level 1:colcon.colcon_core.environment:checking '/home/dong/Documents/LIMO_GAZEBO/ws_limo_humble/install/limo_base/lib'
[0.844s] Level 1:colcon.colcon_core.environment:checking '/home/dong/Documents/LIMO_GAZEBO/ws_limo_humble/install/limo_base/bin'
[0.844s] Level 1:colcon.colcon_core.environment:checking '/home/dong/Documents/LIMO_GAZEBO/ws_limo_humble/install/limo_base/lib/pkgconfig/limo_base.pc'
[0.845s] Level 1:colcon.colcon_core.environment:checking '/home/dong/Documents/LIMO_GAZEBO/ws_limo_humble/install/limo_base/lib/python3.10/site-packages'
[0.845s] Level 1:colcon.colcon_core.environment:checking '/home/dong/Documents/LIMO_GAZEBO/ws_limo_humble/install/limo_base/bin'
[0.845s] INFO:colcon.colcon_core.shell:Creating package script '/home/dong/Documents/LIMO_GAZEBO/ws_limo_humble/install/limo_base/share/limo_base/package.ps1'
[0.846s] INFO:colcon.colcon_core.shell:Creating package descriptor '/home/dong/Documents/LIMO_GAZEBO/ws_limo_humble/install/limo_base/share/limo_base/package.dsv'
[0.846s] INFO:colcon.colcon_core.shell:Creating package script '/home/dong/Documents/LIMO_GAZEBO/ws_limo_humble/install/limo_base/share/limo_base/package.sh'
[0.846s] INFO:colcon.colcon_core.shell:Creating package script '/home/dong/Documents/LIMO_GAZEBO/ws_limo_humble/install/limo_base/share/limo_base/package.bash'
[0.847s] INFO:colcon.colcon_core.shell:Creating package script '/home/dong/Documents/LIMO_GAZEBO/ws_limo_humble/install/limo_base/share/limo_base/package.zsh'
[0.847s] Level 1:colcon.colcon_core.environment:create_file_with_runtime_dependencies(/home/dong/Documents/LIMO_GAZEBO/ws_limo_humble/install/limo_base/share/colcon-core/packages/limo_base)
[0.848s] Level 1:colcon.colcon_core.environment:create_environment_scripts_only(limo_base)
[0.848s] Level 1:colcon.colcon_core.environment:checking '/home/dong/Documents/LIMO_GAZEBO/ws_limo_humble/install/limo_base' for CMake module files
[0.848s] Level 1:colcon.colcon_core.environment:checking '/home/dong/Documents/LIMO_GAZEBO/ws_limo_humble/install/limo_base' for CMake config files
[0.848s] Level 1:colcon.colcon_core.shell:create_environment_hook('limo_base', 'cmake_prefix_path')
[0.849s] INFO:colcon.colcon_core.shell:Creating environment hook '/home/dong/Documents/LIMO_GAZEBO/ws_limo_humble/install/limo_base/share/limo_base/hook/cmake_prefix_path.ps1'
[0.849s] INFO:colcon.colcon_core.shell:Creating environment descriptor '/home/dong/Documents/LIMO_GAZEBO/ws_limo_humble/install/limo_base/share/limo_base/hook/cmake_prefix_path.dsv'
[0.849s] INFO:colcon.colcon_core.shell:Creating environment hook '/home/dong/Documents/LIMO_GAZEBO/ws_limo_humble/install/limo_base/share/limo_base/hook/cmake_prefix_path.sh'
[0.850s] Level 1:colcon.colcon_core.environment:checking '/home/dong/Documents/LIMO_GAZEBO/ws_limo_humble/install/limo_base/lib'
[0.850s] Level 1:colcon.colcon_core.environment:checking '/home/dong/Documents/LIMO_GAZEBO/ws_limo_humble/install/limo_base/bin'
[0.850s] Level 1:colcon.colcon_core.environment:checking '/home/dong/Documents/LIMO_GAZEBO/ws_limo_humble/install/limo_base/lib/pkgconfig/limo_base.pc'
[0.850s] Level 1:colcon.colcon_core.environment:checking '/home/dong/Documents/LIMO_GAZEBO/ws_limo_humble/install/limo_base/lib/python3.10/site-packages'
[0.850s] Level 1:colcon.colcon_core.environment:checking '/home/dong/Documents/LIMO_GAZEBO/ws_limo_humble/install/limo_base/bin'
[0.851s] INFO:colcon.colcon_core.shell:Creating package script '/home/dong/Documents/LIMO_GAZEBO/ws_limo_humble/install/limo_base/share/limo_base/package.ps1'
[0.851s] INFO:colcon.colcon_core.shell:Creating package descriptor '/home/dong/Documents/LIMO_GAZEBO/ws_limo_humble/install/limo_base/share/limo_base/package.dsv'
[0.852s] INFO:colcon.colcon_core.shell:Creating package script '/home/dong/Documents/LIMO_GAZEBO/ws_limo_humble/install/limo_base/share/limo_base/package.sh'
[0.852s] INFO:colcon.colcon_core.shell:Creating package script '/home/dong/Documents/LIMO_GAZEBO/ws_limo_humble/install/limo_base/share/limo_base/package.bash'
[0.852s] INFO:colcon.colcon_core.shell:Creating package script '/home/dong/Documents/LIMO_GAZEBO/ws_limo_humble/install/limo_base/share/limo_base/package.zsh'
[0.853s] Level 1:colcon.colcon_core.environment:create_file_with_runtime_dependencies(/home/dong/Documents/LIMO_GAZEBO/ws_limo_humble/install/limo_base/share/colcon-core/packages/limo_base)
[0.853s] DEBUG:colcon.colcon_parallel_executor.executor.parallel:closing loop
[0.853s] DEBUG:colcon.colcon_parallel_executor.executor.parallel:loop closed
[0.853s] DEBUG:colcon.colcon_parallel_executor.executor.parallel:run_until_complete finished with '0'
[0.853s] DEBUG:colcon.colcon_core.event_reactor:joining thread
[0.860s] INFO:colcon.colcon_core.plugin_system:Skipping extension 'colcon_notification.desktop_notification.notify_send': Could not find 'notify-send'
[0.860s] INFO:colcon.colcon_core.plugin_system:Skipping extension 'colcon_notification.desktop_notification.terminal_notifier': Not used on non-Darwin systems
[0.861s] INFO:colcon.colcon_core.plugin_system:Skipping extension 'colcon_notification.desktop_notification.win32': Not used on non-Windows systems
[0.861s] INFO:colcon.colcon_notification.desktop_notification:Sending desktop notification using 'notify2'
[0.863s] DEBUG:colcon.colcon_notification.desktop_notification.notify2:Failed to initialize notify2: org.freedesktop.DBus.Error.Spawn.ExecFailed: /usr/bin/dbus-launch terminated abnormally without any error message
[0.864s] DEBUG:colcon.colcon_core.event_reactor:joined thread
[0.864s] INFO:colcon.colcon_core.shell:Creating prefix script '/home/dong/Documents/LIMO_GAZEBO/ws_limo_humble/install/local_setup.ps1'
[0.866s] INFO:colcon.colcon_core.shell:Creating prefix util module '/home/dong/Documents/LIMO_GAZEBO/ws_limo_humble/install/_local_setup_util_ps1.py'
[0.867s] INFO:colcon.colcon_core.shell:Creating prefix chain script '/home/dong/Documents/LIMO_GAZEBO/ws_limo_humble/install/setup.ps1'
[0.868s] INFO:colcon.colcon_core.shell:Creating prefix script '/home/dong/Documents/LIMO_GAZEBO/ws_limo_humble/install/local_setup.sh'
[0.868s] INFO:colcon.colcon_core.shell:Creating prefix util module '/home/dong/Documents/LIMO_GAZEBO/ws_limo_humble/install/_local_setup_util_sh.py'
[0.869s] INFO:colcon.colcon_core.shell:Creating prefix chain script '/home/dong/Documents/LIMO_GAZEBO/ws_limo_humble/install/setup.sh'
[0.870s] INFO:colcon.colcon_core.shell:Creating prefix script '/home/dong/Documents/LIMO_GAZEBO/ws_limo_humble/install/local_setup.bash'
[0.871s] INFO:colcon.colcon_core.shell:Creating prefix chain script '/home/dong/Documents/LIMO_GAZEBO/ws_limo_humble/install/setup.bash'
[0.871s] INFO:colcon.colcon_core.shell:Creating prefix script '/home/dong/Documents/LIMO_GAZEBO/ws_limo_humble/install/local_setup.zsh'
[0.872s] INFO:colcon.colcon_core.shell:Creating prefix chain script '/home/dong/Documents/LIMO_GAZEBO/ws_limo_humble/install/setup.zsh'
