[0.007s] Invoking command in '/home/dong/Documents/LIMO_GAZEBO/ws_limo_humble/build/limo_base': AMENT_PREFIX_PATH=/home/dong/Documents/LIMO_GAZEBO/ws_limo_humble/install/limo_msgs:${AMENT_PREFIX_PATH} CMAKE_PREFIX_PATH=/home/dong/Documents/LIMO_GAZEBO/ws_limo_humble/install/limo_msgs:/opt/ros/humble LD_LIBRARY_PATH=/home/dong/Documents/LIMO_GAZEBO/ws_limo_humble/install/limo_msgs/lib:${LD_LIBRARY_PATH} PYTHONPATH=/home/dong/Documents/LIMO_GAZEBO/ws_limo_humble/install/limo_msgs/local/lib/python3.10/dist-packages:${PYTHONPATH} /usr/bin/cmake /home/dong/Documents/LIMO_GAZEBO/ws_limo_humble/src/limo_ros2/limo_base -DAMENT_CMAKE_SYMLINK_INSTALL=1 -DCMAKE_INSTALL_PREFIX=/home/dong/Documents/LIMO_GAZEBO/ws_limo_humble/install/limo_base
[0.051s] -- The C compiler identification is GNU 11.4.0
[0.087s] -- The CXX compiler identification is GNU 11.4.0
[0.091s] -- Detecting C compiler ABI info
[0.142s] -- Detecting C compiler ABI info - done
[0.146s] -- Check for working C compiler: /usr/bin/cc - skipped
[0.146s] -- Detecting C compile features
[0.146s] -- Detecting C compile features - done
[0.147s] -- Detecting CXX compiler ABI info
[0.203s] -- Detecting CXX compiler ABI info - done
[0.207s] -- Check for working CXX compiler: /usr/bin/c++ - skipped
[0.207s] -- Detecting CXX compile features
[0.208s] -- Detecting CXX compile features - done
[0.209s] -- Found ament_cmake: 1.3.14 (/opt/ros/humble/share/ament_cmake/cmake)
[0.306s] -- Found Python3: /usr/bin/python3 (found version "3.10.12") found components: Interpreter 
[0.335s] -- Override CMake install command with custom implementation using symlinks instead of copying resources
[0.350s] -- Found rclcpp: 16.0.19 (/opt/ros/humble/share/rclcpp/cmake)
[0.371s] -- Found rosidl_generator_c: 3.1.9 (/opt/ros/humble/share/rosidl_generator_c/cmake)
[0.374s] -- Found rosidl_adapter: 3.1.9 (/opt/ros/humble/share/rosidl_adapter/cmake)
[0.378s] -- Found rosidl_generator_cpp: 3.1.9 (/opt/ros/humble/share/rosidl_generator_cpp/cmake)
[0.384s] -- Using all available rosidl_typesupport_c: rosidl_typesupport_fastrtps_c;rosidl_typesupport_introspection_c
[0.392s] -- Using all available rosidl_typesupport_cpp: rosidl_typesupport_fastrtps_cpp;rosidl_typesupport_introspection_cpp
[0.414s] -- Found rmw_implementation_cmake: 6.1.3 (/opt/ros/humble/share/rmw_implementation_cmake/cmake)
[0.415s] -- Found rmw_fastrtps_cpp: 6.2.10 (/opt/ros/humble/share/rmw_fastrtps_cpp/cmake)
[0.480s] -- Found OpenSSL: /usr/lib/x86_64-linux-gnu/libcrypto.so (found version "3.0.2")  
[0.494s] -- Found FastRTPS: /opt/ros/humble/include  
[0.518s] -- Using RMW implementation 'rmw_fastrtps_cpp' as default
[0.523s] -- Looking for pthread.h
[0.581s] -- Looking for pthread.h - found
[0.581s] -- Performing Test CMAKE_HAVE_LIBC_PTHREAD
[0.636s] -- Performing Test CMAKE_HAVE_LIBC_PTHREAD - Success
[0.638s] -- Found Threads: TRUE  
[0.668s] -- Found geometry_msgs: 4.9.2 (/opt/ros/humble/share/geometry_msgs/cmake)
[0.672s] -- Found nav_msgs: 4.9.2 (/opt/ros/humble/share/nav_msgs/cmake)
[0.680s] -- Found sensor_msgs: 4.9.2 (/opt/ros/humble/share/sensor_msgs/cmake)
[0.689s] -- Found tf2: 0.25.22 (/opt/ros/humble/share/tf2/cmake)
[0.695s] -- Found tf2_ros: 0.25.22 (/opt/ros/humble/share/tf2_ros/cmake)
[0.738s] -- Found limo_msgs: 0.0.0 (/home/dong/Documents/LIMO_GAZEBO/ws_limo_humble/install/limo_msgs/share/limo_msgs/cmake)
[0.747s] -- Found tf2_geometry_msgs: 0.25.22 (/opt/ros/humble/share/tf2_geometry_msgs/cmake)
[0.753s] -- Found eigen3_cmake_module: 0.1.1 (/opt/ros/humble/share/eigen3_cmake_module/cmake)
[0.754s] -- Found Eigen3: TRUE (found version "3.4.0") 
[0.754s] -- Ensuring Eigen3 include directory is part of orocos-kdl CMake target
[0.755s] -- Found turtlesim: 1.4.3 (/opt/ros/humble/share/turtlesim/cmake)
[0.795s] -- Configuring done
[0.803s] -- Generating done
[0.805s] -- Build files have been written to: /home/dong/Documents/LIMO_GAZEBO/ws_limo_humble/build/limo_base
[0.812s] Invoked command in '/home/dong/Documents/LIMO_GAZEBO/ws_limo_humble/build/limo_base' returned '0': AMENT_PREFIX_PATH=/home/dong/Documents/LIMO_GAZEBO/ws_limo_humble/install/limo_msgs:${AMENT_PREFIX_PATH} CMAKE_PREFIX_PATH=/home/dong/Documents/LIMO_GAZEBO/ws_limo_humble/install/limo_msgs:/opt/ros/humble LD_LIBRARY_PATH=/home/dong/Documents/LIMO_GAZEBO/ws_limo_humble/install/limo_msgs/lib:${LD_LIBRARY_PATH} PYTHONPATH=/home/dong/Documents/LIMO_GAZEBO/ws_limo_humble/install/limo_msgs/local/lib/python3.10/dist-packages:${PYTHONPATH} /usr/bin/cmake /home/dong/Documents/LIMO_GAZEBO/ws_limo_humble/src/limo_ros2/limo_base -DAMENT_CMAKE_SYMLINK_INSTALL=1 -DCMAKE_INSTALL_PREFIX=/home/dong/Documents/LIMO_GAZEBO/ws_limo_humble/install/limo_base
[0.813s] Invoking command in '/home/dong/Documents/LIMO_GAZEBO/ws_limo_humble/build/limo_base': AMENT_PREFIX_PATH=/home/dong/Documents/LIMO_GAZEBO/ws_limo_humble/install/limo_msgs:${AMENT_PREFIX_PATH} CMAKE_PREFIX_PATH=/home/dong/Documents/LIMO_GAZEBO/ws_limo_humble/install/limo_msgs:/opt/ros/humble LD_LIBRARY_PATH=/home/dong/Documents/LIMO_GAZEBO/ws_limo_humble/install/limo_msgs/lib:${LD_LIBRARY_PATH} PYTHONPATH=/home/dong/Documents/LIMO_GAZEBO/ws_limo_humble/install/limo_msgs/local/lib/python3.10/dist-packages:${PYTHONPATH} /usr/bin/cmake --build /home/dong/Documents/LIMO_GAZEBO/ws_limo_humble/build/limo_base -- -j24 -l24
[0.846s] [ 16%] [32mBuilding CXX object CMakeFiles/tf_pub.dir/src/tf_pub.cpp.o[0m
[0.848s] [ 33%] [32mBuilding CXX object CMakeFiles/limo_base.dir/src/serial_port.cpp.o[0m
[0.851s] [ 50%] [32mBuilding CXX object CMakeFiles/limo_base.dir/src/limo_base_node.cpp.o[0m
[0.852s] [ 66%] [32mBuilding CXX object CMakeFiles/limo_base.dir/src/limo_driver.cpp.o[0m
[2.100s] [01m[K/home/dong/Documents/LIMO_GAZEBO/ws_limo_humble/src/limo_ros2/limo_base/src/limo_driver.cpp:[m[K In member function ‘[01m[Kvoid AgileX::LimoDriver::parseFrame(const AgileX::LimoFrame&)[m[K’:
[2.100s] [01m[K/home/dong/Documents/LIMO_GAZEBO/ws_limo_humble/src/limo_ros2/limo_base/src/limo_driver.cpp:298:21:[m[K [01;35m[Kwarning: [m[Kunused variable ‘[01m[Kleft_wheel_odom[m[K’ [[01;35m[K-Wunused-variable[m[K]
[2.100s]   298 |             int32_t [01;35m[Kleft_wheel_odom[m[K = (frame.data[3] & 0xff) | (frame.data[2] << 8) |
[2.100s]       |                     [01;35m[K^~~~~~~~~~~~~~~[m[K
[2.100s] [01m[K/home/dong/Documents/LIMO_GAZEBO/ws_limo_humble/src/limo_ros2/limo_base/src/limo_driver.cpp:300:21:[m[K [01;35m[Kwarning: [m[Kunused variable ‘[01m[Kright_wheel_odom[m[K’ [[01;35m[K-Wunused-variable[m[K]
[2.100s]   300 |             int32_t [01;35m[Kright_wheel_odom[m[K = (frame.data[7] & 0xff) | (frame.data[6] << 8) |
[2.100s]       |                     [01;35m[K^~~~~~~~~~~~~~~~[m[K
[2.103s] [01m[K/home/dong/Documents/LIMO_GAZEBO/ws_limo_humble/src/limo_ros2/limo_base/src/limo_driver.cpp:[m[K In member function ‘[01m[Kvoid AgileX::LimoDriver::publishIMUData(double)[m[K’:
[2.103s] [01m[K/home/dong/Documents/LIMO_GAZEBO/ws_limo_humble/src/limo_ros2/limo_base/src/limo_driver.cpp:489:16:[m[K [01;35m[Kwarning: [m[Kunused variable ‘[01m[Kpresent_theta_[m[K’ [[01;35m[K-Wunused-variable[m[K]
[2.103s]   489 |         double [01;35m[Kpresent_theta_[m[K =imu_data_.yaw;
[2.103s]       |                [01;35m[K^~~~~~~~~~~~~~[m[K
[2.103s] [01m[K/home/dong/Documents/LIMO_GAZEBO/ws_limo_humble/src/limo_ros2/limo_base/src/limo_driver.cpp:490:16:[m[K [01;35m[Kwarning: [m[Kunused variable ‘[01m[Klast_theta_[m[K’ [[01;35m[K-Wunused-variable[m[K]
[2.103s]   490 |         double [01;35m[Klast_theta_[m[K = imu_data_.yaw;
[2.103s]       |                [01;35m[K^~~~~~~~~~~[m[K
[2.785s] [ 83%] [32m[1mLinking CXX executable tf_pub[0m
[2.893s] [ 83%] Built target tf_pub
[5.356s] [100%] [32m[1mLinking CXX executable limo_base[0m
[5.607s] [100%] Built target limo_base
[5.614s] Invoked command in '/home/dong/Documents/LIMO_GAZEBO/ws_limo_humble/build/limo_base' returned '0': AMENT_PREFIX_PATH=/home/dong/Documents/LIMO_GAZEBO/ws_limo_humble/install/limo_msgs:${AMENT_PREFIX_PATH} CMAKE_PREFIX_PATH=/home/dong/Documents/LIMO_GAZEBO/ws_limo_humble/install/limo_msgs:/opt/ros/humble LD_LIBRARY_PATH=/home/dong/Documents/LIMO_GAZEBO/ws_limo_humble/install/limo_msgs/lib:${LD_LIBRARY_PATH} PYTHONPATH=/home/dong/Documents/LIMO_GAZEBO/ws_limo_humble/install/limo_msgs/local/lib/python3.10/dist-packages:${PYTHONPATH} /usr/bin/cmake --build /home/dong/Documents/LIMO_GAZEBO/ws_limo_humble/build/limo_base -- -j24 -l24
[5.615s] Invoking command in '/home/dong/Documents/LIMO_GAZEBO/ws_limo_humble/build/limo_base': AMENT_PREFIX_PATH=/home/dong/Documents/LIMO_GAZEBO/ws_limo_humble/install/limo_msgs:${AMENT_PREFIX_PATH} CMAKE_PREFIX_PATH=/home/dong/Documents/LIMO_GAZEBO/ws_limo_humble/install/limo_msgs:/opt/ros/humble LD_LIBRARY_PATH=/home/dong/Documents/LIMO_GAZEBO/ws_limo_humble/install/limo_msgs/lib:${LD_LIBRARY_PATH} PYTHONPATH=/home/dong/Documents/LIMO_GAZEBO/ws_limo_humble/install/limo_msgs/local/lib/python3.10/dist-packages:${PYTHONPATH} /usr/bin/cmake --install /home/dong/Documents/LIMO_GAZEBO/ws_limo_humble/build/limo_base
[5.623s] -- Install configuration: ""
[5.623s] -- Execute custom install script
[5.623s] -- Symlinking: /home/dong/Documents/LIMO_GAZEBO/ws_limo_humble/install/limo_base/include/limo_base/limo_driver.h
[5.627s] -- Symlinking: /home/dong/Documents/LIMO_GAZEBO/ws_limo_humble/install/limo_base/include/limo_base/limo_protocol.h
[5.631s] -- Symlinking: /home/dong/Documents/LIMO_GAZEBO/ws_limo_humble/install/limo_base/include/limo_base/serial_port.h
[5.635s] -- Symlinking: /home/dong/Documents/LIMO_GAZEBO/ws_limo_humble/install/limo_base/lib/limo_base/limo_base
[5.640s] -- Symlinking: /home/dong/Documents/LIMO_GAZEBO/ws_limo_humble/install/limo_base/lib/limo_base/tf_pub
[5.644s] -- Symlinking: /home/dong/Documents/LIMO_GAZEBO/ws_limo_humble/install/limo_base/share/limo_base//launch/limo_base.launch.py
[5.651s] -- Symlinking: /home/dong/Documents/LIMO_GAZEBO/ws_limo_humble/install/limo_base/share/limo_base//launch/open_ydlidar_launch.py
[5.655s] -- Symlinking: /home/dong/Documents/LIMO_GAZEBO/ws_limo_humble/install/limo_base/share/limo_base//launch/start_limo.launch.py
[5.659s] -- Symlinking: /home/dong/Documents/LIMO_GAZEBO/ws_limo_humble/install/limo_base/share/limo_base//src/limo_base_node.cpp
[5.666s] -- Symlinking: /home/dong/Documents/LIMO_GAZEBO/ws_limo_humble/install/limo_base/share/limo_base//src/limo_driver.cpp
[5.666s] -- Symlinking: /home/dong/Documents/LIMO_GAZEBO/ws_limo_humble/install/limo_base/share/limo_base//src/serial_port.cpp
[5.672s] -- Symlinking: /home/dong/Documents/LIMO_GAZEBO/ws_limo_humble/install/limo_base/share/limo_base//src/tf_pub.cpp
[5.680s] -- Symlinking: /home/dong/Documents/LIMO_GAZEBO/ws_limo_humble/install/limo_base/share/ament_index/resource_index/package_run_dependencies/limo_base
[5.685s] -- Symlinking: /home/dong/Documents/LIMO_GAZEBO/ws_limo_humble/install/limo_base/share/ament_index/resource_index/parent_prefix_path/limo_base
[5.690s] -- Symlinking: /home/dong/Documents/LIMO_GAZEBO/ws_limo_humble/install/limo_base/share/limo_base/environment/ament_prefix_path.sh
[5.695s] -- Symlinking: /home/dong/Documents/LIMO_GAZEBO/ws_limo_humble/install/limo_base/share/limo_base/environment/ament_prefix_path.dsv
[5.699s] -- Symlinking: /home/dong/Documents/LIMO_GAZEBO/ws_limo_humble/install/limo_base/share/limo_base/environment/path.sh
[5.704s] -- Symlinking: /home/dong/Documents/LIMO_GAZEBO/ws_limo_humble/install/limo_base/share/limo_base/environment/path.dsv
[5.710s] -- Symlinking: /home/dong/Documents/LIMO_GAZEBO/ws_limo_humble/install/limo_base/share/limo_base/local_setup.bash
[5.715s] -- Symlinking: /home/dong/Documents/LIMO_GAZEBO/ws_limo_humble/install/limo_base/share/limo_base/local_setup.sh
[5.718s] -- Symlinking: /home/dong/Documents/LIMO_GAZEBO/ws_limo_humble/install/limo_base/share/limo_base/local_setup.zsh
[5.722s] -- Symlinking: /home/dong/Documents/LIMO_GAZEBO/ws_limo_humble/install/limo_base/share/limo_base/local_setup.dsv
[5.726s] -- Symlinking: /home/dong/Documents/LIMO_GAZEBO/ws_limo_humble/install/limo_base/share/limo_base/package.dsv
[5.730s] -- Symlinking: /home/dong/Documents/LIMO_GAZEBO/ws_limo_humble/install/limo_base/share/ament_index/resource_index/packages/limo_base
[5.737s] -- Symlinking: /home/dong/Documents/LIMO_GAZEBO/ws_limo_humble/install/limo_base/share/limo_base/cmake/ament_cmake_export_include_directories-extras.cmake
[5.741s] -- Symlinking: /home/dong/Documents/LIMO_GAZEBO/ws_limo_humble/install/limo_base/share/limo_base/cmake/limo_baseConfig.cmake
[5.745s] -- Symlinking: /home/dong/Documents/LIMO_GAZEBO/ws_limo_humble/install/limo_base/share/limo_base/cmake/limo_baseConfig-version.cmake
[5.751s] -- Symlinking: /home/dong/Documents/LIMO_GAZEBO/ws_limo_humble/install/limo_base/share/limo_base/package.xml
[5.756s] Invoked command in '/home/dong/Documents/LIMO_GAZEBO/ws_limo_humble/build/limo_base' returned '0': AMENT_PREFIX_PATH=/home/dong/Documents/LIMO_GAZEBO/ws_limo_humble/install/limo_msgs:${AMENT_PREFIX_PATH} CMAKE_PREFIX_PATH=/home/dong/Documents/LIMO_GAZEBO/ws_limo_humble/install/limo_msgs:/opt/ros/humble LD_LIBRARY_PATH=/home/dong/Documents/LIMO_GAZEBO/ws_limo_humble/install/limo_msgs/lib:${LD_LIBRARY_PATH} PYTHONPATH=/home/dong/Documents/LIMO_GAZEBO/ws_limo_humble/install/limo_msgs/local/lib/python3.10/dist-packages:${PYTHONPATH} /usr/bin/cmake --install /home/dong/Documents/LIMO_GAZEBO/ws_limo_humble/build/limo_base
